Processing macros/sb_protocol_data.C...
sb_protocol_data: MC from /data/uboone/processed/sb_pi0/, detector variations POT-normalised

==== CONTROL-REGION PROTOCOL STATISTICS on the BEAM-ON DATA (FHC runs 1,4,5; RHC runs 1,3,4; no Run 2) ====
mode  region      N_data    N_pred     sig%     EXT% | pull(full) pull(st+det)  sigma(full)/N | fail@95%
fhc   CC0pi      10660.0   10015.7              8.4% |       0.35       3.06          18.4% |    10.3%
fhc   multipi      109.0      94.9              4.1% |       0.45       0.81          33.2% |    66.0%
fhc   pi0         6291.0    5431.1              8.7% |       0.71       7.08          22.3% |    14.0%
fhc   cosmic        92.0      99.9             29.7% |      -0.46      -0.61          17.2% |    50.5%
rhc   CC0pi      12047.0   10876.6              7.8% |       0.63       4.73          17.2% |    10.0%
rhc   multipi      136.0     126.1              2.9% |       0.25       0.43          31.3% |    66.1%
rhc   pi0         8092.0    6725.4              6.8% |       0.97       8.96          20.9% |    13.1%
rhc   cosmic       120.0     116.5             21.6% |       0.18       0.24          16.6% |    50.6%
GLOBAL normalisation chi2 = 6.03 / 8 dof, p = 0.644 (pass if p>0.05)
blind spot: a COMMON normalisation shift of all eight totals fails the global test only beyond 50.2%
prediction correlation (full pre-fit covariance):
  fhc CC0pi     1.00  0.63  0.83  0.58  0.99  0.55  0.83  0.56
  fhc multipi   0.63  1.00  0.78  0.41  0.63  0.77  0.81  0.43
  fhc pi0       0.83  0.78  1.00  0.60  0.81  0.77  0.98  0.60
  fhc cosmic    0.58  0.41  0.60  1.00  0.58  0.51  0.56  0.45
  rhc CC0pi     0.99  0.63  0.81  0.58  1.00  0.54  0.82  0.55
  rhc multipi   0.55  0.77  0.77  0.51  0.54  1.00  0.76  0.50
  rhc pi0       0.83  0.81  0.98  0.56  0.82  0.76  1.00  0.60
  rhc cosmic    0.56  0.43  0.60  0.45  0.55  0.50  0.60  1.00

(b) normalisation-marginalised shape tests of the frozen distributions:
mode  distribution    bins  chi2/ndf        p
fhc   cc0pi_pmu          7  13.87/6     0.031
fhc   cc0pi_costh        5   6.24/4     0.182
fhc   multipi_pmu        7   6.42/6     0.378
fhc   multipi_costh      5   1.69/4     0.792
fhc   multipi_oa         6   0.69/5     0.983
fhc   pi0_pmu            7  29.56/6     0.000
fhc   pi0_costh          5   0.50/4     0.973
fhc   pi0_shr           10   6.87/9     0.650
fhc   cosmic_pmu         7   4.52/6     0.607
fhc   cosmic_costh       5   2.42/4     0.659
fhc   cosmic_oa          4   2.22/3     0.527
rhc   cc0pi_pmu          7  52.45/6     0.000
rhc   cc0pi_costh        5   5.14/4     0.273
rhc   multipi_pmu        7  10.27/6     0.114
rhc   multipi_costh      5   2.53/4     0.639
rhc   multipi_oa         6   0.65/5     0.985
rhc   pi0_pmu            7  66.23/6     0.000
rhc   pi0_costh          5   1.30/4     0.861
rhc   pi0_shr           10   7.21/9     0.615
rhc   cosmic_pmu         7   7.71/6     0.260
rhc   cosmic_costh       5   1.11/4     0.893
rhc   cosmic_oa          4   5.46/3     0.141

(a) pulls: full = pre-fit prediction covariance + data Poisson; st+det = MC/EXT/dirt/data statistics + detector knobs only.
(c) fail@95%: fractional shift of that region's total that alone brings the global chi2 to its 95% point (15.51/8).
