Processing macros/sb_protocol.C...

==== CONTROL-REGION PROTOCOL STATISTICS on the full-stack pseudo-data (seed 20260903) ====
mode  region      N_data    N_pred     sig%     EXT% | pull(full) pull(st+det)  sigma(full)/N | fail@95%
fhc   CC0pi      11988.0   12112.3              8.9% |      -0.04      -0.05          26.5% |    11.7%
fhc   multipi      111.0     116.2              4.7% |      -0.13      -0.22          34.2% |    57.4%
fhc   pi0         6464.0    6552.8              9.4% |      -0.05      -0.07          29.4% |    12.6%
fhc   cosmic       139.0     124.0             32.5% |       0.60       0.72          20.1% |    47.8%
rhc   CC0pi      14262.0   14332.7              8.5% |      -0.03      -0.06          18.6% |    11.5%
rhc   multipi      183.0     166.5              3.6% |       0.31       0.49          32.4% |    61.5%
rhc   pi0         9010.0    8881.2              7.6% |       0.07       0.21          21.7% |    11.9%
rhc   cosmic       163.0     159.1             26.1% |       0.16       0.22          15.0% |    44.5%
GLOBAL normalisation chi2 = 2.29 / 8 dof, p = 0.971 (pass if p>0.05)
blind spot: a COMMON normalisation shift of all eight totals fails the global test only beyond 49.6%
prediction correlation (full pre-fit covariance):
  fhc CC0pi     1.00  0.70  0.91  0.74  0.81  0.40  0.67  0.45
  fhc multipi   0.70  1.00  0.83  0.56  0.69  0.73  0.84  0.46
  fhc pi0       0.91  0.83  1.00  0.75  0.74  0.59  0.83  0.52
  fhc cosmic    0.74  0.56  0.75  1.00  0.65  0.48  0.62  0.48
  rhc CC0pi     0.81  0.69  0.74  0.65  1.00  0.62  0.84  0.57
  rhc multipi   0.40  0.73  0.59  0.48  0.62  1.00  0.81  0.56
  rhc pi0       0.67  0.84  0.83  0.62  0.84  0.81  1.00  0.62
  rhc cosmic    0.45  0.46  0.52  0.48  0.57  0.56  0.62  1.00

(b) normalisation-marginalised shape tests of the frozen distributions:
mode  distribution    bins  chi2/ndf        p
fhc   cc0pi_pmu          7   7.66/6     0.264
fhc   cc0pi_costh        5   0.57/4     0.967
fhc   multipi_pmu        7   1.33/6     0.970
fhc   multipi_costh      5   0.56/4     0.967
fhc   multipi_oa         6   1.23/5     0.942
fhc   pi0_pmu            7   1.79/6     0.938
fhc   pi0_costh          5   0.21/4     0.995
fhc   pi0_shr           10   0.93/9     1.000
fhc   cosmic_pmu         7   2.28/6     0.892
fhc   cosmic_costh       5   1.35/4     0.852
fhc   cosmic_oa          4   5.74/3     0.125
rhc   cc0pi_pmu          7   0.38/6     0.999
rhc   cc0pi_costh        5   0.04/4     1.000
rhc   multipi_pmu        7   2.38/6     0.881
rhc   multipi_costh      5   0.91/4     0.923
rhc   multipi_oa         6   4.00/5     0.550
rhc   pi0_pmu            7   1.38/6     0.967
rhc   pi0_costh          5   1.63/4     0.804
rhc   pi0_shr           10   2.29/9     0.986
rhc   cosmic_pmu         7   1.85/6     0.933
rhc   cosmic_costh       5   1.13/4     0.889
rhc   cosmic_oa          4   1.31/3     0.727

(a) pulls: full = pre-fit prediction covariance + data Poisson; st+det = MC/EXT/dirt/data statistics + detector knobs only.
(c) fail@95%: fractional shift of that region's total that alone brings the global chi2 to its 95% point (15.51/8).
