Processing macros/total_xsec_counting.C...

=== CC1mu1piXp FHC ===  num_Ar=8.7103e+29  conv=4607.65  (dataPOT=7.7660e+20 flux/POT=6.81159e-10)
  N_sig_gen=4752.7  N_sig_sel=832.9  eff=0.1753
  N_bkg=590.0 (MC 560.3 + EXT 23.2 + dirt 6.6)  N_sel=1423.0  purity=0.585
  sigma_count = 1.0315 +/- 0.4265  (syst 41.1% (+) data-stat 4.5% = 41.3%)  [1e-38 cm^2/Ar]   (N_sig_gen/conv = 1.0315)
  generators [1e-38 cm^2/Ar]:  genie=0.823(0.5 sig)  gibuu=1.128(-0.2 sig)  neut=1.318(-0.7 sig)  nuwro=1.253(-0.5 sig)

=== CC1mu1piXp RHC ===  num_Ar=8.7103e+29  conv=6222.62  (dataPOT=1.1082e+21 flux/POT=6.44646e-10)
  N_sig_gen=5777.7  N_sig_sel=1015.4  eff=0.1757
  N_bkg=752.4 (MC 719.8 + EXT 23.2 + dirt 9.5)  N_sel=1767.8  purity=0.574
  sigma_count = 0.9285 +/- 0.4150  (syst 44.5% (+) data-stat 4.1% = 44.7%)  [1e-38 cm^2/Ar]   (N_sig_gen/conv = 0.9285)
  generators [1e-38 cm^2/Ar]:  genie=0.669(0.6 sig)  gibuu=0.941(-0.0 sig)  neut=1.105(-0.4 sig)  nuwro=1.040(-0.3 sig)

=== CC1mu1piXp Combined ===  num_Ar=8.7103e+29  conv=10830.27  (dataPOT=1.8848e+21 flux/POT=6.59691e-10)
  N_sig_gen=10530.4  N_sig_sel=1848.3  eff=0.1755
  N_bkg=1342.5 (MC 1280.1 + EXT 46.4 + dirt 16.0)  N_sel=3190.8  purity=0.579
  sigma_count = 0.9723 +/- 0.3959  (syst 40.6% (+) data-stat 3.1% = 40.7%)  [1e-38 cm^2/Ar]   (N_sig_gen/conv = 0.9723)
  generators [1e-38 cm^2/Ar]:  genie=0.735(0.6 sig)  gibuu=1.021(-0.1 sig)  neut=1.196(-0.6 sig)  nuwro=1.130(-0.4 sig)

=== CC1mu1pi1p FHC ===  num_Ar=8.7103e+29  conv=4607.65  (dataPOT=7.7660e+20 flux/POT=6.81159e-10)
  N_sig_gen=2888.4  N_sig_sel=331.4  eff=0.1147
  N_bkg=307.3 (MC 298.3 + EXT 6.8 + dirt 2.1)  N_sel=638.7  purity=0.519
  sigma_count = 0.6269 +/- 0.3127  (syst 49.3% (+) data-stat 7.6% = 49.9%)  [1e-38 cm^2/Ar]   (N_sig_gen/conv = 0.6269)

=== CC1mu1pi1p RHC ===  num_Ar=8.7103e+29  conv=6222.62  (dataPOT=1.1082e+21 flux/POT=6.44646e-10)
  N_sig_gen=3426.6  N_sig_sel=391.4  eff=0.1142
  N_bkg=396.6 (MC 387.7 + EXT 7.1 + dirt 1.8)  N_sel=788.1  purity=0.497
  sigma_count = 0.5507 +/- 0.2108  (syst 37.6% (+) data-stat 7.2% = 38.3%)  [1e-38 cm^2/Ar]   (N_sig_gen/conv = 0.5507)

=== CC1mu1pi1p Combined ===  num_Ar=8.7103e+29  conv=10830.27  (dataPOT=1.8848e+21 flux/POT=6.59691e-10)
  N_sig_gen=6315.0  N_sig_sel=722.8  eff=0.1145
  N_bkg=703.9 (MC 686.1 + EXT 13.9 + dirt 3.9)  N_sel=1426.7  purity=0.507
  sigma_count = 0.5831 +/- 0.2468  (syst 42.0% (+) data-stat 5.2% = 42.3%)  [1e-38 cm^2/Ar]   (N_sig_gen/conv = 0.5831)
