/home/t2k/nowak/MicroBooNE/working_xsec_analyzer/xsec_analyzer/bkgfit/fit.py:17: IMinuitWarning: Hesse called with all parameters fixed
  m.migrad(); m.hesse()
totals | all periods | none                      chi2     4.75/  6 p=0.576  
totals | all periods | CC0pi                     chi2     4.73/  5 p=0.449  CC0pi=0.975+-0.191
totals | all periods | CC0pi+pi0                 chi2     1.88/  4 p=0.757  CC0pi=1.227+-0.242  pi0=1.578+-0.341
   LR CC0pi vs none: delta chi2 0.02/1 p=0.893
   LR CC0pi+pi0 vs none: delta chi2 2.87/2 p=0.238
totals | no FHC R1 | none                        chi2     1.95/  6 p=0.925  
totals | no FHC R1 | CC0pi                       chi2     1.94/  5 p=0.857  CC0pi=1.013+-0.192
totals | no FHC R1 | CC0pi+pi0                   chi2     0.66/  4 p=0.957  CC0pi=1.183+-0.243  pi0=1.386+-0.339
   LR CC0pi vs none: delta chi2 0.00/1 p=0.946
   LR CC0pi+pi0 vs none: delta chi2 1.29/2 p=0.524
totals | per period + f_FHC_R1 | none            chi2    19.04/ 17 p=0.326  f_FHC_R1=0.862+-0.021
totals | per period + f_FHC_R1 | CC0pi+pi0       chi2    18.04/ 15 p=0.261  CC0pi=1.224+-0.230  pi0=1.288+-0.348  f_FHC_R1=0.880+-0.024
totals FHC-vs-RHC LR (no R1): delta chi2 0.48/2 p=0.786; split {'CC0pi_FHC': 1.219, 'CC0pi_RHC': 1.185, 'pi0_FHC': 1.436, 'pi0_RHC': 1.44}
2D | all periods | none                          chi2   307.63/ 86 p=1.1e-26  
2D | all periods | CC0pi                         chi2   306.84/ 85 p=7.67e-27  CC0pi=0.875+-0.140
2D | all periods | CC0pi+pi0                     chi2   281.69/ 84 p=3.58e-23  CC0pi=1.269+-0.161  pi0=2.047+-0.208
2D | all periods | CC0pi+pi0 nu/nubar            chi2   263.08/ 82 p=7.56e-21  CC0pi_nu=1.269+-0.164  CC0pi_nubar=0.641+-0.611  pi0_nu=2.475+-0.231  pi0_nubar=0.000+-0.350
2D | all periods | all classes                   chi2   277.22/ 82 p=5.11e-23  CC0pi=1.104+-0.190  pi0=1.541+-0.329  multipi=2.953+-1.251  other=0.571+-0.239
   LR CC0pi vs none: delta chi2 0.79/1 p=0.375
   LR CC0pi+pi0 vs none: delta chi2 25.94/2 p=2.33e-06
2D | no FHC R1 | none                            chi2   264.88/ 86 p=4.19e-20  
2D | no FHC R1 | CC0pi                           chi2   263.57/ 85 p=3.7e-20  CC0pi=0.836+-0.143
2D | no FHC R1 | CC0pi+pi0                       chi2   249.51/ 84 p=2.53e-18  CC0pi=1.133+-0.163  pi0=1.786+-0.209
2D | no FHC R1 | CC0pi+pi0 nu/nubar              chi2   234.04/ 82 p=1.5e-16  CC0pi_nu=1.178+-0.167  CC0pi_nubar=0.237+-0.600  pi0_nu=2.186+-0.234  pi0_nubar=0.000+-0.315
2D | no FHC R1 | all classes                     chi2   245.59/ 82 p=3.13e-18  CC0pi=0.991+-0.190  pi0=1.344+-0.321  multipi=2.682+-1.240  other=0.592+-0.237
   LR CC0pi vs none: delta chi2 1.31/1 p=0.252
   LR CC0pi+pi0 vs none: delta chi2 15.37/2 p=0.000459
2D | per period + f_FHC_R1 | none                chi2   537.23/257 p=6.33e-22  f_FHC_R1=0.846+-0.020
2D | per period + f_FHC_R1 | CC0pi+pi0           chi2   523.57/255 p=1.09e-20  CC0pi=1.064+-0.144  pi0=1.670+-0.194  f_FHC_R1=0.875+-0.020
2D FHC-vs-RHC LR (no R1): delta chi2 5.68/2 p=0.0584; split {'CC0pi_FHC': 1.242, 'CC0pi_RHC': 1.139, 'pi0_FHC': 2.016, 'pi0_RHC': 1.911}
global test [as frozen: multisims, unscaled detector | all periods]: chi2 3.48/8 p=0.901; pulls full [ 0.26  0.43  0.55 -0.38  0.6   0.24  0.95  0.18]; st+det [ 0.35  0.7   0.83 -0.45  1.48  0.37  3.14  0.25]; detector frac [0.195 0.177 0.196 0.133 0.076 0.186 0.065 0.064]
global test [multisims, corrected detector | all periods]: chi2 6.40/8 p=0.602; pulls full [ 0.37  0.45  0.74 -0.47  0.66  0.26  0.99  0.19]; st+det [ 3.18  0.81  9.47 -0.62  4.9   0.48  9.18  0.26]; detector frac [0.018 0.142 0.007 0.057 0.02  0.132 0.018 0.051]
global test [full model, corrected detector | all periods]: chi2 5.46/8 p=0.707; pulls full [ 0.35  0.45  0.72 -0.43  0.62  0.26  0.98  0.17]; st+det [ 3.18  0.81  9.47 -0.62  4.9   0.48  9.18  0.26]; detector frac [0.018 0.142 0.007 0.057 0.02  0.132 0.018 0.051]
global test [as frozen: multisims, unscaled detector | no FHC R1]: chi2 4.17/8 p=0.842; pulls full [ 0.5   0.14  0.67 -0.12  0.6   0.24  0.95  0.18]; st+det [ 0.68  0.23  1.01 -0.14  1.48  0.37  3.14  0.25]; detector frac [0.199 0.181 0.201 0.144 0.076 0.186 0.065 0.064]
global test [multisims, corrected detector | no FHC R1]: chi2 3.55/8 p=0.895; pulls full [ 0.73  0.15  0.89 -0.15  0.66  0.26  0.99  0.19]; st+det [ 5.66  0.26  9.74 -0.19  4.97  0.49  9.18  0.25]; detector frac [0.019 0.151 0.007 0.063 0.02  0.129 0.018 0.056]
global test [full model, corrected detector | no FHC R1]: chi2 3.39/8 p=0.908; pulls full [ 0.7   0.15  0.87 -0.14  0.62  0.26  0.98  0.17]; st+det [ 5.66  0.26  9.74 -0.19  4.97  0.49  9.18  0.25]; detector frac [0.019 0.151 0.007 0.063 0.02  0.129 0.018 0.056]
conditional SR total prediction from totals (FHC, RHC): prior [ 787.8 1343.6] +- [210.9 332.9] -> posterior [ 924.8 1557.1] +- [ 83.9 139.2]
conditional SR total prediction from 2D (FHC, RHC): prior [ 787.8 1343.6] +- [211.5 333.2] -> posterior [ 913.4 1530.4] +- [57.2 93.3]
wrote /home/t2k/nowak/MicroBooNE/working_xsec_analyzer/xsec_analyzer/../logs/crdirtfix/bkgfit/data.json
