full exposure | FHC | CC0pi                             CC0pi=0.148
full exposure | FHC | CC0pi+pi0                         CC0pi=0.188  pi0=0.262  max|corr|=0.61
full exposure | FHC | CC0pi nu/nubar                    CC0pi_nu=0.160  CC0pi_nubar=0.929  max|corr|=0.22
full exposure | FHC | CC0pi+pi0 nu/nubar                CC0pi_nu=0.197  CC0pi_nubar=0.946  pi0_nu=0.284  pi0_nubar=0.738  max|corr|=0.47
full exposure | FHC | all classes                       CC0pi=0.222  pi0=0.459  multipi=2.075  other=0.298  max|corr|=0.76
full exposure | RHC | CC0pi                             CC0pi=0.151
full exposure | RHC | CC0pi+pi0                         CC0pi=0.170  pi0=0.232  max|corr|=0.46
full exposure | RHC | CC0pi nu/nubar                    CC0pi_nu=0.170  CC0pi_nubar=0.761  max|corr|=0.28
full exposure | RHC | CC0pi+pi0 nu/nubar                CC0pi_nu=0.185  CC0pi_nubar=0.793  pi0_nu=0.282  pi0_nubar=1.026  max|corr|=0.36
full exposure | RHC | all classes                       CC0pi=0.205  pi0=0.398  multipi=1.720  other=0.266  max|corr|=0.74
full exposure | FHC+RHC | CC0pi                         CC0pi=0.137
full exposure | FHC+RHC | CC0pi+pi0                     CC0pi=0.154  pi0=0.198  max|corr|=0.45
full exposure | FHC+RHC | CC0pi nu/nubar                CC0pi_nu=0.144  CC0pi_nubar=0.610  max|corr|=0.10
full exposure | FHC+RHC | CC0pi+pi0 nu/nubar            CC0pi_nu=0.162  CC0pi_nubar=0.618  pi0_nu=0.219  pi0_nubar=0.596  max|corr|=0.35
full exposure | FHC+RHC | all classes                   CC0pi=0.185  pi0=0.317  multipi=1.233  other=0.226  max|corr|=0.70

== expected relative uncertainty on the one-bin total, full exposure
  FHC: prior flux=0.300  prior xsec_multi=0.077  prior reint=0.039  prior xsec_AxFFCCQEshape=0.003  prior xsec_DecayAngMEC=0.002  prior xsec_NormCCCOH=0.008  prior xsec_NormNCCOH=0.000  prior xsec_RPA_CCQE=0.014  prior xsec_ThetaDelta2NRad=0.000  prior xsec_Theta_Delta2Npi=0.052  prior xsec_VecFFCCQEshape=0.009  prior xsec_XSecShape_CCMEC=0.028  prior xsec_xsr_scc_Fa3_SCC=0.020  prior xsec_xsr_scc_Fv3_SCC=0.019  prior detector=0.146  prior POT+targets=0.037  prior MC stat=0.015  prior data stat=0.045  prior total=0.356  conditional (A)=0.115  fit CC0pi (B)=0.121  fit CC0pi+pi0 (B)=0.138  fit CC0pi nu/nubar (B)=0.122  fit CC0pi+pi0 nu/nubar (B)=0.139  fit all classes (B)=0.226  B/S=0.701
  RHC: prior flux=0.278  prior xsec_multi=0.079  prior reint=0.038  prior xsec_AxFFCCQEshape=0.003  prior xsec_DecayAngMEC=0.006  prior xsec_NormCCCOH=0.010  prior xsec_NormNCCOH=0.000  prior xsec_RPA_CCQE=0.013  prior xsec_ThetaDelta2NRad=0.000  prior xsec_Theta_Delta2Npi=0.025  prior xsec_VecFFCCQEshape=0.008  prior xsec_XSecShape_CCMEC=0.023  prior xsec_xsr_scc_Fa3_SCC=0.028  prior xsec_xsr_scc_Fv3_SCC=0.028  prior detector=0.148  prior POT+targets=0.038  prior MC stat=0.013  prior data stat=0.041  prior total=0.336  conditional (A)=0.113  fit CC0pi (B)=0.119  fit CC0pi+pi0 (B)=0.136  fit CC0pi nu/nubar (B)=0.119  fit CC0pi+pi0 nu/nubar (B)=0.136  fit all classes (B)=0.237  B/S=0.732
data periods | FHC | CC0pi                              CC0pi=0.151
data periods | FHC | CC0pi+pi0                          CC0pi=0.196  pi0=0.275  max|corr|=0.64
data periods | FHC | CC0pi nu/nubar                     CC0pi_nu=0.164  CC0pi_nubar=0.945  max|corr|=0.23
data periods | FHC | CC0pi+pi0 nu/nubar                 CC0pi_nu=0.206  CC0pi_nubar=0.962  pi0_nu=0.300  pi0_nubar=0.778  max|corr|=0.49
data periods | FHC | all classes                        CC0pi=0.226  pi0=0.481  multipi=2.234  other=0.313  max|corr|=0.77
data periods | RHC | CC0pi                              CC0pi=0.156
data periods | RHC | CC0pi+pi0                          CC0pi=0.178  pi0=0.241  max|corr|=0.48
data periods | RHC | CC0pi nu/nubar                     CC0pi_nu=0.178  CC0pi_nubar=0.770  max|corr|=0.29
data periods | RHC | CC0pi+pi0 nu/nubar                 CC0pi_nu=0.194  CC0pi_nubar=0.794  pi0_nu=0.305  pi0_nubar=1.082  max|corr|=0.42
data periods | RHC | all classes                        CC0pi=0.209  pi0=0.405  multipi=1.775  other=0.281  max|corr|=0.74
data periods | FHC+RHC | CC0pi                          CC0pi=0.141
data periods | FHC+RHC | CC0pi+pi0                      CC0pi=0.161  pi0=0.209  max|corr|=0.49
data periods | FHC+RHC | CC0pi nu/nubar                 CC0pi_nu=0.149  CC0pi_nubar=0.624  max|corr|=0.11
data periods | FHC+RHC | CC0pi+pi0 nu/nubar             CC0pi_nu=0.170  CC0pi_nubar=0.630  pi0_nu=0.233  pi0_nubar=0.637  max|corr|=0.38
data periods | FHC+RHC | all classes                    CC0pi=0.190  pi0=0.330  multipi=1.312  other=0.240  max|corr|=0.71

== expected relative uncertainty on the one-bin total, data periods
  FHC: prior flux=0.301  prior xsec_multi=0.077  prior reint=0.038  prior xsec_AxFFCCQEshape=0.003  prior xsec_DecayAngMEC=0.002  prior xsec_NormCCCOH=0.008  prior xsec_NormNCCOH=0.000  prior xsec_RPA_CCQE=0.014  prior xsec_ThetaDelta2NRad=0.000  prior xsec_Theta_Delta2Npi=0.060  prior xsec_VecFFCCQEshape=0.009  prior xsec_XSecShape_CCMEC=0.028  prior xsec_xsr_scc_Fa3_SCC=0.020  prior xsec_xsr_scc_Fv3_SCC=0.019  prior detector=0.146  prior POT+targets=0.037  prior MC stat=0.018  prior data stat=0.050  prior total=0.359  conditional (A)=0.122  fit CC0pi (B)=0.128  fit CC0pi+pi0 (B)=0.146  fit CC0pi nu/nubar (B)=0.129  fit CC0pi+pi0 nu/nubar (B)=0.147  fit all classes (B)=0.239  B/S=0.708
  RHC: prior flux=0.279  prior xsec_multi=0.078  prior reint=0.039  prior xsec_AxFFCCQEshape=0.003  prior xsec_DecayAngMEC=0.008  prior xsec_NormCCCOH=0.011  prior xsec_NormNCCOH=0.000  prior xsec_RPA_CCQE=0.012  prior xsec_ThetaDelta2NRad=0.000  prior xsec_Theta_Delta2Npi=0.026  prior xsec_VecFFCCQEshape=0.008  prior xsec_XSecShape_CCMEC=0.023  prior xsec_xsr_scc_Fa3_SCC=0.030  prior xsec_xsr_scc_Fv3_SCC=0.030  prior detector=0.148  prior POT+targets=0.038  prior MC stat=0.015  prior data stat=0.047  prior total=0.339  conditional (A)=0.121  fit CC0pi (B)=0.127  fit CC0pi+pi0 (B)=0.145  fit CC0pi nu/nubar (B)=0.127  fit CC0pi+pi0 nu/nubar (B)=0.146  fit all classes (B)=0.253  B/S=0.739
wrote /home/t2k/nowak/MicroBooNE/working_xsec_analyzer/xsec_analyzer/../logs/crdirtfix/bkgfit/sensitivity.json
