wrote /home/t2k/nowak/MicroBooNE/working_xsec_analyzer/xsec_analyzer/../logs/crdirtfix/bkgfit/composition.json

full exposure FHC
  SR       N=  1416.9 EXT  1.2% nubar(all nu) 15.6% | signal 58.8% (nubar  17%)  CC0pi 15.1% (nubar   9%)  pi0  4.0% (nubar  16%)  multipi  9.0% (nubar  18%)  other 11.4% (nubar  14%)
  CC0pi    N= 11629.6 EXT  6.9% nubar(all nu) 11.8% | signal  8.3% (nubar  18%)  CC0pi 65.6% (nubar  10%)  pi0  3.3% (nubar  13%)  multipi  1.6% (nubar  18%)  other 11.4% (nubar  18%)
  pi0      N=  6196.9 EXT  7.3% nubar(all nu) 13.0% | signal  9.2% (nubar  15%)  CC0pi 14.1% (nubar  12%)  pi0 46.0% (nubar  13%)  multipi  9.1% (nubar  14%)  other 12.8% (nubar  14%)
  multipi  N=   114.7 EXT  3.4% nubar(all nu) 14.3% | signal 23.5% (nubar  11%)  CC0pi  1.9% (nubar  30%)  pi0 16.8% (nubar  16%)  multipi 45.0% (nubar  16%)  other  8.9% (nubar  11%)
  cosmic   N=   113.5 EXT 26.2% nubar(all nu) 19.3% | signal  4.5% (nubar  24%)  CC0pi 17.6% (nubar  21%)  pi0  2.4% (nubar  10%)  multipi  3.1% (nubar  18%)  other 30.0% (nubar  19%)

full exposure RHC
  SR       N=  1758.6 EXT  0.8% nubar(all nu) 18.7% | signal 57.7% (nubar  22%)  CC0pi 14.6% (nubar  12%)  pi0  4.6% (nubar  15%)  multipi 10.0% (nubar  17%)  other 11.7% (nubar  16%)
  CC0pi    N= 13671.9 EXT  5.9% nubar(all nu) 15.4% | signal  8.7% (nubar  22%)  CC0pi 65.1% (nubar  13%)  pi0  3.5% (nubar  16%)  multipi  1.7% (nubar  17%)  other 11.9% (nubar  22%)
  pi0      N=  8380.4 EXT  5.3% nubar(all nu) 12.3% | signal  9.1% (nubar  15%)  CC0pi 13.2% (nubar  15%)  pi0 47.8% (nubar  11%)  multipi 10.3% (nubar  11%)  other 13.0% (nubar  13%)
  multipi  N=   164.2 EXT  2.2% nubar(all nu) 11.8% | signal 21.3% (nubar  12%)  CC0pi  1.5% (nubar  15%)  pi0 18.9% (nubar  10%)  multipi 43.8% (nubar  12%)  other 11.4% (nubar  12%)
  cosmic   N=   142.9 EXT 17.7% nubar(all nu) 21.7% | signal  4.5% (nubar  22%)  CC0pi 18.0% (nubar  31%)  pi0  2.5% (nubar  11%)  multipi  2.9% (nubar  14%)  other 29.4% (nubar  18%)

data periods FHC
  SR       N=  1176.0 EXT  1.5% nubar(all nu) 15.5% | signal 58.5% (nubar  17%)  CC0pi 15.2% (nubar   8%)  pi0  4.1% (nubar  16%)  multipi  8.9% (nubar  18%)  other 11.4% (nubar  14%)
  CC0pi    N=  9807.2 EXT  8.2% nubar(all nu) 11.8% | signal  8.3% (nubar  18%)  CC0pi 64.8% (nubar  10%)  pi0  3.2% (nubar  14%)  multipi  1.6% (nubar  18%)  other 11.2% (nubar  18%)
  pi0      N=  5249.6 EXT  8.6% nubar(all nu) 12.9% | signal  9.0% (nubar  15%)  CC0pi 13.9% (nubar  12%)  pi0 45.3% (nubar  12%)  multipi  9.0% (nubar  14%)  other 12.7% (nubar  14%)
  multipi  N=    94.9 EXT  4.1% nubar(all nu) 14.3% | signal 22.7% (nubar  11%)  CC0pi  2.0% (nubar  29%)  pi0 17.3% (nubar  14%)  multipi 44.6% (nubar  16%)  other  9.1% (nubar  12%)
  cosmic   N=    99.9 EXT 29.7% nubar(all nu) 19.3% | signal  4.2% (nubar  27%)  CC0pi 17.1% (nubar  20%)  pi0  2.5% (nubar   4%)  multipi  2.8% (nubar  19%)  other 27.9% (nubar  19%)

data periods RHC
  SR       N=  1343.6 EXT  1.0% nubar(all nu) 19.0% | signal 57.5% (nubar  22%)  CC0pi 14.7% (nubar  13%)  pi0  4.5% (nubar  15%)  multipi 10.0% (nubar  17%)  other 11.8% (nubar  16%)
  CC0pi    N= 10639.6 EXT  7.6% nubar(all nu) 15.4% | signal  8.5% (nubar  21%)  CC0pi 64.0% (nubar  13%)  pi0  3.5% (nubar  16%)  multipi  1.7% (nubar  17%)  other 11.7% (nubar  22%)
  pi0      N=  6504.7 EXT  6.8% nubar(all nu) 12.3% | signal  9.0% (nubar  15%)  CC0pi 13.1% (nubar  15%)  pi0 47.0% (nubar  11%)  multipi 10.1% (nubar  11%)  other 12.8% (nubar  13%)
  multipi  N=   126.1 EXT  2.9% nubar(all nu) 12.0% | signal 21.5% (nubar  12%)  CC0pi  1.5% (nubar  17%)  pi0 18.7% (nubar  12%)  multipi 42.6% (nubar  11%)  other 12.0% (nubar  13%)
  cosmic   N=   116.5 EXT 21.6% nubar(all nu) 21.9% | signal  4.3% (nubar  23%)  CC0pi 17.8% (nubar  31%)  pi0  2.4% (nubar  12%)  multipi  2.9% (nubar  16%)  other 26.6% (nubar  17%)
