== FHC_R1 done
== FHC_R2 skipped (no beam-on file)
== FHC_R4 done
/home/t2k/nowak/MicroBooNE/working_xsec_analyzer/xsec_analyzer/bkgfit/farsb.py:135: RuntimeWarning: invalid value encountered in multiply
  d['w'] = safe(g('tuned_cv_weight', 1.) * g('ppfx_cv_weight', 1.) * g('normalisation_weight', 1.))
== FHC_R5 done
== RHC_R1 done
== RHC_R2 skipped (no beam-on file)
== RHC_R3 done
== RHC_R4 done

variant                           pred     data      d/p  signal %   kept %   background composition [%]
near (sb_cc0pi)                20892.4    22707     1.09      8.3%   100.0%   CC0pi=69 pi0=4 multipi=2 other=13 EXT+dirt=12
far: muon is only non-proton   11741.8    13202     1.12      2.2%    56.2%   CC0pi=84 pi0=3 multipi=1 other=10 EXT+dirt=3
far: + exactly one proton       7921.6     8941     1.13      1.7%    37.9%   CC0pi=87 pi0=2 multipi=0 other=8 EXT+dirt=3

near (sb_pi0)                  12156.5    14383     1.18      8.9%   100.0%   CC0pi=14 pi0=50 multipi=10 other=15 EXT+dirt=10
far: >=2 showers                6291.0     7648     1.22      6.2%    51.8%   CC0pi=8 pi0=65 multipi=9 other=11 EXT+dirt=7
far: >=3 showers                2232.7     2997     1.34      4.2%    18.4%   CC0pi=4 pi0=74 multipi=8 other=10 EXT+dirt=5

near (sb_multipi)                220.9      245     1.11     22.0%   100.0%   CC0pi=2 pi0=23 multipi=56 other=14 EXT+dirt=5
far: >=4 primary tracks           92.6      101     1.09     11.9%    41.9%   CC0pi=2 pi0=20 multipi=66 other=11 EXT+dirt=2

near (sb_cosmic)                 216.4      212     0.98      4.2%   100.0%   CC0pi=18 pi0=3 multipi=3 other=28 EXT+dirt=48
far: theta_mupi > 2.9            135.3      107     0.79      2.4%    62.5%   CC0pi=23 pi0=2 multipi=2 other=17 EXT+dirt=58
far: theta_mupi > 3.0            105.8       80     0.76      2.5%    48.9%   CC0pi=25 pi0=1 multipi=1 other=15 EXT+dirt=58

