Processing macros/pi0final/sb_pi0_final_yields.C("fhc")...

==== fhc: pi0 region, two definitions (CV-weighted, POT/gate-scaled)
                                   without final cut (frozen)     with final cut removed by the cut
signal                                          582.2              526.3               55.9
CC+NC pi0 (target)                             2931.2             2615.7              315.5
numuCC 0pi                                      886.8              836.1               50.8
other nu (non-target)                          2333.8             2036.7              297.1
all nu-MC                                      5847.1             5178.6              668.5
without final cut (frozen): beam-off 612.8  dirt 92.8  full stack 6552.8
with final cut: beam-off 577.2  dirt 87.2  full stack 5843.0
removed by the cut: beam-off 35.6  dirt 5.7  full stack 709.8
target purity (of nu-MC)                        50.1%              50.5%
target share (of full stack)                    44.7%              44.8%
signal contamination (of nu-MC)                 10.0%              10.2%
beam-off share (of full stack)                   9.4%               9.9%
overlap with multi-pi (nu-MC events)               41.5               41.5
T(target) = N_SR/N_CR                          0.0195             0.0219
leverage non-target/target                      0.796              0.779
leverage signal/target                          0.199              0.201
kept fraction with the final cut: nu-MC 0.886, target 0.892, signal 0.904, beam-off 0.942
shape shr_energy_cali: kept vs removed, unit-area chi2/nbins = 11.80/10 (independent samples, MC-stat only)
E_shr unit-area shares, kept | removed: 0.438|0.421 0.249|0.257 0.130|0.136 0.070|0.075 0.040|0.040 0.027|0.025 0.018|0.018 0.013|0.015 0.009|0.008 0.006|0.006
shape CC1mu1piXp_sb_nprimtrk: kept vs removed, unit-area chi2/nbins = 42524.25/6 (independent samples, MC-stat only)
shape CC1mu1piXp_sb_nnonproton: kept vs removed, unit-area chi2/nbins = 8461.98/7 (independent samples, MC-stat only)
Info in <TCanvas::Print>: pdf file ../report/figures/sb_pi0_final_fhc.pdf has been created
