Processing macros/pi0final/sb_pi0_final_yields.C("rhc")...

==== rhc: pi0 region, two definitions (CV-weighted, POT/gate-scaled)
                                   without final cut (frozen)     with final cut removed by the cut
signal                                          779.6              697.9               81.7
CC+NC pi0 (target)                             4117.6             3566.5              551.1
numuCC 0pi                                     1116.7             1041.1               75.6
other nu (non-target)                          3182.7             2677.8              504.9
all nu-MC                                      8079.9             6942.2             1137.8
without final cut (frozen): beam-off 677.7  dirt 123.6  full stack 8881.2
with final cut: beam-off 632.2  dirt 119.0  full stack 7693.4
removed by the cut: beam-off 45.5  dirt 4.6  full stack 1187.8
target purity (of nu-MC)                        51.0%              51.4%
target share (of full stack)                    46.4%              46.4%
signal contamination (of nu-MC)                  9.6%              10.1%
beam-off share (of full stack)                   7.6%               8.2%
overlap with multi-pi (nu-MC events)               68.1               68.1
T(target) = N_SR/N_CR                          0.0197             0.0227
leverage non-target/target                      0.773              0.751
leverage signal/target                          0.189              0.196
kept fraction with the final cut: nu-MC 0.859, target 0.866, signal 0.895, beam-off 0.933
shape shr_energy_cali: kept vs removed, unit-area chi2/nbins = 120.94/10 (independent samples, MC-stat only)
E_shr unit-area shares, kept | removed: 0.409|0.362 0.243|0.258 0.133|0.145 0.075|0.088 0.046|0.050 0.032|0.035 0.023|0.023 0.017|0.015 0.013|0.013 0.009|0.010
shape CC1mu1piXp_sb_nprimtrk: kept vs removed, unit-area chi2/nbins = 71956.75/6 (independent samples, MC-stat only)
shape CC1mu1piXp_sb_nnonproton: kept vs removed, unit-area chi2/nbins = 18689.37/7 (independent samples, MC-stat only)
Info in <TCanvas::Print>: pdf file ../report/figures/sb_pi0_final_rhc.pdf has been created
