                           region     nu MC  beam-off      dirt     data

--- assumed: open trigger POT + open trigger gates: 3.283e20 POT, 9846635 triggers
                            CC0pi    4519.0     667.6     182.1     3319   data/pred = 0.618
                              pi0    2405.2     395.9      38.4     2005   data/pred = 0.706
                         multi-pi      39.7       4.2       0.4       40   data/pred = 0.903
                           cosmic      30.3      29.5       7.2       36   data/pred = 0.538

--- neither: 2.192e20 POT + 5.75M gates: 2.192e20 POT, 5748692 triggers
                            CC0pi    3017.3     389.7     121.6     3319   data/pred = 0.941
                              pi0    1605.9     231.1      25.7     2005   data/pred = 1.076
                         multi-pi      26.5       2.5       0.3       40   data/pred = 1.368
                           cosmic      20.2      17.2       4.8       36   data/pred = 0.853

--- mixed: open POT + non-open gates: 3.283e20 POT, 5748692 triggers
                            CC0pi    4519.0     389.7     182.1     3319   data/pred = 0.652
                              pi0    2405.2     231.1      38.4     2005   data/pred = 0.750
                         multi-pi      39.7       2.5       0.4       40   data/pred = 0.940
                           cosmic      30.3      17.2       7.2       36   data/pred = 0.659

--- mixed: non-open POT + open gates: 2.192e20 POT, 9846635 triggers
                            CC0pi    3017.3     667.6     121.6     3319   data/pred = 0.872
                              pi0    1605.9     395.9      25.7     2005   data/pred = 0.989
                         multi-pi      26.5       4.2       0.3       40   data/pred = 1.291
                           cosmic      20.2      29.5       4.8       36   data/pred = 0.661

--- repo pairing: 3.283e20 + 7.81M gates: 3.283e20 POT, 7809962 triggers
                            CC0pi    4519.0     529.5     182.1     3319   data/pred = 0.635
                              pi0    2405.2     314.0      38.4     2005   data/pred = 0.727
                         multi-pi      39.7       3.3       0.4       40   data/pred = 0.921
                           cosmic      30.3      23.4       7.2       36   data/pred = 0.592

--- non-open POT + 7.81M gates: 2.192e20 POT, 7809962 triggers
                            CC0pi    3017.3     529.5     121.6     3319   data/pred = 0.905
                              pi0    1605.9     314.0      25.7     2005   data/pred = 1.031
                         multi-pi      26.5       3.3       0.3       40   data/pred = 1.328
                           cosmic      20.2      23.4       4.8       36   data/pred = 0.744
