Processing macros/sb_plots_data.C("rhc",false)...

==== rhc control regions, BEAM-ON DATA (Runs 1, 3, 4 (no Run-2 beam-on); 76.6% of the mode exposure) ====
region/var           data       pred   signal   nu bkg beam-off     dirt   data/pred
cc0pi_pmu           12047    10876.6    915.2   8763.9    846.7    350.9      1.108
cc0pi_costh         12047    10876.6    915.2   8763.9    846.7    350.9      1.108
multipi_pmu           136      126.1     27.1     94.3      3.6      1.1      1.079
multipi_costh         136      126.1     27.1     94.3      3.6      1.1      1.079
multipi_oa            136      126.1     27.1     94.3      3.6      1.1      1.079
pi0_pmu              8092     6725.4    594.0   5578.8    459.7     92.8      1.203
pi0_costh            8092     6725.4    594.0   5578.8    459.7     92.8      1.203
pi0_shr              8092     6725.4    594.0   5578.8    459.7     92.8      1.203
cosmic_pmu            120      116.5      5.0     58.0     25.2     28.3      1.030
cosmic_costh          120      116.5      5.0     58.0     25.2     28.3      1.030
cosmic_oa             120      116.5      5.0     58.0     25.2     28.3      1.030
Info in <TCanvas::Print>: pdf file ../report/figures/sideband_data_rhc.pdf has been created
wrote sideband_data_rhc.pdf
Processing macros/sb_plots_data.C("rhc",true)...

==== rhc control regions, BEAM-ON DATA (Runs 1, 3, 4 (no Run-2 beam-on); 76.6% of the mode exposure) ====
region/var           data       pred   signal   nu bkg beam-off     dirt   data/pred
cc0pi_pmu           12047    10876.6    915.2   8763.9    846.7    350.9      1.108
multipi_pmu           136      126.1     27.1     94.3      3.6      1.1      1.079
pi0_shr              8092     6725.4    594.0   5578.8    459.7     92.8      1.203
cosmic_oa             120      116.5      5.0     58.0     25.2     28.3      1.030
Info in <TCanvas::Print>: pdf file ../report/figures/sideband_data_rhc_compact.pdf has been created
wrote sideband_data_rhc_compact.pdf
