Processing macros/sb_plots_data.C("fhc",false)...

==== fhc control regions, BEAM-ON DATA (Runs 1, 4, 5 (no Run-2 beam-on); 83.7% of the mode exposure) ====
region/var           data       pred   signal   nu bkg beam-off     dirt   data/pred
cc0pi_pmu           10660    10015.7    826.0   8077.3    840.3    272.1      1.064
cc0pi_costh         10660    10015.7    826.0   8077.3    840.3    272.1      1.064
multipi_pmu           109       94.9     21.5     69.2      3.9      0.3      1.149
multipi_costh         109       94.9     21.5     69.2      3.9      0.3      1.149
multipi_oa            109       94.9     21.5     69.2      3.9      0.3      1.149
pi0_pmu              6291     5431.1    482.9   4399.5    470.7     78.0      1.158
pi0_costh            6291     5431.1    482.9   4399.5    470.7     78.0      1.158
pi0_shr              6291     5431.1    482.9   4399.5    470.7     78.0      1.158
cosmic_pmu             92       99.9      4.2     50.3     29.7     15.8      0.921
cosmic_costh           92       99.9      4.2     50.3     29.7     15.8      0.921
cosmic_oa              92       99.9      4.2     50.3     29.7     15.8      0.921
Info in <TCanvas::Print>: pdf file ../report/figures/sideband_data_fhc.pdf has been created
wrote sideband_data_fhc.pdf
Processing macros/sb_plots_data.C("fhc",true)...

==== fhc control regions, BEAM-ON DATA (Runs 1, 4, 5 (no Run-2 beam-on); 83.7% of the mode exposure) ====
region/var           data       pred   signal   nu bkg beam-off     dirt   data/pred
cc0pi_pmu           10660    10015.7    826.0   8077.3    840.3    272.1      1.064
multipi_pmu           109       94.9     21.5     69.2      3.9      0.3      1.149
pi0_shr              6291     5431.1    482.9   4399.5    470.7     78.0      1.158
cosmic_oa              92       99.9      4.2     50.3     29.7     15.8      0.921
Info in <TCanvas::Print>: pdf file ../report/figures/sideband_data_fhc_compact.pdf has been created
wrote sideband_data_fhc_compact.pdf
