Processing macros/bkgfit_templates.C+("/data/uboone/processed/bkgfit_dirtfix")...
Info in <TUnixSystem::ACLiC>: creating shared library /home/t2k/nowak/MicroBooNE/working_xsec_analyzer/xsec_analyzer/./macros/bkgfit_templates_C.so
lto-wrapper: warning: using serial compilation of 2 LTRANS jobs
lto-wrapper: warning: using serial compilation of 2 LTRANS jobs
== period FHC_R1
   mc /data/uboone/processed/sb_pi0/xsec-ana-Run1_fhc_new_numi_flux_fhc_pandora_ntuple.root
== period FHC_R2
   mc /data/uboone/processed/sb_pi0/xsec-ana-Run2_fhc_new_numi_flux_fhc_pandora_ntuple.root
== period FHC_R4
   mc /data/uboone/processed/sb_pi0/xsec-ana-Run4_fhc_new_numi_flux_fhc_pandora_ntuple.root
== period FHC_R5
   mc /data/uboone/processed/sb_pi0/xsec-ana-reweightedPPFX_numi_nu_overlay_pion_ntuples_run5_fhc.root
== period RHC_R1
   mc /data/uboone/processed/sb_pi0/xsec-ana-Run1_rhc_new_numi_flux_rhc_pandora_ntuple.root
== period RHC_R2
   mc /data/uboone/processed/sb_pi0/xsec-ana-Run2_rhc_new_numi_flux_rhc_pandora_ntuple.root
== period RHC_R3
   mc /data/uboone/processed/sb_pi0/xsec-ana-Run3_rhc_new_numi_flux_rhc_pandora_ntuple_aa.root
   mc /data/uboone/processed/sb_pi0/xsec-ana-Run3_rhc_new_numi_flux_rhc_pandora_ntuple_ab.root
   mc /data/uboone/processed/sb_pi0/xsec-ana-Run3_rhc_new_numi_flux_rhc_pandora_ntuple_ac.root
   mc /data/uboone/processed/sb_pi0/xsec-ana-Run3_rhc_new_numi_flux_rhc_pandora_ntuple_ad.root
   mc /data/uboone/processed/sb_pi0/xsec-ana-Run3_rhc_new_numi_flux_rhc_pandora_ntuple_ae.root
== period RHC_R4
   mc /data/uboone/processed/sb_pi0/xsec-ana-Run4a_rhc_new_numi_flux_rhc_pandora_ntuple.root
   mc /data/uboone/processed/sb_pi0/xsec-ana-Run4b_rhc_new_numi_flux_rhc_pandora_ntuple.root
   mc /data/uboone/processed/sb_pi0/xsec-ana-Run4c_rhc_new_numi_flux_rhc_pandora_ntuple.root
   detvar run4fhc CV
   detvar run4fhc LYdown
   detvar run4fhc LYrayl
   detvar run4fhc Recomb2
   detvar run4fhc SCE
   detvar run4fhc WMAngleXZ
   detvar run4fhc WMAngleYZ
   detvar run4fhc WMX
   detvar run4fhc WMYZ
   detvar run4rhc CV
   detvar run4rhc LYdown
   detvar run4rhc LYrayl
   detvar run4rhc Recomb2
   detvar run4rhc SCE
   detvar run4rhc WMAngleXZ
   detvar run4rhc WMAngleYZ
   detvar run4rhc WMX
   detvar run4rhc WMYZ
wrote /data/uboone/processed/bkgfit_dirtfix/templates.root  universes: flux=600 reint=1000 xsec_AxFFCCQEshape=2 xsec_DecayAngMEC=2 xsec_NormCCCOH=2 xsec_NormNCCOH=2 xsec_RPA_CCQE=2 xsec_ThetaDelta2NRad=2 xsec_Theta_Delta2Npi=2 xsec_VecFFCCQEshape=2 xsec_XSecShape_CCMEC=2 xsec_multi=600 xsec_xsr_scc_Fa3_SCC=10 xsec_xsr_scc_Fv3_SCC=10 
