
Running Unfolder.C with options:
	XSEC_Config: configs/ccpi_xsec_config_numi_ppi2bin_fhc5.txt
	SLICE_Config: configs/ccpi_ppi_slice_config_2bin.txt
	OutputDirectory: /data/uboone/processed/
	OutputFileName: xsec_FHC5_ppi2bin.root


Loading default file properties from /home/t2k/nowak/MicroBooNE/working_xsec_analyzer/xsec_analyzer/configs/file_properties.txt
Loading file properties from configs/file_properties_numi_fhc5.txt
CrossSectionExtracter initialised with options:
	xsec_extract_tconfig_file_name: configs/ccpi_xsec_config_numi_ppi2bin_fhc5.txt
	syst_config_file_name: configs/ccpi_systcalc_numi.conf
	file_properties_config: configs/file_properties_numi_fhc5.txt
	unfolding_tech: WienerSVD
		Option: Second Derivative
	univ_file_name: /data/uboone/processed/ccpi_FHC5_ppi2bin_univmake.root
	Predictions - 
		 0 - Prediction uBTune "MicroBooNE Tune" univ CV
		 1 - Prediction FakeData "Fakedata" univ FakeData
		 2 - Prediction GENIE "GENIE" file /home/t2k/nowak/MicroBooNE/working_xsec_analyzer/generator_predictions/newg4/genie_newg4_fte.root ppi_fte
		 3 - Prediction GiBUU "GiBUU" file /home/t2k/nowak/MicroBooNE/working_xsec_analyzer/generator_predictions/newg4/gibuu_newg4_fte.root ppi_fte
		 4 - Prediction NEUT "NEUT" file /home/t2k/nowak/MicroBooNE/working_xsec_analyzer/generator_predictions/newg4/neut_newg4_fte.root ppi_fte
		 5 - Prediction NuWro "NuWro" file /home/t2k/nowak/MicroBooNE/working_xsec_analyzer/generator_predictions/newg4/nuwro_newg4_fte.root ppi_fte


We do get in here but something goes wrong 
respmat_tdirectoryfile_name given to SystematicsCalculator is empty. Using default: ccpi_CC1mu1piXp_ppi_1D

Initialising SystematicsCalculator with options:
	syst_config_file_name_: configs/ccpi_systcalc_numi.conf
	universe_file_name: /data/uboone/processed/ccpi_FHC5_ppi2bin_univmake.root
	fpm_config_file: configs+file_properties_numi_fhc5.txt
	tdf_name: ccpi_CC1mu1piXp_ppi_1D


Reusing cached universes "total_configs+file_properties_numi_fhc5.txt" (normalisation key v5-fakedata-truth-unweighted-51fe5554df3edefe).
******* USING FAKE DATA *******
using_fake_data = 1

Initialising SliceBinning object
	config_file_name: configs/ccpi_ppi_slice_config_2bin.txt
	Number of variables used in slicing: 2
	Number of slices requested: 2

Slice Specifications ---------------- 

Slice Index: 0
	Active variable: p_{#pi}
	Number of bins: 2 - 
		Bin 1: 0.175  (GeV/c) ≤ p_{#pi} < 0.205  (GeV/c)
		Bin 2: 0.205  (GeV/c) ≤ p_{#pi} < 1  (GeV/c)
	Bin matching between slice TH1 and global TH1 - 
		Global bin 0 is matched to 1 in this slice
		Global bin 1 is matched to 2 in this slice

Slice Index: 1
	Active variable: bin number
	Number of bins: 2 - 
		Bin 1: 0  ≤ bin number < 1 
		Bin 2: 1  ≤ bin number < 2 
	Bin matching between slice TH1 and global TH1 - 
		Global bin 0 is matched to 1 in this slice
		Global bin 1 is matched to 2 in this slice
[REGWIDTH] supplied 2 true-bin widths to the regularisation matrix
Get covariances statement 1 works
This is the name fluxThis is the type FluxRW
Get covariances statement 8 works
This is the name reintThis is the type RW
Get covariances statement 8 works
This is the name xsec_multiThis is the type RW
Get covariances statement 8 works
This is the name xsec_AxFFCCQEshapeThis is the type RW
Get covariances statement 8 works
This is the name xsec_DecayAngMECThis is the type RW
Get covariances statement 8 works
This is the name xsec_NormCCCOHThis is the type RW
Get covariances statement 8 works
This is the name xsec_NormNCCOHThis is the type RW
Get covariances statement 8 works
This is the name xsec_RPA_CCQEThis is the type RW
Get covariances statement 8 works
This is the name xsec_ThetaDelta2NRadThis is the type RW
Get covariances statement 8 works
This is the name xsec_Theta_Delta2NpiThis is the type RW
Get covariances statement 8 works
This is the name xsec_VecFFCCQEshapeThis is the type RW
Get covariances statement 8 works
This is the name xsec_XSecShape_CCMECThis is the type RW
Get covariances statement 8 works
This is the name xsec_xsr_scc_Fa3_SCCThis is the type RW
Get covariances statement 8 works
This is the name xsec_xsr_scc_Fv3_SCCThis is the type RW
Get covariances statement 8 works
This is the name detVarLYdownThis is the type DV
Get covariances statement 7 works
This is the name detVarLYraylThis is the type DV
Get covariances statement 7 works
This is the name detVarRecomb2This is the type DV
Get covariances statement 7 works
This is the name detVarSCEThis is the type DV
Get covariances statement 7 works
This is the name detVarWMAngleXZThis is the type DV
Get covariances statement 7 works
This is the name detVarWMAngleYZThis is the type DV
Get covariances statement 7 works
This is the name detVarWMXThis is the type DV
Get covariances statement 7 works
This is the name detVarWMYZThis is the type DV
Get covariances statement 7 works
This is the name POTThis is the type MCFullCorr
Get covariances statement 5 works
This is the name numTargetsThis is the type MCFullCorr
Get covariances statement 5 works
This is the name MCstatsThis is the type MCstat
Get covariances statement 3 works
This is the name EXTstatsThis is the type EXTstat
Get covariances statement 4 works
This is the name BNBstatsThis is the type BNBstat
Get covariances statement 4 works
This is the name xsec_unisimThis is the type sum
Get covariances statement 2 works
This is the name xsec_totalThis is the type sum
Get covariances statement 2 works
This is the name flux_totalThis is the type sum
Get covariances statement 2 works
This is the name detVar_totalThis is the type sum
Get covariances statement 2 works
This is the name DataStatsThis is the type sum
Get covariances statement 2 works
This is the name SimulationStatsThis is the type sum
Get covariances statement 2 works
This is the name PredTotalThis is the type sum
Get covariances statement 2 works
This is the name totalThis is the type sum
Get covariances statement 2 works
Get covariances statement 11 works

Starting the unfolding -----------------
Get covariances statement 1 works
This is the name fluxThis is the type FluxRW
Get covariances statement 8 works
This is the name reintThis is the type RW
Get covariances statement 8 works
This is the name xsec_multiThis is the type RW
Get covariances statement 8 works
This is the name xsec_AxFFCCQEshapeThis is the type RW
Get covariances statement 8 works
This is the name xsec_DecayAngMECThis is the type RW
Get covariances statement 8 works
This is the name xsec_NormCCCOHThis is the type RW
Get covariances statement 8 works
This is the name xsec_NormNCCOHThis is the type RW
Get covariances statement 8 works
This is the name xsec_RPA_CCQEThis is the type RW
Get covariances statement 8 works
This is the name xsec_ThetaDelta2NRadThis is the type RW
Get covariances statement 8 works
This is the name xsec_Theta_Delta2NpiThis is the type RW
Get covariances statement 8 works
This is the name xsec_VecFFCCQEshapeThis is the type RW
Get covariances statement 8 works
This is the name xsec_XSecShape_CCMECThis is the type RW
Get covariances statement 8 works
This is the name xsec_xsr_scc_Fa3_SCCThis is the type RW
Get covariances statement 8 works
This is the name xsec_xsr_scc_Fv3_SCCThis is the type RW
Get covariances statement 8 works
This is the name detVarLYdownThis is the type DV
Get covariances statement 7 works
This is the name detVarLYraylThis is the type DV
Get covariances statement 7 works
This is the name detVarRecomb2This is the type DV
Get covariances statement 7 works
This is the name detVarSCEThis is the type DV
Get covariances statement 7 works
This is the name detVarWMAngleXZThis is the type DV
Get covariances statement 7 works
This is the name detVarWMAngleYZThis is the type DV
Get covariances statement 7 works
This is the name detVarWMXThis is the type DV
Get covariances statement 7 works
This is the name detVarWMYZThis is the type DV
Get covariances statement 7 works
This is the name POTThis is the type MCFullCorr
Get covariances statement 5 works
This is the name numTargetsThis is the type MCFullCorr
Get covariances statement 5 works
This is the name MCstatsThis is the type MCstat
Get covariances statement 3 works
This is the name EXTstatsThis is the type EXTstat
Get covariances statement 4 works
This is the name BNBstatsThis is the type BNBstat
Get covariances statement 4 works
This is the name xsec_unisimThis is the type sum
Get covariances statement 2 works
This is the name xsec_totalThis is the type sum
Get covariances statement 2 works
This is the name flux_totalThis is the type sum
Get covariances statement 2 works
This is the name detVar_totalThis is the type sum
Get covariances statement 2 works
This is the name DataStatsThis is the type sum
Get covariances statement 2 works
This is the name SimulationStatsThis is the type sum
Get covariances statement 2 works
This is the name PredTotalThis is the type sum
Get covariances statement 2 works
This is the name totalThis is the type sum
Get covariances statement 2 works
Get covariances statement 11 works
Unfolding completed -----------------

Post-processing covariance matrices..
Creating Norm/Shape covariance matrices for 1 blocks(s)
	- Creating Norm/shape decomposition for block: 0
BNBstats: 0.000328829
DataStats: 0.000328829
EXTstats: 5.01657e-06
MCstats: 3.38207e-05
POT: 6.63746e-06
PredTotal: 0.0013514
SimulationStats: 3.88373e-05
detVarLYdown: 6.6808e-09
detVarLYrayl: 3.17703e-05
detVarRecomb2: 0.000340014
detVarSCE: 1.89284e-05
detVarWMAngleXZ: 1.10465e-05
detVarWMAngleYZ: 1.9014e-05
detVarWMX: 0.000164147
detVarWMYZ: 9.1441e-07
detVar_total: 0.000585842
flux: 0.000457233
flux_total: 0.000457233
numTargets: 1.65937e-06
reint: 0.000100141
total: 0.00168023
total_blockwise_mixed: 0.000258755
total_blockwise_norm: 0.000180371
total_blockwise_shape: 0.0012411
xsec_AxFFCCQEshape: 3.23059e-08
xsec_DecayAngMEC: 1.30992e-06
xsec_NormCCCOH: 1.2798e-06
xsec_NormNCCOH: 3.00869e-08
xsec_RPA_CCQE: 8.82459e-08
xsec_ThetaDelta2NRad: 3.00869e-08
xsec_Theta_Delta2Npi: 2.14808e-06
xsec_VecFFCCQEshape: 3.591e-08
xsec_XSecShape_CCMEC: 1.08013e-05
xsec_multi: 7.86531e-05
xsec_total: 0.000161049
xsec_unisim: 1.57558e-05
xsec_xsr_scc_Fa3_SCC: 3.36048e-05
xsec_xsr_scc_Fv3_SCC: 3.30353e-05
[IDENTITY] bins 2  max|U*R - A_C| 1.255e-08  rms 6.285e-09  max|A_C| 8.677e-01  relative 1.446e-08
Key: Fakedata
Key: GENIE
Key: GiBUU
Key: MicroBooNETune
Key: NEUT
Key: NuWro
[SYSTDUMP] sigma_int 8.643e-01
[SYSTDUMP] BNBstats 2.792e+01
[SYSTDUMP] DataStats 2.792e+01
[SYSTDUMP] EXTstats 3.394e+00
[SYSTDUMP] MCstats 8.916e+00
[SYSTDUMP] POT 4.951e+00
[SYSTDUMP] PredTotal 6.694e+01
[SYSTDUMP] SimulationStats 9.540e+00
[SYSTDUMP] detVarLYdown 8.377e-01
[SYSTDUMP] detVarLYrayl 9.760e+00
[SYSTDUMP] detVarRecomb2 3.106e+01
[SYSTDUMP] detVarSCE 6.955e+00
[SYSTDUMP] detVarWMAngleXZ 7.055e+00
[SYSTDUMP] detVarWMAngleYZ 1.017e+01
[SYSTDUMP] detVarWMX 1.954e+01
[SYSTDUMP] detVarWMYZ 2.814e+00
[SYSTDUMP] detVar_total 4.143e+01
[SYSTDUMP] flux 4.231e+01
[SYSTDUMP] flux_total 4.231e+01
[SYSTDUMP] numTargets 2.475e+00
[SYSTDUMP] reint 1.654e+01
[SYSTDUMP] total 7.299e+01
[SYSTDUMP] total_blockwise_mixed 2.171e+01
[SYSTDUMP] total_blockwise_norm 3.625e+01
[SYSTDUMP] total_blockwise_shape 4.968e+01
[SYSTDUMP] xsec_AxFFCCQEshape 4.321e-01
[SYSTDUMP] xsec_DecayAngMEC 1.764e+00
[SYSTDUMP] xsec_NormCCCOH 2.312e+00
[SYSTDUMP] xsec_NormNCCOH 5.021e-01
[SYSTDUMP] xsec_RPA_CCQE 1.128e+00
[SYSTDUMP] xsec_ThetaDelta2NRad 5.021e-01
[SYSTDUMP] xsec_Theta_Delta2Npi 5.219e+00
[SYSTDUMP] xsec_VecFFCCQEshape 6.292e-01
[SYSTDUMP] xsec_XSecShape_CCMEC 5.717e+00
[SYSTDUMP] xsec_multi 1.593e+01
[SYSTDUMP] xsec_total 2.254e+01
[SYSTDUMP] xsec_unisim 9.053e+00
[SYSTDUMP] xsec_xsr_scc_Fa3_SCC 7.881e+00
[SYSTDUMP] xsec_xsr_scc_Fv3_SCC 7.823e+00
[closure-dump] wrote /data/uboone/processed/closure_hists_xsec_FHC5_ppi2bin.root

GENIE: χ² = 1.444e+00/2 bins, p-value = 4.857e-01
GiBUU: χ² = 3.391e+00/2 bins, p-value = 1.835e-01
MicroBooNE Tune: χ² = 1.135e+00/2 bins, p-value = 5.670e-01
NEUT: χ² = 1.924e+00/2 bins, p-value = 3.822e-01
NuWro: χ² = 1.834e+00/2 bins, p-value = 3.997e-01
truth: χ² = 1.059e+00/2 bins, p-value = 5.890e-01
Bin: 1, Val = 1.235e+00, Unc = 1.366e+00
Bin: 2, Val = 1.041e+00, Unc = 3.676e-01
Info in <TCanvas::Print>: pdf file unfold_output/plot_ppi_0.pdf has been created
Key: Fakedata
Key: GENIE
Key: GiBUU
Key: MicroBooNETune
Key: NEUT
Key: NuWro

GENIE: χ² = 1.444e+00/2 bins, p-value = 4.857e-01
GiBUU: χ² = 3.391e+00/2 bins, p-value = 1.835e-01
MicroBooNE Tune: χ² = 1.135e+00/2 bins, p-value = 5.670e-01
NEUT: χ² = 1.924e+00/2 bins, p-value = 3.822e-01
NuWro: χ² = 1.834e+00/2 bins, p-value = 3.997e-01
truth: χ² = 1.059e+00/2 bins, p-value = 5.890e-01
Bin: 1, Val = 3.704e-02, Unc = 4.099e-02
Bin: 2, Val = 8.272e-01, Unc = 2.922e-01
Info in <TCanvas::Print>: pdf file unfold_output/plot_binnumber_1.pdf has been created
Error in <TROOT::WriteTObject>: The current directory (RootApp) is not associated with a file. The object (h_A_C) has not been written.
Info in <TCanvas::Print>: pdf file unfold_output/plot_regularization_matrix.pdf has been created
Get covariances statement 1 works
This is the name fluxThis is the type FluxRW
Get covariances statement 8 works
This is the name reintThis is the type RW
Get covariances statement 8 works
This is the name xsec_multiThis is the type RW
Get covariances statement 8 works
This is the name xsec_AxFFCCQEshapeThis is the type RW
Get covariances statement 8 works
This is the name xsec_DecayAngMECThis is the type RW
Get covariances statement 8 works
This is the name xsec_NormCCCOHThis is the type RW
Get covariances statement 8 works
This is the name xsec_NormNCCOHThis is the type RW
Get covariances statement 8 works
This is the name xsec_RPA_CCQEThis is the type RW
Get covariances statement 8 works
This is the name xsec_ThetaDelta2NRadThis is the type RW
Get covariances statement 8 works
This is the name xsec_Theta_Delta2NpiThis is the type RW
Get covariances statement 8 works
This is the name xsec_VecFFCCQEshapeThis is the type RW
Get covariances statement 8 works
This is the name xsec_XSecShape_CCMECThis is the type RW
Get covariances statement 8 works
This is the name xsec_xsr_scc_Fa3_SCCThis is the type RW
Get covariances statement 8 works
This is the name xsec_xsr_scc_Fv3_SCCThis is the type RW
Get covariances statement 8 works
This is the name detVarLYdownThis is the type DV
Get covariances statement 7 works
This is the name detVarLYraylThis is the type DV
Get covariances statement 7 works
This is the name detVarRecomb2This is the type DV
Get covariances statement 7 works
This is the name detVarSCEThis is the type DV
Get covariances statement 7 works
This is the name detVarWMAngleXZThis is the type DV
Get covariances statement 7 works
This is the name detVarWMAngleYZThis is the type DV
Get covariances statement 7 works
This is the name detVarWMXThis is the type DV
Get covariances statement 7 works
This is the name detVarWMYZThis is the type DV
Get covariances statement 7 works
This is the name POTThis is the type MCFullCorr
Get covariances statement 5 works
This is the name numTargetsThis is the type MCFullCorr
Get covariances statement 5 works
This is the name MCstatsThis is the type MCstat
Get covariances statement 3 works
This is the name EXTstatsThis is the type EXTstat
Get covariances statement 4 works
This is the name BNBstatsThis is the type BNBstat
Get covariances statement 4 works
This is the name xsec_unisimThis is the type sum
Get covariances statement 2 works
This is the name xsec_totalThis is the type sum
Get covariances statement 2 works
This is the name flux_totalThis is the type sum
Get covariances statement 2 works
This is the name detVar_totalThis is the type sum
Get covariances statement 2 works
This is the name DataStatsThis is the type sum
Get covariances statement 2 works
This is the name SimulationStatsThis is the type sum
Get covariances statement 2 works
This is the name PredTotalThis is the type sum
Get covariances statement 2 works
This is the name totalThis is the type sum
Get covariances statement 2 works
Get covariances statement 11 works
Info in <TCanvas::Print>: pdf file unfold_output/plot_step1_reco_spectrum.pdf has been created
Info in <TCanvas::Print>: pdf file unfold_output/plot_step2_bkgd_subtraction.pdf has been created
Info in <TCanvas::Print>: pdf file unfold_output/plot_step3_smearing_matrix.pdf has been created
[DIAGDUMP] column-normalised response diagonal: 0.912 0.756
Info in <TCanvas::Print>: pdf file unfold_output/plot_step4_efficiency.pdf has been created
