
Running Unfolder.C with options:
	XSEC_Config: configs/ccpi_xsec_config_numi_pmu_comb.txt
	SLICE_Config: configs/ccpi_pmu_slice_config_opt.txt
	OutputDirectory: /data/uboone/processed/
	OutputFileName: xsec_COMB_pmu.root


Loading default file properties from /home/t2k/nowak/MicroBooNE/working_xsec_analyzer/xsec_analyzer/configs/file_properties.txt
Loading file properties from configs/file_properties_numi_comb.txt
CrossSectionExtracter initialised with options:
	xsec_extract_tconfig_file_name: configs/ccpi_xsec_config_numi_pmu_comb.txt
	syst_config_file_name: configs/ccpi_systcalc_numi.conf
	file_properties_config: configs/file_properties_numi_comb.txt
	unfolding_tech: WienerSVD
		Option: Second Derivative
	univ_file_name: /data/uboone/processed/ccpi_COMB_pmu_univmake.root
	Predictions - 
		 0 - Prediction uBTune "MicroBooNE Tune" univ CV
		 1 - Prediction FakeData "Fakedata" univ FakeData
		 2 - Prediction GENIE "GENIE" file /home/t2k/nowak/MicroBooNE/working_xsec_analyzer/generator_predictions/gen2d/genie_ext_comb_fte.root pmu6_fte
		 3 - Prediction GiBUU "GiBUU" file /home/t2k/nowak/MicroBooNE/working_xsec_analyzer/generator_predictions/gen2d/gibuu_ext_comb_fte.root pmu6_fte
		 4 - Prediction NEUT "NEUT" file /home/t2k/nowak/MicroBooNE/working_xsec_analyzer/generator_predictions/gen2d/neut_ext_comb_fte.root pmu6_fte
		 5 - Prediction NuWro "NuWro" file /home/t2k/nowak/MicroBooNE/working_xsec_analyzer/generator_predictions/gen2d/nuwro_ext_comb_fte.root pmu6_fte


We do get in here but something goes wrong 
respmat_tdirectoryfile_name given to SystematicsCalculator is empty. Using default: ccpi_CC1mu1piXp_pmu_1D

Initialising SystematicsCalculator with options:
	syst_config_file_name_: configs/ccpi_systcalc_numi.conf
	universe_file_name: /data/uboone/processed/ccpi_COMB_pmu_univmake.root
	fpm_config_file: configs+file_properties_numi_comb.txt
	tdf_name: ccpi_CC1mu1piXp_pmu_1D


Reusing cached universes "total_configs+file_properties_numi_comb.txt" (normalisation key v5-fakedata-truth-unweighted-b778f4107085e9d4).
******* USING FAKE DATA *******
using_fake_data = 1

Initialising SliceBinning object
	config_file_name: configs/ccpi_pmu_slice_config_opt.txt
	Number of variables used in slicing: 2
	Number of slices requested: 2

Slice Specifications ---------------- 

Slice Index: 0
	Active variable: p_{#mu}
	Number of bins: 6 - 
		Bin 1: 0.15  (GeV/c) ≤ p_{#mu} < 0.3  (GeV/c)
		Bin 2: 0.3  (GeV/c) ≤ p_{#mu} < 0.425  (GeV/c)
		Bin 3: 0.425  (GeV/c) ≤ p_{#mu} < 0.575  (GeV/c)
		Bin 4: 0.575  (GeV/c) ≤ p_{#mu} < 0.825  (GeV/c)
		Bin 5: 0.825  (GeV/c) ≤ p_{#mu} < 1.25  (GeV/c)
		Bin 6: 1.25  (GeV/c) ≤ p_{#mu} < 3  (GeV/c)
	Bin matching between slice TH1 and global TH1 - 
		Global bin 0 is matched to 1 in this slice
		Global bin 1 is matched to 2 in this slice
		Global bin 2 is matched to 3 in this slice
		Global bin 3 is matched to 4 in this slice
		Global bin 4 is matched to 5 in this slice
		Global bin 5 is matched to 6 in this slice

Slice Index: 1
	Active variable: bin number
	Number of bins: 6 - 
		Bin 1: 0  ≤ bin number < 1 
		Bin 2: 1  ≤ bin number < 2 
		Bin 3: 2  ≤ bin number < 3 
		Bin 4: 3  ≤ bin number < 4 
		Bin 5: 4  ≤ bin number < 5 
		Bin 6: 5  ≤ bin number < 6 
	Bin matching between slice TH1 and global TH1 - 
		Global bin 0 is matched to 1 in this slice
		Global bin 1 is matched to 2 in this slice
		Global bin 2 is matched to 3 in this slice
		Global bin 3 is matched to 4 in this slice
		Global bin 4 is matched to 5 in this slice
		Global bin 5 is matched to 6 in this slice
[REGWIDTH] supplied 6 true-bin widths to the regularisation matrix
Get covariances statement 1 works
This is the name fluxThis is the type FluxRW
Get covariances statement 8 works
This is the name reintThis is the type RW
Get covariances statement 8 works
This is the name xsec_multiThis is the type RW
Get covariances statement 8 works
This is the name xsec_AxFFCCQEshapeThis is the type RW
Get covariances statement 8 works
This is the name xsec_DecayAngMECThis is the type RW
Get covariances statement 8 works
This is the name xsec_NormCCCOHThis is the type RW
Get covariances statement 8 works
This is the name xsec_NormNCCOHThis is the type RW
Get covariances statement 8 works
This is the name xsec_RPA_CCQEThis is the type RW
Get covariances statement 8 works
This is the name xsec_ThetaDelta2NRadThis is the type RW
Get covariances statement 8 works
This is the name xsec_Theta_Delta2NpiThis is the type RW
Get covariances statement 8 works
This is the name xsec_VecFFCCQEshapeThis is the type RW
Get covariances statement 8 works
This is the name xsec_XSecShape_CCMECThis is the type RW
Get covariances statement 8 works
This is the name xsec_xsr_scc_Fa3_SCCThis is the type RW
Get covariances statement 8 works
This is the name xsec_xsr_scc_Fv3_SCCThis is the type RW
Get covariances statement 8 works
This is the name detVarLYdownThis is the type DV
Get covariances statement 7 works
This is the name detVarLYraylThis is the type DV
Get covariances statement 7 works
This is the name detVarRecomb2This is the type DV
Get covariances statement 7 works
This is the name detVarSCEThis is the type DV
Get covariances statement 7 works
This is the name detVarWMAngleXZThis is the type DV
Get covariances statement 7 works
This is the name detVarWMAngleYZThis is the type DV
Get covariances statement 7 works
This is the name detVarWMXThis is the type DV
Get covariances statement 7 works
This is the name detVarWMYZThis is the type DV
Get covariances statement 7 works
This is the name POTThis is the type MCFullCorr
Get covariances statement 5 works
This is the name numTargetsThis is the type MCFullCorr
Get covariances statement 5 works
This is the name MCstatsThis is the type MCstat
Get covariances statement 3 works
This is the name EXTstatsThis is the type EXTstat
Get covariances statement 4 works
This is the name BNBstatsThis is the type BNBstat
Get covariances statement 4 works
This is the name xsec_unisimThis is the type sum
Get covariances statement 2 works
This is the name xsec_totalThis is the type sum
Get covariances statement 2 works
This is the name flux_totalThis is the type sum
Get covariances statement 2 works
This is the name detVar_totalThis is the type sum
Get covariances statement 2 works
This is the name DataStatsThis is the type sum
Get covariances statement 2 works
This is the name SimulationStatsThis is the type sum
Get covariances statement 2 works
This is the name PredTotalThis is the type sum
Get covariances statement 2 works
This is the name totalThis is the type sum
Get covariances statement 2 works
Get covariances statement 11 works

Starting the unfolding -----------------
Get covariances statement 1 works
This is the name fluxThis is the type FluxRW
Get covariances statement 8 works
This is the name reintThis is the type RW
Get covariances statement 8 works
This is the name xsec_multiThis is the type RW
Get covariances statement 8 works
This is the name xsec_AxFFCCQEshapeThis is the type RW
Get covariances statement 8 works
This is the name xsec_DecayAngMECThis is the type RW
Get covariances statement 8 works
This is the name xsec_NormCCCOHThis is the type RW
Get covariances statement 8 works
This is the name xsec_NormNCCOHThis is the type RW
Get covariances statement 8 works
This is the name xsec_RPA_CCQEThis is the type RW
Get covariances statement 8 works
This is the name xsec_ThetaDelta2NRadThis is the type RW
Get covariances statement 8 works
This is the name xsec_Theta_Delta2NpiThis is the type RW
Get covariances statement 8 works
This is the name xsec_VecFFCCQEshapeThis is the type RW
Get covariances statement 8 works
This is the name xsec_XSecShape_CCMECThis is the type RW
Get covariances statement 8 works
This is the name xsec_xsr_scc_Fa3_SCCThis is the type RW
Get covariances statement 8 works
This is the name xsec_xsr_scc_Fv3_SCCThis is the type RW
Get covariances statement 8 works
This is the name detVarLYdownThis is the type DV
Get covariances statement 7 works
This is the name detVarLYraylThis is the type DV
Get covariances statement 7 works
This is the name detVarRecomb2This is the type DV
Get covariances statement 7 works
This is the name detVarSCEThis is the type DV
Get covariances statement 7 works
This is the name detVarWMAngleXZThis is the type DV
Get covariances statement 7 works
This is the name detVarWMAngleYZThis is the type DV
Get covariances statement 7 works
This is the name detVarWMXThis is the type DV
Get covariances statement 7 works
This is the name detVarWMYZThis is the type DV
Get covariances statement 7 works
This is the name POTThis is the type MCFullCorr
Get covariances statement 5 works
This is the name numTargetsThis is the type MCFullCorr
Get covariances statement 5 works
This is the name MCstatsThis is the type MCstat
Get covariances statement 3 works
This is the name EXTstatsThis is the type EXTstat
Get covariances statement 4 works
This is the name BNBstatsThis is the type BNBstat
Get covariances statement 4 works
This is the name xsec_unisimThis is the type sum
Get covariances statement 2 works
This is the name xsec_totalThis is the type sum
Get covariances statement 2 works
This is the name flux_totalThis is the type sum
Get covariances statement 2 works
This is the name detVar_totalThis is the type sum
Get covariances statement 2 works
This is the name DataStatsThis is the type sum
Get covariances statement 2 works
This is the name SimulationStatsThis is the type sum
Get covariances statement 2 works
This is the name PredTotalThis is the type sum
Get covariances statement 2 works
This is the name totalThis is the type sum
Get covariances statement 2 works
Get covariances statement 11 works
Unfolding completed -----------------

Post-processing covariance matrices..
Creating Norm/Shape covariance matrices for 1 blocks(s)
	- Creating Norm/shape decomposition for block: 0
BNBstats: 3.83496e-05
DataStats: 3.83496e-05
EXTstats: 4.68191e-07
MCstats: 3.41374e-06
POT: 1.09626e-05
PredTotal: 0.00142195
SimulationStats: 3.88193e-06
detVarLYdown: 1.9327e-08
detVarLYrayl: 7.68437e-08
detVarRecomb2: 0.000236634
detVarSCE: 5.75849e-05
detVarWMAngleXZ: 3.03999e-06
detVarWMAngleYZ: 4.63899e-05
detVarWMX: 9.18588e-05
detVarWMYZ: 9.55193e-05
detVar_total: 0.000531123
flux: 0.000716827
flux_total: 0.000716827
numTargets: 2.74065e-06
reint: 1.46618e-05
total: 0.00146029
total_blockwise_mixed: 0.000360661
total_blockwise_norm: 0.000931108
total_blockwise_shape: 0.000168526
xsec_AxFFCCQEshape: 6.898e-07
xsec_DecayAngMEC: 8.0014e-07
xsec_NormCCCOH: 2.60363e-06
xsec_NormNCCOH: 9.20832e-07
xsec_RPA_CCQE: 1.31448e-06
xsec_ThetaDelta2NRad: 9.24689e-07
xsec_Theta_Delta2Npi: 1.88823e-05
xsec_VecFFCCQEshape: 4.66756e-07
xsec_XSecShape_CCMEC: 1.84553e-05
xsec_multi: 9.39258e-05
xsec_total: 0.000141748
xsec_unisim: 4.50579e-05
xsec_xsr_scc_Fa3_SCC: 1.41346e-06
xsec_xsr_scc_Fv3_SCC: 1.35089e-06
[IDENTITY] bins 6  max|U*R - A_C| 1.305e-07  rms 2.479e-08  max|A_C| 8.721e-01  relative 1.497e-07
Key: Fakedata
Key: GENIE
Key: GiBUU
Key: MicroBooNETune
Key: NEUT
Key: NuWro
[SYSTDUMP] sigma_int 7.632e-01
[SYSTDUMP] BNBstats 9.439e+00
[SYSTDUMP] DataStats 9.439e+00
[SYSTDUMP] EXTstats 8.429e-01
[SYSTDUMP] MCstats 2.838e+00
[SYSTDUMP] POT 3.234e+00
[SYSTDUMP] PredTotal 3.865e+01
[SYSTDUMP] SimulationStats 2.973e+00
[SYSTDUMP] detVarLYdown 1.356e+00
[SYSTDUMP] detVarLYrayl 1.105e+00
[SYSTDUMP] detVarRecomb2 1.228e+01
[SYSTDUMP] detVarSCE 1.156e+01
[SYSTDUMP] detVarWMAngleXZ 2.762e+00
[SYSTDUMP] detVarWMAngleYZ 6.785e+00
[SYSTDUMP] detVarWMX 9.455e+00
[SYSTDUMP] detVarWMYZ 1.083e+01
[SYSTDUMP] detVar_total 2.421e+01
[SYSTDUMP] flux 2.714e+01
[SYSTDUMP] flux_total 2.714e+01
[SYSTDUMP] numTargets 1.617e+00
[SYSTDUMP] reint 3.864e+00
[SYSTDUMP] total 3.987e+01
[SYSTDUMP] total_blockwise_mixed 1.531e+01
[SYSTDUMP] total_blockwise_norm 3.378e+01
[SYSTDUMP] total_blockwise_shape 1.625e+01
[SYSTDUMP] xsec_AxFFCCQEshape 7.220e-01
[SYSTDUMP] xsec_DecayAngMEC 1.246e+00
[SYSTDUMP] xsec_NormCCCOH 1.396e+00
[SYSTDUMP] xsec_NormNCCOH 8.096e-01
[SYSTDUMP] xsec_RPA_CCQE 1.508e+00
[SYSTDUMP] xsec_ThetaDelta2NRad 8.099e-01
[SYSTDUMP] xsec_Theta_Delta2Npi 3.385e+00
[SYSTDUMP] xsec_VecFFCCQEshape 7.395e-01
[SYSTDUMP] xsec_XSecShape_CCMEC 3.445e+00
[SYSTDUMP] xsec_multi 9.289e+00
[SYSTDUMP] xsec_total 1.140e+01
[SYSTDUMP] xsec_unisim 5.805e+00
[SYSTDUMP] xsec_xsr_scc_Fa3_SCC 1.988e+00
[SYSTDUMP] xsec_xsr_scc_Fv3_SCC 1.957e+00
[closure-dump] wrote /data/uboone/processed/closure_hists_xsec_COMB_pmu.root

GENIE: χ² = 1.542e+00/6 bins, p-value = 9.567e-01
GiBUU: χ² = 3.639e-01/6 bins, p-value = 9.991e-01
MicroBooNE Tune: χ² = 2.864e-01/6 bins, p-value = 9.996e-01
NEUT: χ² = 1.170e+00/6 bins, p-value = 9.784e-01
NuWro: χ² = 5.206e-01/6 bins, p-value = 9.976e-01
truth: χ² = 1.744e-01/6 bins, p-value = 9.999e-01
Bin: 1, Val = 6.021e-01, Unc = 2.548e-01
Bin: 2, Val = 5.796e-01, Unc = 2.346e-01
Bin: 3, Val = 5.458e-01, Unc = 2.162e-01
Bin: 4, Val = 4.719e-01, Unc = 1.915e-01
Bin: 5, Val = 3.643e-01, Unc = 1.554e-01
Bin: 6, Val = 1.404e-01, Unc = 4.722e-02
Info in <TCanvas::Print>: pdf file unfold_output/plot_pmu_0.pdf has been created
Key: Fakedata
Key: GENIE
Key: GiBUU
Key: MicroBooNETune
Key: NEUT
Key: NuWro

GENIE: χ² = 1.542e+00/6 bins, p-value = 9.567e-01
GiBUU: χ² = 3.639e-01/6 bins, p-value = 9.991e-01
MicroBooNE Tune: χ² = 2.864e-01/6 bins, p-value = 9.996e-01
NEUT: χ² = 1.170e+00/6 bins, p-value = 9.784e-01
NuWro: χ² = 5.206e-01/6 bins, p-value = 9.976e-01
truth: χ² = 1.744e-01/6 bins, p-value = 9.999e-01
Bin: 1, Val = 9.032e-02, Unc = 3.821e-02
Bin: 2, Val = 7.246e-02, Unc = 2.933e-02
Bin: 3, Val = 8.187e-02, Unc = 3.242e-02
Bin: 4, Val = 1.180e-01, Unc = 4.787e-02
Bin: 5, Val = 1.548e-01, Unc = 6.602e-02
Bin: 6, Val = 2.457e-01, Unc = 8.264e-02
Info in <TCanvas::Print>: pdf file unfold_output/plot_binnumber_1.pdf has been created
Error in <TROOT::WriteTObject>: The current directory (RootApp) is not associated with a file. The object (h_A_C) has not been written.
Info in <TCanvas::Print>: pdf file unfold_output/plot_regularization_matrix.pdf has been created
Get covariances statement 1 works
This is the name fluxThis is the type FluxRW
Get covariances statement 8 works
This is the name reintThis is the type RW
Get covariances statement 8 works
This is the name xsec_multiThis is the type RW
Get covariances statement 8 works
This is the name xsec_AxFFCCQEshapeThis is the type RW
Get covariances statement 8 works
This is the name xsec_DecayAngMECThis is the type RW
Get covariances statement 8 works
This is the name xsec_NormCCCOHThis is the type RW
Get covariances statement 8 works
This is the name xsec_NormNCCOHThis is the type RW
Get covariances statement 8 works
This is the name xsec_RPA_CCQEThis is the type RW
Get covariances statement 8 works
This is the name xsec_ThetaDelta2NRadThis is the type RW
Get covariances statement 8 works
This is the name xsec_Theta_Delta2NpiThis is the type RW
Get covariances statement 8 works
This is the name xsec_VecFFCCQEshapeThis is the type RW
Get covariances statement 8 works
This is the name xsec_XSecShape_CCMECThis is the type RW
Get covariances statement 8 works
This is the name xsec_xsr_scc_Fa3_SCCThis is the type RW
Get covariances statement 8 works
This is the name xsec_xsr_scc_Fv3_SCCThis is the type RW
Get covariances statement 8 works
This is the name detVarLYdownThis is the type DV
Get covariances statement 7 works
This is the name detVarLYraylThis is the type DV
Get covariances statement 7 works
This is the name detVarRecomb2This is the type DV
Get covariances statement 7 works
This is the name detVarSCEThis is the type DV
Get covariances statement 7 works
This is the name detVarWMAngleXZThis is the type DV
Get covariances statement 7 works
This is the name detVarWMAngleYZThis is the type DV
Get covariances statement 7 works
This is the name detVarWMXThis is the type DV
Get covariances statement 7 works
This is the name detVarWMYZThis is the type DV
Get covariances statement 7 works
This is the name POTThis is the type MCFullCorr
Get covariances statement 5 works
This is the name numTargetsThis is the type MCFullCorr
Get covariances statement 5 works
This is the name MCstatsThis is the type MCstat
Get covariances statement 3 works
This is the name EXTstatsThis is the type EXTstat
Get covariances statement 4 works
This is the name BNBstatsThis is the type BNBstat
Get covariances statement 4 works
This is the name xsec_unisimThis is the type sum
Get covariances statement 2 works
This is the name xsec_totalThis is the type sum
Get covariances statement 2 works
This is the name flux_totalThis is the type sum
Get covariances statement 2 works
This is the name detVar_totalThis is the type sum
Get covariances statement 2 works
This is the name DataStatsThis is the type sum
Get covariances statement 2 works
This is the name SimulationStatsThis is the type sum
Get covariances statement 2 works
This is the name PredTotalThis is the type sum
Get covariances statement 2 works
This is the name totalThis is the type sum
Get covariances statement 2 works
Get covariances statement 11 works
Info in <TCanvas::Print>: pdf file unfold_output/plot_step1_reco_spectrum.pdf has been created
Info in <TCanvas::Print>: pdf file unfold_output/plot_step2_bkgd_subtraction.pdf has been created
Info in <TCanvas::Print>: pdf file unfold_output/plot_step3_smearing_matrix.pdf has been created
[DIAGDUMP] column-normalised response diagonal: 0.750 0.636 0.591 0.592 0.587 0.583
Info in <TCanvas::Print>: pdf file unfold_output/plot_step4_efficiency.pdf has been created
