
Running Unfolder.C with options:
	XSEC_Config: configs/ccpi_xsec_config_numi_costhpi_fhc5.txt
	SLICE_Config: configs/ccpi_costhpi_slice_config_opt.txt
	OutputDirectory: /data/uboone/processed/
	OutputFileName: xsec_FHC5_costhpi.root


Loading default file properties from /home/t2k/nowak/MicroBooNE/working_xsec_analyzer/xsec_analyzer/configs/file_properties.txt
Loading file properties from configs/file_properties_numi_fhc5.txt
CrossSectionExtracter initialised with options:
	xsec_extract_tconfig_file_name: configs/ccpi_xsec_config_numi_costhpi_fhc5.txt
	syst_config_file_name: configs/ccpi_systcalc_numi.conf
	file_properties_config: configs/file_properties_numi_fhc5.txt
	unfolding_tech: WienerSVD
		Option: Second Derivative
	univ_file_name: /data/uboone/processed/ccpi_FHC5_costhpi_univmake.root
	Predictions - 
		 0 - Prediction uBTune "MicroBooNE Tune" univ CV
		 1 - Prediction FakeData "Fakedata" univ FakeData
		 2 - Prediction GENIE "GENIE" file /home/t2k/nowak/MicroBooNE/working_xsec_analyzer/generator_predictions/newg4/genie_newg4_fte.root costhpi_fte
		 3 - Prediction GiBUU "GiBUU" file /home/t2k/nowak/MicroBooNE/working_xsec_analyzer/generator_predictions/newg4/gibuu_newg4_fte.root costhpi_fte
		 4 - Prediction NEUT "NEUT" file /home/t2k/nowak/MicroBooNE/working_xsec_analyzer/generator_predictions/newg4/neut_newg4_fte.root costhpi_fte
		 5 - Prediction NuWro "NuWro" file /home/t2k/nowak/MicroBooNE/working_xsec_analyzer/generator_predictions/newg4/nuwro_newg4_fte.root costhpi_fte


We do get in here but something goes wrong 
respmat_tdirectoryfile_name given to SystematicsCalculator is empty. Using default: ccpi_CC1mu1piXp_costhpi_1D

Initialising SystematicsCalculator with options:
	syst_config_file_name_: configs/ccpi_systcalc_numi.conf
	universe_file_name: /data/uboone/processed/ccpi_FHC5_costhpi_univmake.root
	fpm_config_file: configs+file_properties_numi_fhc5.txt
	tdf_name: ccpi_CC1mu1piXp_costhpi_1D


Reusing cached universes "total_configs+file_properties_numi_fhc5.txt" (normalisation key v5-fakedata-truth-unweighted-51fe5554df3edefe).
******* USING FAKE DATA *******
using_fake_data = 1

Initialising SliceBinning object
	config_file_name: configs/ccpi_costhpi_slice_config_opt.txt
	Number of variables used in slicing: 2
	Number of slices requested: 2

Slice Specifications ---------------- 

Slice Index: 0
	Active variable: cos#theta_{#pi}
	Number of bins: 5 - 
		Bin 1: -1  ≤ cos#theta_{#pi} < -0.1 
		Bin 2: -0.1  ≤ cos#theta_{#pi} < 0.35 
		Bin 3: 0.35  ≤ cos#theta_{#pi} < 0.6 
		Bin 4: 0.6  ≤ cos#theta_{#pi} < 0.8 
		Bin 5: 0.8  ≤ cos#theta_{#pi} < 1 
	Bin matching between slice TH1 and global TH1 - 
		Global bin 0 is matched to 1 in this slice
		Global bin 1 is matched to 2 in this slice
		Global bin 2 is matched to 3 in this slice
		Global bin 3 is matched to 4 in this slice
		Global bin 4 is matched to 5 in this slice

Slice Index: 1
	Active variable: bin number
	Number of bins: 5 - 
		Bin 1: 0  ≤ bin number < 1 
		Bin 2: 1  ≤ bin number < 2 
		Bin 3: 2  ≤ bin number < 3 
		Bin 4: 3  ≤ bin number < 4 
		Bin 5: 4  ≤ bin number < 5 
	Bin matching between slice TH1 and global TH1 - 
		Global bin 0 is matched to 1 in this slice
		Global bin 1 is matched to 2 in this slice
		Global bin 2 is matched to 3 in this slice
		Global bin 3 is matched to 4 in this slice
		Global bin 4 is matched to 5 in this slice
[REGWIDTH] supplied 5 true-bin widths to the regularisation matrix
Get covariances statement 1 works
This is the name fluxThis is the type FluxRW
Get covariances statement 8 works
This is the name reintThis is the type RW
Get covariances statement 8 works
This is the name xsec_multiThis is the type RW
Get covariances statement 8 works
This is the name xsec_AxFFCCQEshapeThis is the type RW
Get covariances statement 8 works
This is the name xsec_DecayAngMECThis is the type RW
Get covariances statement 8 works
This is the name xsec_NormCCCOHThis is the type RW
Get covariances statement 8 works
This is the name xsec_NormNCCOHThis is the type RW
Get covariances statement 8 works
This is the name xsec_RPA_CCQEThis is the type RW
Get covariances statement 8 works
This is the name xsec_ThetaDelta2NRadThis is the type RW
Get covariances statement 8 works
This is the name xsec_Theta_Delta2NpiThis is the type RW
Get covariances statement 8 works
This is the name xsec_VecFFCCQEshapeThis is the type RW
Get covariances statement 8 works
This is the name xsec_XSecShape_CCMECThis is the type RW
Get covariances statement 8 works
This is the name xsec_xsr_scc_Fa3_SCCThis is the type RW
Get covariances statement 8 works
This is the name xsec_xsr_scc_Fv3_SCCThis is the type RW
Get covariances statement 8 works
This is the name detVarLYdownThis is the type DV
Get covariances statement 7 works
This is the name detVarLYraylThis is the type DV
Get covariances statement 7 works
This is the name detVarRecomb2This is the type DV
Get covariances statement 7 works
This is the name detVarSCEThis is the type DV
Get covariances statement 7 works
This is the name detVarWMAngleXZThis is the type DV
Get covariances statement 7 works
This is the name detVarWMAngleYZThis is the type DV
Get covariances statement 7 works
This is the name detVarWMXThis is the type DV
Get covariances statement 7 works
This is the name detVarWMYZThis is the type DV
Get covariances statement 7 works
This is the name POTThis is the type MCFullCorr
Get covariances statement 5 works
This is the name numTargetsThis is the type MCFullCorr
Get covariances statement 5 works
This is the name MCstatsThis is the type MCstat
Get covariances statement 3 works
This is the name EXTstatsThis is the type EXTstat
Get covariances statement 4 works
This is the name BNBstatsThis is the type BNBstat
Get covariances statement 4 works
This is the name xsec_unisimThis is the type sum
Get covariances statement 2 works
This is the name xsec_totalThis is the type sum
Get covariances statement 2 works
This is the name flux_totalThis is the type sum
Get covariances statement 2 works
This is the name detVar_totalThis is the type sum
Get covariances statement 2 works
This is the name DataStatsThis is the type sum
Get covariances statement 2 works
This is the name SimulationStatsThis is the type sum
Get covariances statement 2 works
This is the name PredTotalThis is the type sum
Get covariances statement 2 works
This is the name totalThis is the type sum
Get covariances statement 2 works
Get covariances statement 11 works

Starting the unfolding -----------------
Get covariances statement 1 works
This is the name fluxThis is the type FluxRW
Get covariances statement 8 works
This is the name reintThis is the type RW
Get covariances statement 8 works
This is the name xsec_multiThis is the type RW
Get covariances statement 8 works
This is the name xsec_AxFFCCQEshapeThis is the type RW
Get covariances statement 8 works
This is the name xsec_DecayAngMECThis is the type RW
Get covariances statement 8 works
This is the name xsec_NormCCCOHThis is the type RW
Get covariances statement 8 works
This is the name xsec_NormNCCOHThis is the type RW
Get covariances statement 8 works
This is the name xsec_RPA_CCQEThis is the type RW
Get covariances statement 8 works
This is the name xsec_ThetaDelta2NRadThis is the type RW
Get covariances statement 8 works
This is the name xsec_Theta_Delta2NpiThis is the type RW
Get covariances statement 8 works
This is the name xsec_VecFFCCQEshapeThis is the type RW
Get covariances statement 8 works
This is the name xsec_XSecShape_CCMECThis is the type RW
Get covariances statement 8 works
This is the name xsec_xsr_scc_Fa3_SCCThis is the type RW
Get covariances statement 8 works
This is the name xsec_xsr_scc_Fv3_SCCThis is the type RW
Get covariances statement 8 works
This is the name detVarLYdownThis is the type DV
Get covariances statement 7 works
This is the name detVarLYraylThis is the type DV
Get covariances statement 7 works
This is the name detVarRecomb2This is the type DV
Get covariances statement 7 works
This is the name detVarSCEThis is the type DV
Get covariances statement 7 works
This is the name detVarWMAngleXZThis is the type DV
Get covariances statement 7 works
This is the name detVarWMAngleYZThis is the type DV
Get covariances statement 7 works
This is the name detVarWMXThis is the type DV
Get covariances statement 7 works
This is the name detVarWMYZThis is the type DV
Get covariances statement 7 works
This is the name POTThis is the type MCFullCorr
Get covariances statement 5 works
This is the name numTargetsThis is the type MCFullCorr
Get covariances statement 5 works
This is the name MCstatsThis is the type MCstat
Get covariances statement 3 works
This is the name EXTstatsThis is the type EXTstat
Get covariances statement 4 works
This is the name BNBstatsThis is the type BNBstat
Get covariances statement 4 works
This is the name xsec_unisimThis is the type sum
Get covariances statement 2 works
This is the name xsec_totalThis is the type sum
Get covariances statement 2 works
This is the name flux_totalThis is the type sum
Get covariances statement 2 works
This is the name detVar_totalThis is the type sum
Get covariances statement 2 works
This is the name DataStatsThis is the type sum
Get covariances statement 2 works
This is the name SimulationStatsThis is the type sum
Get covariances statement 2 works
This is the name PredTotalThis is the type sum
Get covariances statement 2 works
This is the name totalThis is the type sum
Get covariances statement 2 works
Get covariances statement 11 works
Unfolding completed -----------------

Post-processing covariance matrices..
Creating Norm/Shape covariance matrices for 1 blocks(s)
	- Creating Norm/shape decomposition for block: 0
BNBstats: 0.000188302
DataStats: 0.000188302
EXTstats: 5.50143e-07
MCstats: 1.80287e-05
POT: 4.41054e-06
PredTotal: 0.00111768
SimulationStats: 1.85789e-05
detVarLYdown: 1.46051e-06
detVarLYrayl: 5.74253e-05
detVarRecomb2: 0.00031084
detVarSCE: 0.00010586
detVarWMAngleXZ: 5.54659e-08
detVarWMAngleYZ: 4.63388e-05
detVarWMX: 0.000120563
detVarWMYZ: 3.95316e-05
detVar_total: 0.000682075
flux: 0.000260243
flux_total: 0.000260243
numTargets: 1.10264e-06
reint: 2.34946e-05
total: 0.00130598
total_blockwise_mixed: 3.95525e-05
total_blockwise_norm: 0.000510905
total_blockwise_shape: 0.000755526
xsec_AxFFCCQEshape: 1.07892e-07
xsec_DecayAngMEC: 3.30756e-07
xsec_NormCCCOH: 7.01272e-07
xsec_NormNCCOH: 6.08602e-08
xsec_RPA_CCQE: 1.44466e-07
xsec_ThetaDelta2NRad: 6.08602e-08
xsec_Theta_Delta2Npi: 6.79185e-05
xsec_VecFFCCQEshape: 2.29765e-07
xsec_XSecShape_CCMEC: 1.15148e-06
xsec_multi: 5.62777e-05
xsec_total: 0.000127776
xsec_unisim: 7.07059e-05
xsec_xsr_scc_Fa3_SCC: 4.02069e-07
xsec_xsr_scc_Fv3_SCC: 3.90785e-07
[IDENTITY] bins 5  max|U*R - A_C| 3.123e-08  rms 9.357e-09  max|A_C| 8.197e-01  relative 3.810e-08
Key: Fakedata
Key: GENIE
Key: GiBUU
Key: MicroBooNETune
Key: NEUT
Key: NuWro
[SYSTDUMP] sigma_int 6.680e-01
[SYSTDUMP] BNBstats 1.360e+01
[SYSTDUMP] DataStats 1.360e+01
[SYSTDUMP] EXTstats 1.186e+00
[SYSTDUMP] MCstats 4.227e+00
[SYSTDUMP] POT 3.080e+00
[SYSTDUMP] PredTotal 3.895e+01
[SYSTDUMP] SimulationStats 4.425e+00
[SYSTDUMP] detVarLYdown 2.327e+00
[SYSTDUMP] detVarLYrayl 5.000e+00
[SYSTDUMP] detVarRecomb2 1.568e+01
[SYSTDUMP] detVarSCE 5.887e+00
[SYSTDUMP] detVarWMAngleXZ 3.937e+00
[SYSTDUMP] detVarWMAngleYZ 7.169e+00
[SYSTDUMP] detVarWMX 8.376e+00
[SYSTDUMP] detVarWMYZ 5.714e+00
[SYSTDUMP] detVar_total 2.319e+01
[SYSTDUMP] flux 2.705e+01
[SYSTDUMP] flux_total 2.705e+01
[SYSTDUMP] numTargets 1.540e+00
[SYSTDUMP] reint 5.149e+00
[SYSTDUMP] total 4.152e+01
[SYSTDUMP] total_blockwise_mixed 1.085e+01
[SYSTDUMP] total_blockwise_norm 3.498e+01
[SYSTDUMP] total_blockwise_shape 2.336e+01
[SYSTDUMP] xsec_AxFFCCQEshape 4.875e-01
[SYSTDUMP] xsec_DecayAngMEC 9.087e-01
[SYSTDUMP] xsec_NormCCCOH 1.384e+00
[SYSTDUMP] xsec_NormNCCOH 4.267e-01
[SYSTDUMP] xsec_RPA_CCQE 1.116e+00
[SYSTDUMP] xsec_ThetaDelta2NRad 4.267e-01
[SYSTDUMP] xsec_Theta_Delta2Npi 6.209e+00
[SYSTDUMP] xsec_VecFFCCQEshape 9.106e-01
[SYSTDUMP] xsec_XSecShape_CCMEC 2.391e+00
[SYSTDUMP] xsec_multi 7.709e+00
[SYSTDUMP] xsec_total 1.139e+01
[SYSTDUMP] xsec_unisim 7.637e+00
[SYSTDUMP] xsec_xsr_scc_Fa3_SCC 1.882e+00
[SYSTDUMP] xsec_xsr_scc_Fv3_SCC 1.859e+00
[closure-dump] wrote /data/uboone/processed/closure_hists_xsec_FHC5_costhpi.root

GENIE: χ² = 1.915e+00/5 bins, p-value = 8.607e-01
GiBUU: χ² = 2.564e+00/5 bins, p-value = 7.668e-01
MicroBooNE Tune: χ² = 1.208e+00/5 bins, p-value = 9.441e-01
NEUT: χ² = 2.257e+00/5 bins, p-value = 8.126e-01
NuWro: χ² = 3.090e+00/5 bins, p-value = 6.861e-01
truth: χ² = 1.211e+00/5 bins, p-value = 9.438e-01
Bin: 1, Val = 7.180e-02, Unc = 4.015e-02
Bin: 2, Val = 2.594e-01, Unc = 8.334e-02
Bin: 3, Val = 5.334e-01, Unc = 1.618e-01
Bin: 4, Val = 6.384e-01, Unc = 2.967e-01
Bin: 5, Val = 1.128e+00, Unc = 4.821e-01
Info in <TCanvas::Print>: pdf file unfold_output/plot_costhetapi_0.pdf has been created
Key: Fakedata
Key: GENIE
Key: GiBUU
Key: MicroBooNETune
Key: NEUT
Key: NuWro

GENIE: χ² = 1.915e+00/5 bins, p-value = 8.607e-01
GiBUU: χ² = 2.564e+00/5 bins, p-value = 7.668e-01
MicroBooNE Tune: χ² = 1.208e+00/5 bins, p-value = 9.441e-01
NEUT: χ² = 2.257e+00/5 bins, p-value = 8.126e-01
NuWro: χ² = 3.090e+00/5 bins, p-value = 6.861e-01
truth: χ² = 1.211e+00/5 bins, p-value = 9.438e-01
Bin: 1, Val = 6.462e-02, Unc = 3.614e-02
Bin: 2, Val = 1.167e-01, Unc = 3.750e-02
Bin: 3, Val = 1.334e-01, Unc = 4.046e-02
Bin: 4, Val = 1.277e-01, Unc = 5.933e-02
Bin: 5, Val = 2.256e-01, Unc = 9.642e-02
Info in <TCanvas::Print>: pdf file unfold_output/plot_binnumber_1.pdf has been created
Error in <TROOT::WriteTObject>: The current directory (RootApp) is not associated with a file. The object (h_A_C) has not been written.
Info in <TCanvas::Print>: pdf file unfold_output/plot_regularization_matrix.pdf has been created
Get covariances statement 1 works
This is the name fluxThis is the type FluxRW
Get covariances statement 8 works
This is the name reintThis is the type RW
Get covariances statement 8 works
This is the name xsec_multiThis is the type RW
Get covariances statement 8 works
This is the name xsec_AxFFCCQEshapeThis is the type RW
Get covariances statement 8 works
This is the name xsec_DecayAngMECThis is the type RW
Get covariances statement 8 works
This is the name xsec_NormCCCOHThis is the type RW
Get covariances statement 8 works
This is the name xsec_NormNCCOHThis is the type RW
Get covariances statement 8 works
This is the name xsec_RPA_CCQEThis is the type RW
Get covariances statement 8 works
This is the name xsec_ThetaDelta2NRadThis is the type RW
Get covariances statement 8 works
This is the name xsec_Theta_Delta2NpiThis is the type RW
Get covariances statement 8 works
This is the name xsec_VecFFCCQEshapeThis is the type RW
Get covariances statement 8 works
This is the name xsec_XSecShape_CCMECThis is the type RW
Get covariances statement 8 works
This is the name xsec_xsr_scc_Fa3_SCCThis is the type RW
Get covariances statement 8 works
This is the name xsec_xsr_scc_Fv3_SCCThis is the type RW
Get covariances statement 8 works
This is the name detVarLYdownThis is the type DV
Get covariances statement 7 works
This is the name detVarLYraylThis is the type DV
Get covariances statement 7 works
This is the name detVarRecomb2This is the type DV
Get covariances statement 7 works
This is the name detVarSCEThis is the type DV
Get covariances statement 7 works
This is the name detVarWMAngleXZThis is the type DV
Get covariances statement 7 works
This is the name detVarWMAngleYZThis is the type DV
Get covariances statement 7 works
This is the name detVarWMXThis is the type DV
Get covariances statement 7 works
This is the name detVarWMYZThis is the type DV
Get covariances statement 7 works
This is the name POTThis is the type MCFullCorr
Get covariances statement 5 works
This is the name numTargetsThis is the type MCFullCorr
Get covariances statement 5 works
This is the name MCstatsThis is the type MCstat
Get covariances statement 3 works
This is the name EXTstatsThis is the type EXTstat
Get covariances statement 4 works
This is the name BNBstatsThis is the type BNBstat
Get covariances statement 4 works
This is the name xsec_unisimThis is the type sum
Get covariances statement 2 works
This is the name xsec_totalThis is the type sum
Get covariances statement 2 works
This is the name flux_totalThis is the type sum
Get covariances statement 2 works
This is the name detVar_totalThis is the type sum
Get covariances statement 2 works
This is the name DataStatsThis is the type sum
Get covariances statement 2 works
This is the name SimulationStatsThis is the type sum
Get covariances statement 2 works
This is the name PredTotalThis is the type sum
Get covariances statement 2 works
This is the name totalThis is the type sum
Get covariances statement 2 works
Get covariances statement 11 works
Info in <TCanvas::Print>: pdf file unfold_output/plot_step1_reco_spectrum.pdf has been created
Info in <TCanvas::Print>: pdf file unfold_output/plot_step2_bkgd_subtraction.pdf has been created
Info in <TCanvas::Print>: pdf file unfold_output/plot_step3_smearing_matrix.pdf has been created
[DIAGDUMP] column-normalised response diagonal: 0.896 0.815 0.744 0.789 0.817
Info in <TCanvas::Print>: pdf file unfold_output/plot_step4_efficiency.pdf has been created
