
Running Unfolder.C with options:
	XSEC_Config: configs/ccpi_xsec_config_numi_thmupi_rhcfull.txt
	SLICE_Config: configs/ccpi_thmupi_slice_config_opt.txt
	OutputDirectory: /data/uboone/processed/
	OutputFileName: xsec_RHCFULL_thmupi.root


Loading default file properties from /home/t2k/nowak/MicroBooNE/working_xsec_analyzer/xsec_analyzer/configs/file_properties.txt
Loading file properties from configs/file_properties_numi_rhcfull.txt
CrossSectionExtracter initialised with options:
	xsec_extract_tconfig_file_name: configs/ccpi_xsec_config_numi_thmupi_rhcfull.txt
	syst_config_file_name: configs/ccpi_systcalc_numi.conf
	file_properties_config: configs/file_properties_numi_rhcfull.txt
	unfolding_tech: WienerSVD
		Option: Second Derivative
	univ_file_name: /data/uboone/processed/ccpi_RHCFULL_thmupi_univmake.root
	Predictions - 
		 0 - Prediction uBTune "MicroBooNE Tune" univ CV
		 1 - Prediction FakeData "Fakedata" univ FakeData
		 2 - Prediction GENIE "GENIE" file /home/t2k/nowak/MicroBooNE/working_xsec_analyzer/generator_predictions/newg4/genie_rhc_fte.root thmupi_fte
		 3 - Prediction GiBUU "GiBUU" file /home/t2k/nowak/MicroBooNE/working_xsec_analyzer/generator_predictions/newg4/gibuu_rhc_fte.root thmupi_fte
		 4 - Prediction NEUT "NEUT" file /home/t2k/nowak/MicroBooNE/working_xsec_analyzer/generator_predictions/newg4/neut_rhc_fte.root thmupi_fte
		 5 - Prediction NuWro "NuWro" file /home/t2k/nowak/MicroBooNE/working_xsec_analyzer/generator_predictions/newg4/nuwro_rhc_fte.root thmupi_fte


We do get in here but something goes wrong 
respmat_tdirectoryfile_name given to SystematicsCalculator is empty. Using default: ccpi_CC1mu1piXp_thmupi_1D

Initialising SystematicsCalculator with options:
	syst_config_file_name_: configs/ccpi_systcalc_numi.conf
	universe_file_name: /data/uboone/processed/ccpi_RHCFULL_thmupi_univmake.root
	fpm_config_file: configs+file_properties_numi_rhcfull.txt
	tdf_name: ccpi_CC1mu1piXp_thmupi_1D


Reusing cached universes "total_configs+file_properties_numi_rhcfull.txt" (normalisation key v5-fakedata-truth-unweighted-38227e5b6aa2d27a).
******* USING FAKE DATA *******
using_fake_data = 1

Initialising SliceBinning object
	config_file_name: configs/ccpi_thmupi_slice_config_opt.txt
	Number of variables used in slicing: 2
	Number of slices requested: 2

Slice Specifications ---------------- 

Slice Index: 0
	Active variable: #theta_{#mu#pi}
	Number of bins: 5 - 
		Bin 1: 0  (rad) ≤ #theta_{#mu#pi} < 0.6  (rad)
		Bin 2: 0.6  (rad) ≤ #theta_{#mu#pi} < 0.85  (rad)
		Bin 3: 0.85  (rad) ≤ #theta_{#mu#pi} < 1.3  (rad)
		Bin 4: 1.3  (rad) ≤ #theta_{#mu#pi} < 1.85  (rad)
		Bin 5: 1.85  (rad) ≤ #theta_{#mu#pi} < 2.6  (rad)
	Bin matching between slice TH1 and global TH1 - 
		Global bin 0 is matched to 1 in this slice
		Global bin 1 is matched to 2 in this slice
		Global bin 2 is matched to 3 in this slice
		Global bin 3 is matched to 4 in this slice
		Global bin 4 is matched to 5 in this slice

Slice Index: 1
	Active variable: bin number
	Number of bins: 5 - 
		Bin 1: 0  ≤ bin number < 1 
		Bin 2: 1  ≤ bin number < 2 
		Bin 3: 2  ≤ bin number < 3 
		Bin 4: 3  ≤ bin number < 4 
		Bin 5: 4  ≤ bin number < 5 
	Bin matching between slice TH1 and global TH1 - 
		Global bin 0 is matched to 1 in this slice
		Global bin 1 is matched to 2 in this slice
		Global bin 2 is matched to 3 in this slice
		Global bin 3 is matched to 4 in this slice
		Global bin 4 is matched to 5 in this slice
[REGWIDTH] supplied 5 true-bin widths to the regularisation matrix
Get covariances statement 1 works
This is the name fluxThis is the type FluxRW
Get covariances statement 8 works
This is the name reintThis is the type RW
Get covariances statement 8 works
This is the name xsec_multiThis is the type RW
Get covariances statement 8 works
This is the name xsec_AxFFCCQEshapeThis is the type RW
Get covariances statement 8 works
This is the name xsec_DecayAngMECThis is the type RW
Get covariances statement 8 works
This is the name xsec_NormCCCOHThis is the type RW
Get covariances statement 8 works
This is the name xsec_NormNCCOHThis is the type RW
Get covariances statement 8 works
This is the name xsec_RPA_CCQEThis is the type RW
Get covariances statement 8 works
This is the name xsec_ThetaDelta2NRadThis is the type RW
Get covariances statement 8 works
This is the name xsec_Theta_Delta2NpiThis is the type RW
Get covariances statement 8 works
This is the name xsec_VecFFCCQEshapeThis is the type RW
Get covariances statement 8 works
This is the name xsec_XSecShape_CCMECThis is the type RW
Get covariances statement 8 works
This is the name xsec_xsr_scc_Fa3_SCCThis is the type RW
Get covariances statement 8 works
This is the name xsec_xsr_scc_Fv3_SCCThis is the type RW
Get covariances statement 8 works
This is the name detVarLYdownThis is the type DV
Get covariances statement 7 works
This is the name detVarLYraylThis is the type DV
Get covariances statement 7 works
This is the name detVarRecomb2This is the type DV
Get covariances statement 7 works
This is the name detVarSCEThis is the type DV
Get covariances statement 7 works
This is the name detVarWMAngleXZThis is the type DV
Get covariances statement 7 works
This is the name detVarWMAngleYZThis is the type DV
Get covariances statement 7 works
This is the name detVarWMXThis is the type DV
Get covariances statement 7 works
This is the name detVarWMYZThis is the type DV
Get covariances statement 7 works
This is the name POTThis is the type MCFullCorr
Get covariances statement 5 works
This is the name numTargetsThis is the type MCFullCorr
Get covariances statement 5 works
This is the name MCstatsThis is the type MCstat
Get covariances statement 3 works
This is the name EXTstatsThis is the type EXTstat
Get covariances statement 4 works
This is the name BNBstatsThis is the type BNBstat
Get covariances statement 4 works
This is the name xsec_unisimThis is the type sum
Get covariances statement 2 works
This is the name xsec_totalThis is the type sum
Get covariances statement 2 works
This is the name flux_totalThis is the type sum
Get covariances statement 2 works
This is the name detVar_totalThis is the type sum
Get covariances statement 2 works
This is the name DataStatsThis is the type sum
Get covariances statement 2 works
This is the name SimulationStatsThis is the type sum
Get covariances statement 2 works
This is the name PredTotalThis is the type sum
Get covariances statement 2 works
This is the name totalThis is the type sum
Get covariances statement 2 works
Get covariances statement 11 works

Starting the unfolding -----------------
Get covariances statement 1 works
This is the name fluxThis is the type FluxRW
Get covariances statement 8 works
This is the name reintThis is the type RW
Get covariances statement 8 works
This is the name xsec_multiThis is the type RW
Get covariances statement 8 works
This is the name xsec_AxFFCCQEshapeThis is the type RW
Get covariances statement 8 works
This is the name xsec_DecayAngMECThis is the type RW
Get covariances statement 8 works
This is the name xsec_NormCCCOHThis is the type RW
Get covariances statement 8 works
This is the name xsec_NormNCCOHThis is the type RW
Get covariances statement 8 works
This is the name xsec_RPA_CCQEThis is the type RW
Get covariances statement 8 works
This is the name xsec_ThetaDelta2NRadThis is the type RW
Get covariances statement 8 works
This is the name xsec_Theta_Delta2NpiThis is the type RW
Get covariances statement 8 works
This is the name xsec_VecFFCCQEshapeThis is the type RW
Get covariances statement 8 works
This is the name xsec_XSecShape_CCMECThis is the type RW
Get covariances statement 8 works
This is the name xsec_xsr_scc_Fa3_SCCThis is the type RW
Get covariances statement 8 works
This is the name xsec_xsr_scc_Fv3_SCCThis is the type RW
Get covariances statement 8 works
This is the name detVarLYdownThis is the type DV
Get covariances statement 7 works
This is the name detVarLYraylThis is the type DV
Get covariances statement 7 works
This is the name detVarRecomb2This is the type DV
Get covariances statement 7 works
This is the name detVarSCEThis is the type DV
Get covariances statement 7 works
This is the name detVarWMAngleXZThis is the type DV
Get covariances statement 7 works
This is the name detVarWMAngleYZThis is the type DV
Get covariances statement 7 works
This is the name detVarWMXThis is the type DV
Get covariances statement 7 works
This is the name detVarWMYZThis is the type DV
Get covariances statement 7 works
This is the name POTThis is the type MCFullCorr
Get covariances statement 5 works
This is the name numTargetsThis is the type MCFullCorr
Get covariances statement 5 works
This is the name MCstatsThis is the type MCstat
Get covariances statement 3 works
This is the name EXTstatsThis is the type EXTstat
Get covariances statement 4 works
This is the name BNBstatsThis is the type BNBstat
Get covariances statement 4 works
This is the name xsec_unisimThis is the type sum
Get covariances statement 2 works
This is the name xsec_totalThis is the type sum
Get covariances statement 2 works
This is the name flux_totalThis is the type sum
Get covariances statement 2 works
This is the name detVar_totalThis is the type sum
Get covariances statement 2 works
This is the name DataStatsThis is the type sum
Get covariances statement 2 works
This is the name SimulationStatsThis is the type sum
Get covariances statement 2 works
This is the name PredTotalThis is the type sum
Get covariances statement 2 works
This is the name totalThis is the type sum
Get covariances statement 2 works
Get covariances statement 11 works
Unfolding completed -----------------

Post-processing covariance matrices..
Creating Norm/Shape covariance matrices for 1 blocks(s)
	- Creating Norm/shape decomposition for block: 0
BNBstats: 0.000130885
DataStats: 0.000130885
EXTstats: 7.78565e-07
MCstats: 1.0422e-05
POT: 1.1392e-05
PredTotal: 0.00129068
SimulationStats: 1.12006e-05
detVarLYdown: 1.21787e-06
detVarLYrayl: 2.97198e-07
detVarRecomb2: 5.34231e-05
detVarSCE: 1.78584e-05
detVarWMAngleXZ: 4.21431e-06
detVarWMAngleYZ: 0.000103441
detVarWMX: 7.33577e-07
detVarWMYZ: 0.000221016
detVar_total: 0.000402202
flux: 0.000738848
flux_total: 0.000738848
numTargets: 2.848e-06
reint: 1.24508e-05
total: 0.00142156
total_blockwise_mixed: -0.000617118
total_blockwise_norm: 0.00169484
total_blockwise_shape: 0.000343839
xsec_AxFFCCQEshape: 1.02602e-06
xsec_DecayAngMEC: 2.0356e-06
xsec_NormCCCOH: 2.87277e-05
xsec_NormNCCOH: 1.09427e-06
xsec_RPA_CCQE: 5.36624e-07
xsec_ThetaDelta2NRad: 1.06016e-06
xsec_Theta_Delta2Npi: 2.28309e-05
xsec_VecFFCCQEshape: 1.1641e-06
xsec_XSecShape_CCMEC: 1.09597e-05
xsec_multi: 3.6844e-05
xsec_total: 0.000111735
xsec_unisim: 6.94351e-05
xsec_xsr_scc_Fa3_SCC: 2.73899e-06
xsec_xsr_scc_Fv3_SCC: 2.7165e-06
[IDENTITY] bins 5  max|U*R - A_C| 3.441e-09  rms 1.017e-09  max|A_C| 7.941e-01  relative 4.333e-09
Key: Fakedata
Key: GENIE
Key: GiBUU
Key: MicroBooNETune
Key: NEUT
Key: NuWro
[SYSTDUMP] sigma_int 8.062e-01
[SYSTDUMP] BNBstats 8.423e+00
[SYSTDUMP] DataStats 8.423e+00
[SYSTDUMP] EXTstats 6.210e-01
[SYSTDUMP] MCstats 2.420e+00
[SYSTDUMP] POT 3.263e+00
[SYSTDUMP] PredTotal 3.404e+01
[SYSTDUMP] SimulationStats 2.505e+00
[SYSTDUMP] detVarLYdown 2.386e+00
[SYSTDUMP] detVarLYrayl 2.363e+00
[SYSTDUMP] detVarRecomb2 5.250e+00
[SYSTDUMP] detVarSCE 4.132e+00
[SYSTDUMP] detVarWMAngleXZ 3.356e+00
[SYSTDUMP] detVarWMAngleYZ 1.074e+01
[SYSTDUMP] detVarWMX 3.614e+00
[SYSTDUMP] detVarWMYZ 8.677e+00
[SYSTDUMP] detVar_total 1.740e+01
[SYSTDUMP] flux 2.628e+01
[SYSTDUMP] flux_total 2.628e+01
[SYSTDUMP] numTargets 1.631e+00
[SYSTDUMP] reint 3.682e+00
[SYSTDUMP] total 3.509e+01
[SYSTDUMP] total_blockwise_mixed 6.065e+00
[SYSTDUMP] total_blockwise_norm 3.374e+01
[SYSTDUMP] total_blockwise_shape 1.153e+01
[SYSTDUMP] xsec_AxFFCCQEshape 9.479e-01
[SYSTDUMP] xsec_DecayAngMEC 1.318e+00
[SYSTDUMP] xsec_NormCCCOH 1.795e+00
[SYSTDUMP] xsec_NormNCCOH 8.793e-01
[SYSTDUMP] xsec_RPA_CCQE 1.374e+00
[SYSTDUMP] xsec_ThetaDelta2NRad 8.846e-01
[SYSTDUMP] xsec_Theta_Delta2Npi 3.408e+00
[SYSTDUMP] xsec_VecFFCCQEshape 1.195e+00
[SYSTDUMP] xsec_XSecShape_CCMEC 2.904e+00
[SYSTDUMP] xsec_multi 8.047e+00
[SYSTDUMP] xsec_total 1.100e+01
[SYSTDUMP] xsec_unisim 5.893e+00
[SYSTDUMP] xsec_xsr_scc_Fa3_SCC 2.407e+00
[SYSTDUMP] xsec_xsr_scc_Fv3_SCC 2.391e+00
[closure-dump] wrote /data/uboone/processed/closure_hists_xsec_RHCFULL_thmupi.root

GENIE: χ² = 2.101e+00/5 bins, p-value = 8.350e-01
GiBUU: χ² = 3.031e+00/5 bins, p-value = 6.952e-01
MicroBooNE Tune: χ² = 2.581e-01/5 bins, p-value = 9.984e-01
NEUT: χ² = 5.790e-01/5 bins, p-value = 9.889e-01
NuWro: χ² = 9.161e-01/5 bins, p-value = 9.690e-01
truth: χ² = 8.601e-02/5 bins, p-value = 9.999e-01
Bin: 1, Val = 2.034e-01, Unc = 6.284e-02
Bin: 2, Val = 3.927e-01, Unc = 1.249e-01
Bin: 3, Val = 4.772e-01, Unc = 1.604e-01
Bin: 4, Val = 4.329e-01, Unc = 1.643e-01
Bin: 5, Val = 1.775e-01, Unc = 7.309e-02
Info in <TCanvas::Print>: pdf file unfold_output/plot_thetamupi_0.pdf has been created
Key: Fakedata
Key: GENIE
Key: GiBUU
Key: MicroBooNETune
Key: NEUT
Key: NuWro

GENIE: χ² = 2.101e+00/5 bins, p-value = 8.350e-01
GiBUU: χ² = 3.031e+00/5 bins, p-value = 6.952e-01
MicroBooNE Tune: χ² = 2.581e-01/5 bins, p-value = 9.984e-01
NEUT: χ² = 5.790e-01/5 bins, p-value = 9.889e-01
NuWro: χ² = 9.161e-01/5 bins, p-value = 9.690e-01
truth: χ² = 8.601e-02/5 bins, p-value = 9.999e-01
Bin: 1, Val = 1.220e-01, Unc = 3.770e-02
Bin: 2, Val = 9.817e-02, Unc = 3.122e-02
Bin: 3, Val = 2.148e-01, Unc = 7.220e-02
Bin: 4, Val = 2.381e-01, Unc = 9.037e-02
Bin: 5, Val = 1.331e-01, Unc = 5.482e-02
Info in <TCanvas::Print>: pdf file unfold_output/plot_binnumber_1.pdf has been created
Error in <TROOT::WriteTObject>: The current directory (RootApp) is not associated with a file. The object (h_A_C) has not been written.
Info in <TCanvas::Print>: pdf file unfold_output/plot_regularization_matrix.pdf has been created
Get covariances statement 1 works
This is the name fluxThis is the type FluxRW
Get covariances statement 8 works
This is the name reintThis is the type RW
Get covariances statement 8 works
This is the name xsec_multiThis is the type RW
Get covariances statement 8 works
This is the name xsec_AxFFCCQEshapeThis is the type RW
Get covariances statement 8 works
This is the name xsec_DecayAngMECThis is the type RW
Get covariances statement 8 works
This is the name xsec_NormCCCOHThis is the type RW
Get covariances statement 8 works
This is the name xsec_NormNCCOHThis is the type RW
Get covariances statement 8 works
This is the name xsec_RPA_CCQEThis is the type RW
Get covariances statement 8 works
This is the name xsec_ThetaDelta2NRadThis is the type RW
Get covariances statement 8 works
This is the name xsec_Theta_Delta2NpiThis is the type RW
Get covariances statement 8 works
This is the name xsec_VecFFCCQEshapeThis is the type RW
Get covariances statement 8 works
This is the name xsec_XSecShape_CCMECThis is the type RW
Get covariances statement 8 works
This is the name xsec_xsr_scc_Fa3_SCCThis is the type RW
Get covariances statement 8 works
This is the name xsec_xsr_scc_Fv3_SCCThis is the type RW
Get covariances statement 8 works
This is the name detVarLYdownThis is the type DV
Get covariances statement 7 works
This is the name detVarLYraylThis is the type DV
Get covariances statement 7 works
This is the name detVarRecomb2This is the type DV
Get covariances statement 7 works
This is the name detVarSCEThis is the type DV
Get covariances statement 7 works
This is the name detVarWMAngleXZThis is the type DV
Get covariances statement 7 works
This is the name detVarWMAngleYZThis is the type DV
Get covariances statement 7 works
This is the name detVarWMXThis is the type DV
Get covariances statement 7 works
This is the name detVarWMYZThis is the type DV
Get covariances statement 7 works
This is the name POTThis is the type MCFullCorr
Get covariances statement 5 works
This is the name numTargetsThis is the type MCFullCorr
Get covariances statement 5 works
This is the name MCstatsThis is the type MCstat
Get covariances statement 3 works
This is the name EXTstatsThis is the type EXTstat
Get covariances statement 4 works
This is the name BNBstatsThis is the type BNBstat
Get covariances statement 4 works
This is the name xsec_unisimThis is the type sum
Get covariances statement 2 works
This is the name xsec_totalThis is the type sum
Get covariances statement 2 works
This is the name flux_totalThis is the type sum
Get covariances statement 2 works
This is the name detVar_totalThis is the type sum
Get covariances statement 2 works
This is the name DataStatsThis is the type sum
Get covariances statement 2 works
This is the name SimulationStatsThis is the type sum
Get covariances statement 2 works
This is the name PredTotalThis is the type sum
Get covariances statement 2 works
This is the name totalThis is the type sum
Get covariances statement 2 works
Get covariances statement 11 works
Info in <TCanvas::Print>: pdf file unfold_output/plot_step1_reco_spectrum.pdf has been created
Info in <TCanvas::Print>: pdf file unfold_output/plot_step2_bkgd_subtraction.pdf has been created
Info in <TCanvas::Print>: pdf file unfold_output/plot_step3_smearing_matrix.pdf has been created
[DIAGDUMP] column-normalised response diagonal: 0.855 0.787 0.862 0.872 0.905
Info in <TCanvas::Print>: pdf file unfold_output/plot_step4_efficiency.pdf has been created
