
Running Unfolder.C with options:
	XSEC_Config: configs/ccpi_xsec_config_numi_thmupi_fhc5.txt
	SLICE_Config: configs/ccpi_thmupi_slice_config_opt.txt
	OutputDirectory: /data/uboone/processed/
	OutputFileName: xsec_FHC5_thmupi.root


Loading default file properties from /home/t2k/nowak/MicroBooNE/working_xsec_analyzer/xsec_analyzer/configs/file_properties.txt
Loading file properties from configs/file_properties_numi_fhc5.txt
CrossSectionExtracter initialised with options:
	xsec_extract_tconfig_file_name: configs/ccpi_xsec_config_numi_thmupi_fhc5.txt
	syst_config_file_name: configs/ccpi_systcalc_numi.conf
	file_properties_config: configs/file_properties_numi_fhc5.txt
	unfolding_tech: WienerSVD
		Option: Second Derivative
	univ_file_name: /data/uboone/processed/ccpi_FHC5_thmupi_univmake.root
	Predictions - 
		 0 - Prediction uBTune "MicroBooNE Tune" univ CV
		 1 - Prediction FakeData "Fakedata" univ FakeData
		 2 - Prediction GENIE "GENIE" file /home/t2k/nowak/MicroBooNE/working_xsec_analyzer/generator_predictions/newg4/genie_newg4_fte.root thmupi_fte
		 3 - Prediction GiBUU "GiBUU" file /home/t2k/nowak/MicroBooNE/working_xsec_analyzer/generator_predictions/newg4/gibuu_newg4_fte.root thmupi_fte
		 4 - Prediction NEUT "NEUT" file /home/t2k/nowak/MicroBooNE/working_xsec_analyzer/generator_predictions/newg4/neut_newg4_fte.root thmupi_fte
		 5 - Prediction NuWro "NuWro" file /home/t2k/nowak/MicroBooNE/working_xsec_analyzer/generator_predictions/newg4/nuwro_newg4_fte.root thmupi_fte


We do get in here but something goes wrong 
respmat_tdirectoryfile_name given to SystematicsCalculator is empty. Using default: ccpi_CC1mu1piXp_thmupi_1D

Initialising SystematicsCalculator with options:
	syst_config_file_name_: configs/ccpi_systcalc_numi.conf
	universe_file_name: /data/uboone/processed/ccpi_FHC5_thmupi_univmake.root
	fpm_config_file: configs+file_properties_numi_fhc5.txt
	tdf_name: ccpi_CC1mu1piXp_thmupi_1D


Reusing cached universes "total_configs+file_properties_numi_fhc5.txt" (normalisation key v5-fakedata-truth-unweighted-51fe5554df3edefe).
******* USING FAKE DATA *******
using_fake_data = 1

Initialising SliceBinning object
	config_file_name: configs/ccpi_thmupi_slice_config_opt.txt
	Number of variables used in slicing: 2
	Number of slices requested: 2

Slice Specifications ---------------- 

Slice Index: 0
	Active variable: #theta_{#mu#pi}
	Number of bins: 5 - 
		Bin 1: 0  (rad) ≤ #theta_{#mu#pi} < 0.6  (rad)
		Bin 2: 0.6  (rad) ≤ #theta_{#mu#pi} < 0.85  (rad)
		Bin 3: 0.85  (rad) ≤ #theta_{#mu#pi} < 1.3  (rad)
		Bin 4: 1.3  (rad) ≤ #theta_{#mu#pi} < 1.85  (rad)
		Bin 5: 1.85  (rad) ≤ #theta_{#mu#pi} < 2.6  (rad)
	Bin matching between slice TH1 and global TH1 - 
		Global bin 0 is matched to 1 in this slice
		Global bin 1 is matched to 2 in this slice
		Global bin 2 is matched to 3 in this slice
		Global bin 3 is matched to 4 in this slice
		Global bin 4 is matched to 5 in this slice

Slice Index: 1
	Active variable: bin number
	Number of bins: 5 - 
		Bin 1: 0  ≤ bin number < 1 
		Bin 2: 1  ≤ bin number < 2 
		Bin 3: 2  ≤ bin number < 3 
		Bin 4: 3  ≤ bin number < 4 
		Bin 5: 4  ≤ bin number < 5 
	Bin matching between slice TH1 and global TH1 - 
		Global bin 0 is matched to 1 in this slice
		Global bin 1 is matched to 2 in this slice
		Global bin 2 is matched to 3 in this slice
		Global bin 3 is matched to 4 in this slice
		Global bin 4 is matched to 5 in this slice
[REGWIDTH] supplied 5 true-bin widths to the regularisation matrix
Get covariances statement 1 works
This is the name fluxThis is the type FluxRW
Get covariances statement 8 works
This is the name reintThis is the type RW
Get covariances statement 8 works
This is the name xsec_multiThis is the type RW
Get covariances statement 8 works
This is the name xsec_AxFFCCQEshapeThis is the type RW
Get covariances statement 8 works
This is the name xsec_DecayAngMECThis is the type RW
Get covariances statement 8 works
This is the name xsec_NormCCCOHThis is the type RW
Get covariances statement 8 works
This is the name xsec_NormNCCOHThis is the type RW
Get covariances statement 8 works
This is the name xsec_RPA_CCQEThis is the type RW
Get covariances statement 8 works
This is the name xsec_ThetaDelta2NRadThis is the type RW
Get covariances statement 8 works
This is the name xsec_Theta_Delta2NpiThis is the type RW
Get covariances statement 8 works
This is the name xsec_VecFFCCQEshapeThis is the type RW
Get covariances statement 8 works
This is the name xsec_XSecShape_CCMECThis is the type RW
Get covariances statement 8 works
This is the name xsec_xsr_scc_Fa3_SCCThis is the type RW
Get covariances statement 8 works
This is the name xsec_xsr_scc_Fv3_SCCThis is the type RW
Get covariances statement 8 works
This is the name detVarLYdownThis is the type DV
Get covariances statement 7 works
This is the name detVarLYraylThis is the type DV
Get covariances statement 7 works
This is the name detVarRecomb2This is the type DV
Get covariances statement 7 works
This is the name detVarSCEThis is the type DV
Get covariances statement 7 works
This is the name detVarWMAngleXZThis is the type DV
Get covariances statement 7 works
This is the name detVarWMAngleYZThis is the type DV
Get covariances statement 7 works
This is the name detVarWMXThis is the type DV
Get covariances statement 7 works
This is the name detVarWMYZThis is the type DV
Get covariances statement 7 works
This is the name POTThis is the type MCFullCorr
Get covariances statement 5 works
This is the name numTargetsThis is the type MCFullCorr
Get covariances statement 5 works
This is the name MCstatsThis is the type MCstat
Get covariances statement 3 works
This is the name EXTstatsThis is the type EXTstat
Get covariances statement 4 works
This is the name BNBstatsThis is the type BNBstat
Get covariances statement 4 works
This is the name xsec_unisimThis is the type sum
Get covariances statement 2 works
This is the name xsec_totalThis is the type sum
Get covariances statement 2 works
This is the name flux_totalThis is the type sum
Get covariances statement 2 works
This is the name detVar_totalThis is the type sum
Get covariances statement 2 works
This is the name DataStatsThis is the type sum
Get covariances statement 2 works
This is the name SimulationStatsThis is the type sum
Get covariances statement 2 works
This is the name PredTotalThis is the type sum
Get covariances statement 2 works
This is the name totalThis is the type sum
Get covariances statement 2 works
Get covariances statement 11 works

Starting the unfolding -----------------
Get covariances statement 1 works
This is the name fluxThis is the type FluxRW
Get covariances statement 8 works
This is the name reintThis is the type RW
Get covariances statement 8 works
This is the name xsec_multiThis is the type RW
Get covariances statement 8 works
This is the name xsec_AxFFCCQEshapeThis is the type RW
Get covariances statement 8 works
This is the name xsec_DecayAngMECThis is the type RW
Get covariances statement 8 works
This is the name xsec_NormCCCOHThis is the type RW
Get covariances statement 8 works
This is the name xsec_NormNCCOHThis is the type RW
Get covariances statement 8 works
This is the name xsec_RPA_CCQEThis is the type RW
Get covariances statement 8 works
This is the name xsec_ThetaDelta2NRadThis is the type RW
Get covariances statement 8 works
This is the name xsec_Theta_Delta2NpiThis is the type RW
Get covariances statement 8 works
This is the name xsec_VecFFCCQEshapeThis is the type RW
Get covariances statement 8 works
This is the name xsec_XSecShape_CCMECThis is the type RW
Get covariances statement 8 works
This is the name xsec_xsr_scc_Fa3_SCCThis is the type RW
Get covariances statement 8 works
This is the name xsec_xsr_scc_Fv3_SCCThis is the type RW
Get covariances statement 8 works
This is the name detVarLYdownThis is the type DV
Get covariances statement 7 works
This is the name detVarLYraylThis is the type DV
Get covariances statement 7 works
This is the name detVarRecomb2This is the type DV
Get covariances statement 7 works
This is the name detVarSCEThis is the type DV
Get covariances statement 7 works
This is the name detVarWMAngleXZThis is the type DV
Get covariances statement 7 works
This is the name detVarWMAngleYZThis is the type DV
Get covariances statement 7 works
This is the name detVarWMXThis is the type DV
Get covariances statement 7 works
This is the name detVarWMYZThis is the type DV
Get covariances statement 7 works
This is the name POTThis is the type MCFullCorr
Get covariances statement 5 works
This is the name numTargetsThis is the type MCFullCorr
Get covariances statement 5 works
This is the name MCstatsThis is the type MCstat
Get covariances statement 3 works
This is the name EXTstatsThis is the type EXTstat
Get covariances statement 4 works
This is the name BNBstatsThis is the type BNBstat
Get covariances statement 4 works
This is the name xsec_unisimThis is the type sum
Get covariances statement 2 works
This is the name xsec_totalThis is the type sum
Get covariances statement 2 works
This is the name flux_totalThis is the type sum
Get covariances statement 2 works
This is the name detVar_totalThis is the type sum
Get covariances statement 2 works
This is the name DataStatsThis is the type sum
Get covariances statement 2 works
This is the name SimulationStatsThis is the type sum
Get covariances statement 2 works
This is the name PredTotalThis is the type sum
Get covariances statement 2 works
This is the name totalThis is the type sum
Get covariances statement 2 works
Get covariances statement 11 works
Unfolding completed -----------------

Post-processing covariance matrices..
Creating Norm/Shape covariance matrices for 1 blocks(s)
	- Creating Norm/shape decomposition for block: 0
BNBstats: 0.000185167
DataStats: 0.000185167
EXTstats: 2.45175e-06
MCstats: 1.73022e-05
POT: 1.15203e-05
PredTotal: 0.00138788
SimulationStats: 1.97539e-05
detVarLYdown: 1.67044e-05
detVarLYrayl: 1.67844e-05
detVarRecomb2: 0.000177441
detVarSCE: 1.5628e-07
detVarWMAngleXZ: 1.42248e-05
detVarWMAngleYZ: 0.000112982
detVarWMX: 1.43288e-05
detVarWMYZ: 5.70827e-06
detVar_total: 0.00035833
flux: 0.000851656
flux_total: 0.000851656
numTargets: 2.88007e-06
reint: 1.75093e-05
total: 0.00157304
total_blockwise_mixed: -0.000393732
total_blockwise_norm: 0.00167864
total_blockwise_shape: 0.00028813
xsec_AxFFCCQEshape: 2.64844e-07
xsec_DecayAngMEC: 6.31626e-07
xsec_NormCCCOH: 1.77419e-05
xsec_NormNCCOH: 3.337e-07
xsec_RPA_CCQE: 1.67811e-07
xsec_ThetaDelta2NRad: 3.337e-07
xsec_Theta_Delta2Npi: 5.88616e-05
xsec_VecFFCCQEshape: 2.44786e-07
xsec_XSecShape_CCMEC: 9.0353e-06
xsec_multi: 3.7019e-05
xsec_total: 0.000126225
xsec_unisim: 8.76153e-05
xsec_xsr_scc_Fa3_SCC: 8.09014e-07
xsec_xsr_scc_Fv3_SCC: 7.81907e-07
[IDENTITY] bins 5  max|U*R - A_C| 1.981e-09  rms 8.827e-10  max|A_C| 7.647e-01  relative 2.591e-09
Key: Fakedata
Key: GENIE
Key: GiBUU
Key: MicroBooNETune
Key: NEUT
Key: NuWro
[SYSTDUMP] sigma_int 8.238e-01
[SYSTDUMP] BNBstats 8.825e+00
[SYSTDUMP] DataStats 8.825e+00
[SYSTDUMP] EXTstats 9.264e-01
[SYSTDUMP] MCstats 2.750e+00
[SYSTDUMP] POT 3.208e+00
[SYSTDUMP] PredTotal 3.653e+01
[SYSTDUMP] SimulationStats 2.905e+00
[SYSTDUMP] detVarLYdown 1.952e+00
[SYSTDUMP] detVarLYrayl 3.374e+00
[SYSTDUMP] detVarRecomb2 1.318e+01
[SYSTDUMP] detVarSCE 3.653e+00
[SYSTDUMP] detVarWMAngleXZ 4.562e+00
[SYSTDUMP] detVarWMAngleYZ 8.533e+00
[SYSTDUMP] detVarWMX 6.661e+00
[SYSTDUMP] detVarWMYZ 1.080e+00
[SYSTDUMP] detVar_total 1.902e+01
[SYSTDUMP] flux 2.879e+01
[SYSTDUMP] flux_total 2.879e+01
[SYSTDUMP] numTargets 1.604e+00
[SYSTDUMP] reint 4.032e+00
[SYSTDUMP] total 3.766e+01
[SYSTDUMP] total_blockwise_mixed 4.930e+00
[SYSTDUMP] total_blockwise_norm 3.716e+01
[SYSTDUMP] total_blockwise_shape 1.086e+01
[SYSTDUMP] xsec_AxFFCCQEshape 2.709e-01
[SYSTDUMP] xsec_DecayAngMEC 4.822e-01
[SYSTDUMP] xsec_NormCCCOH 1.728e+00
[SYSTDUMP] xsec_NormNCCOH 2.464e-01
[SYSTDUMP] xsec_RPA_CCQE 1.023e+00
[SYSTDUMP] xsec_ThetaDelta2NRad 2.464e-01
[SYSTDUMP] xsec_Theta_Delta2Npi 4.661e+00
[SYSTDUMP] xsec_VecFFCCQEshape 5.687e-01
[SYSTDUMP] xsec_XSecShape_CCMEC 3.636e+00
[SYSTDUMP] xsec_multi 6.780e+00
[SYSTDUMP] xsec_total 1.022e+01
[SYSTDUMP] xsec_unisim 6.955e+00
[SYSTDUMP] xsec_xsr_scc_Fa3_SCC 1.790e+00
[SYSTDUMP] xsec_xsr_scc_Fv3_SCC 1.768e+00
[closure-dump] wrote /data/uboone/processed/closure_hists_xsec_FHC5_thmupi.root

GENIE: χ² = 7.550e-01/5 bins, p-value = 9.798e-01
GiBUU: χ² = 5.329e-01/5 bins, p-value = 9.909e-01
MicroBooNE Tune: χ² = 3.884e-01/5 bins, p-value = 9.956e-01
NEUT: χ² = 2.734e+00/5 bins, p-value = 7.409e-01
NuWro: χ² = 3.310e+00/5 bins, p-value = 6.523e-01
truth: χ² = 4.371e-01/5 bins, p-value = 9.942e-01
Bin: 1, Val = 1.838e-01, Unc = 6.610e-02
Bin: 2, Val = 3.901e-01, Unc = 1.381e-01
Bin: 3, Val = 4.839e-01, Unc = 1.844e-01
Bin: 4, Val = 4.352e-01, Unc = 1.915e-01
Bin: 5, Val = 2.118e-01, Unc = 7.374e-02
Info in <TCanvas::Print>: pdf file unfold_output/plot_thetamupi_0.pdf has been created
Key: Fakedata
Key: GENIE
Key: GiBUU
Key: MicroBooNETune
Key: NEUT
Key: NuWro

GENIE: χ² = 7.550e-01/5 bins, p-value = 9.798e-01
GiBUU: χ² = 5.329e-01/5 bins, p-value = 9.909e-01
MicroBooNE Tune: χ² = 3.884e-01/5 bins, p-value = 9.956e-01
NEUT: χ² = 2.734e+00/5 bins, p-value = 7.409e-01
NuWro: χ² = 3.310e+00/5 bins, p-value = 6.523e-01
truth: χ² = 4.371e-01/5 bins, p-value = 9.942e-01
Bin: 1, Val = 1.103e-01, Unc = 3.966e-02
Bin: 2, Val = 9.753e-02, Unc = 3.452e-02
Bin: 3, Val = 2.178e-01, Unc = 8.300e-02
Bin: 4, Val = 2.394e-01, Unc = 1.053e-01
Bin: 5, Val = 1.589e-01, Unc = 5.531e-02
Info in <TCanvas::Print>: pdf file unfold_output/plot_binnumber_1.pdf has been created
Error in <TROOT::WriteTObject>: The current directory (RootApp) is not associated with a file. The object (h_A_C) has not been written.
Info in <TCanvas::Print>: pdf file unfold_output/plot_regularization_matrix.pdf has been created
Get covariances statement 1 works
This is the name fluxThis is the type FluxRW
Get covariances statement 8 works
This is the name reintThis is the type RW
Get covariances statement 8 works
This is the name xsec_multiThis is the type RW
Get covariances statement 8 works
This is the name xsec_AxFFCCQEshapeThis is the type RW
Get covariances statement 8 works
This is the name xsec_DecayAngMECThis is the type RW
Get covariances statement 8 works
This is the name xsec_NormCCCOHThis is the type RW
Get covariances statement 8 works
This is the name xsec_NormNCCOHThis is the type RW
Get covariances statement 8 works
This is the name xsec_RPA_CCQEThis is the type RW
Get covariances statement 8 works
This is the name xsec_ThetaDelta2NRadThis is the type RW
Get covariances statement 8 works
This is the name xsec_Theta_Delta2NpiThis is the type RW
Get covariances statement 8 works
This is the name xsec_VecFFCCQEshapeThis is the type RW
Get covariances statement 8 works
This is the name xsec_XSecShape_CCMECThis is the type RW
Get covariances statement 8 works
This is the name xsec_xsr_scc_Fa3_SCCThis is the type RW
Get covariances statement 8 works
This is the name xsec_xsr_scc_Fv3_SCCThis is the type RW
Get covariances statement 8 works
This is the name detVarLYdownThis is the type DV
Get covariances statement 7 works
This is the name detVarLYraylThis is the type DV
Get covariances statement 7 works
This is the name detVarRecomb2This is the type DV
Get covariances statement 7 works
This is the name detVarSCEThis is the type DV
Get covariances statement 7 works
This is the name detVarWMAngleXZThis is the type DV
Get covariances statement 7 works
This is the name detVarWMAngleYZThis is the type DV
Get covariances statement 7 works
This is the name detVarWMXThis is the type DV
Get covariances statement 7 works
This is the name detVarWMYZThis is the type DV
Get covariances statement 7 works
This is the name POTThis is the type MCFullCorr
Get covariances statement 5 works
This is the name numTargetsThis is the type MCFullCorr
Get covariances statement 5 works
This is the name MCstatsThis is the type MCstat
Get covariances statement 3 works
This is the name EXTstatsThis is the type EXTstat
Get covariances statement 4 works
This is the name BNBstatsThis is the type BNBstat
Get covariances statement 4 works
This is the name xsec_unisimThis is the type sum
Get covariances statement 2 works
This is the name xsec_totalThis is the type sum
Get covariances statement 2 works
This is the name flux_totalThis is the type sum
Get covariances statement 2 works
This is the name detVar_totalThis is the type sum
Get covariances statement 2 works
This is the name DataStatsThis is the type sum
Get covariances statement 2 works
This is the name SimulationStatsThis is the type sum
Get covariances statement 2 works
This is the name PredTotalThis is the type sum
Get covariances statement 2 works
This is the name totalThis is the type sum
Get covariances statement 2 works
Get covariances statement 11 works
Info in <TCanvas::Print>: pdf file unfold_output/plot_step1_reco_spectrum.pdf has been created
Info in <TCanvas::Print>: pdf file unfold_output/plot_step2_bkgd_subtraction.pdf has been created
Info in <TCanvas::Print>: pdf file unfold_output/plot_step3_smearing_matrix.pdf has been created
[DIAGDUMP] column-normalised response diagonal: 0.856 0.782 0.873 0.873 0.889
Info in <TCanvas::Print>: pdf file unfold_output/plot_step4_efficiency.pdf has been created
