
Running Unfolder.C with options:
	XSEC_Config: configs/ccpi_xsec_config_numi_thetamu_rhcfull.txt
	SLICE_Config: configs/ccpi_thetamu_slice_config_opt.txt
	OutputDirectory: /data/uboone/processed/
	OutputFileName: xsec_RHCFULL_thetamu.root


Loading default file properties from /home/t2k/nowak/MicroBooNE/working_xsec_analyzer/xsec_analyzer/configs/file_properties.txt
Loading file properties from configs/file_properties_numi_rhcfull.txt
CrossSectionExtracter initialised with options:
	xsec_extract_tconfig_file_name: configs/ccpi_xsec_config_numi_thetamu_rhcfull.txt
	syst_config_file_name: configs/ccpi_systcalc_numi.conf
	file_properties_config: configs/file_properties_numi_rhcfull.txt
	unfolding_tech: WienerSVD
		Option: Second Derivative
	univ_file_name: /data/uboone/processed/ccpi_RHCFULL_thetamu_univmake.root
	Predictions - 
		 0 - Prediction uBTune "MicroBooNE Tune" univ CV
		 1 - Prediction FakeData "Fakedata" univ FakeData
		 2 - Prediction GENIE "GENIE" file /home/t2k/nowak/MicroBooNE/working_xsec_analyzer/generator_predictions/newg4/genie_rhc_fte.root thetamu_fte
		 3 - Prediction GiBUU "GiBUU" file /home/t2k/nowak/MicroBooNE/working_xsec_analyzer/generator_predictions/newg4/gibuu_rhc_fte.root thetamu_fte
		 4 - Prediction NEUT "NEUT" file /home/t2k/nowak/MicroBooNE/working_xsec_analyzer/generator_predictions/newg4/neut_rhc_fte.root thetamu_fte
		 5 - Prediction NuWro "NuWro" file /home/t2k/nowak/MicroBooNE/working_xsec_analyzer/generator_predictions/newg4/nuwro_rhc_fte.root thetamu_fte


We do get in here but something goes wrong 
respmat_tdirectoryfile_name given to SystematicsCalculator is empty. Using default: ccpi_CC1mu1piXp_thetamu_1D

Initialising SystematicsCalculator with options:
	syst_config_file_name_: configs/ccpi_systcalc_numi.conf
	universe_file_name: /data/uboone/processed/ccpi_RHCFULL_thetamu_univmake.root
	fpm_config_file: configs+file_properties_numi_rhcfull.txt
	tdf_name: ccpi_CC1mu1piXp_thetamu_1D


Reusing cached universes "total_configs+file_properties_numi_rhcfull.txt" (normalisation key v5-fakedata-truth-unweighted-38227e5b6aa2d27a).
******* USING FAKE DATA *******
using_fake_data = 1

Initialising SliceBinning object
	config_file_name: configs/ccpi_thetamu_slice_config_opt.txt
	Number of variables used in slicing: 2
	Number of slices requested: 2

Slice Specifications ---------------- 

Slice Index: 0
	Active variable: #theta_{#mu} [rad]
	Number of bins: 5 - 
		Bin 1: 0  ≤ #theta_{#mu} [rad] < 0.43 
		Bin 2: 0.43  ≤ #theta_{#mu} [rad] < 0.62 
		Bin 3: 0.62  ≤ #theta_{#mu} [rad] < 0.84 
		Bin 4: 0.84  ≤ #theta_{#mu} [rad] < 1.17 
		Bin 5: 1.17  ≤ #theta_{#mu} [rad] < 3.15 
	Bin matching between slice TH1 and global TH1 - 
		Global bin 0 is matched to 1 in this slice
		Global bin 1 is matched to 2 in this slice
		Global bin 2 is matched to 3 in this slice
		Global bin 3 is matched to 4 in this slice
		Global bin 4 is matched to 5 in this slice

Slice Index: 1
	Active variable: bin number
	Number of bins: 5 - 
		Bin 1: 0  ≤ bin number < 1 
		Bin 2: 1  ≤ bin number < 2 
		Bin 3: 2  ≤ bin number < 3 
		Bin 4: 3  ≤ bin number < 4 
		Bin 5: 4  ≤ bin number < 5 
	Bin matching between slice TH1 and global TH1 - 
		Global bin 0 is matched to 1 in this slice
		Global bin 1 is matched to 2 in this slice
		Global bin 2 is matched to 3 in this slice
		Global bin 3 is matched to 4 in this slice
		Global bin 4 is matched to 5 in this slice
[REGWIDTH] supplied 5 true-bin widths to the regularisation matrix
Get covariances statement 1 works
This is the name fluxThis is the type FluxRW
Get covariances statement 8 works
This is the name reintThis is the type RW
Get covariances statement 8 works
This is the name xsec_multiThis is the type RW
Get covariances statement 8 works
This is the name xsec_AxFFCCQEshapeThis is the type RW
Get covariances statement 8 works
This is the name xsec_DecayAngMECThis is the type RW
Get covariances statement 8 works
This is the name xsec_NormCCCOHThis is the type RW
Get covariances statement 8 works
This is the name xsec_NormNCCOHThis is the type RW
Get covariances statement 8 works
This is the name xsec_RPA_CCQEThis is the type RW
Get covariances statement 8 works
This is the name xsec_ThetaDelta2NRadThis is the type RW
Get covariances statement 8 works
This is the name xsec_Theta_Delta2NpiThis is the type RW
Get covariances statement 8 works
This is the name xsec_VecFFCCQEshapeThis is the type RW
Get covariances statement 8 works
This is the name xsec_XSecShape_CCMECThis is the type RW
Get covariances statement 8 works
This is the name xsec_xsr_scc_Fa3_SCCThis is the type RW
Get covariances statement 8 works
This is the name xsec_xsr_scc_Fv3_SCCThis is the type RW
Get covariances statement 8 works
This is the name detVarLYdownThis is the type DV
Get covariances statement 7 works
This is the name detVarLYraylThis is the type DV
Get covariances statement 7 works
This is the name detVarRecomb2This is the type DV
Get covariances statement 7 works
This is the name detVarSCEThis is the type DV
Get covariances statement 7 works
This is the name detVarWMAngleXZThis is the type DV
Get covariances statement 7 works
This is the name detVarWMAngleYZThis is the type DV
Get covariances statement 7 works
This is the name detVarWMXThis is the type DV
Get covariances statement 7 works
This is the name detVarWMYZThis is the type DV
Get covariances statement 7 works
This is the name POTThis is the type MCFullCorr
Get covariances statement 5 works
This is the name numTargetsThis is the type MCFullCorr
Get covariances statement 5 works
This is the name MCstatsThis is the type MCstat
Get covariances statement 3 works
This is the name EXTstatsThis is the type EXTstat
Get covariances statement 4 works
This is the name BNBstatsThis is the type BNBstat
Get covariances statement 4 works
This is the name xsec_unisimThis is the type sum
Get covariances statement 2 works
This is the name xsec_totalThis is the type sum
Get covariances statement 2 works
This is the name flux_totalThis is the type sum
Get covariances statement 2 works
This is the name detVar_totalThis is the type sum
Get covariances statement 2 works
This is the name DataStatsThis is the type sum
Get covariances statement 2 works
This is the name SimulationStatsThis is the type sum
Get covariances statement 2 works
This is the name PredTotalThis is the type sum
Get covariances statement 2 works
This is the name totalThis is the type sum
Get covariances statement 2 works
Get covariances statement 11 works

Starting the unfolding -----------------
Get covariances statement 1 works
This is the name fluxThis is the type FluxRW
Get covariances statement 8 works
This is the name reintThis is the type RW
Get covariances statement 8 works
This is the name xsec_multiThis is the type RW
Get covariances statement 8 works
This is the name xsec_AxFFCCQEshapeThis is the type RW
Get covariances statement 8 works
This is the name xsec_DecayAngMECThis is the type RW
Get covariances statement 8 works
This is the name xsec_NormCCCOHThis is the type RW
Get covariances statement 8 works
This is the name xsec_NormNCCOHThis is the type RW
Get covariances statement 8 works
This is the name xsec_RPA_CCQEThis is the type RW
Get covariances statement 8 works
This is the name xsec_ThetaDelta2NRadThis is the type RW
Get covariances statement 8 works
This is the name xsec_Theta_Delta2NpiThis is the type RW
Get covariances statement 8 works
This is the name xsec_VecFFCCQEshapeThis is the type RW
Get covariances statement 8 works
This is the name xsec_XSecShape_CCMECThis is the type RW
Get covariances statement 8 works
This is the name xsec_xsr_scc_Fa3_SCCThis is the type RW
Get covariances statement 8 works
This is the name xsec_xsr_scc_Fv3_SCCThis is the type RW
Get covariances statement 8 works
This is the name detVarLYdownThis is the type DV
Get covariances statement 7 works
This is the name detVarLYraylThis is the type DV
Get covariances statement 7 works
This is the name detVarRecomb2This is the type DV
Get covariances statement 7 works
This is the name detVarSCEThis is the type DV
Get covariances statement 7 works
This is the name detVarWMAngleXZThis is the type DV
Get covariances statement 7 works
This is the name detVarWMAngleYZThis is the type DV
Get covariances statement 7 works
This is the name detVarWMXThis is the type DV
Get covariances statement 7 works
This is the name detVarWMYZThis is the type DV
Get covariances statement 7 works
This is the name POTThis is the type MCFullCorr
Get covariances statement 5 works
This is the name numTargetsThis is the type MCFullCorr
Get covariances statement 5 works
This is the name MCstatsThis is the type MCstat
Get covariances statement 3 works
This is the name EXTstatsThis is the type EXTstat
Get covariances statement 4 works
This is the name BNBstatsThis is the type BNBstat
Get covariances statement 4 works
This is the name xsec_unisimThis is the type sum
Get covariances statement 2 works
This is the name xsec_totalThis is the type sum
Get covariances statement 2 works
This is the name flux_totalThis is the type sum
Get covariances statement 2 works
This is the name detVar_totalThis is the type sum
Get covariances statement 2 works
This is the name DataStatsThis is the type sum
Get covariances statement 2 works
This is the name SimulationStatsThis is the type sum
Get covariances statement 2 works
This is the name PredTotalThis is the type sum
Get covariances statement 2 works
This is the name totalThis is the type sum
Get covariances statement 2 works
Get covariances statement 11 works
Unfolding completed -----------------

Post-processing covariance matrices..
Creating Norm/Shape covariance matrices for 1 blocks(s)
	- Creating Norm/shape decomposition for block: 0
BNBstats: 0.000465585
DataStats: 0.000465585
EXTstats: 4.01349e-06
MCstats: 3.84133e-05
POT: 9.91135e-05
PredTotal: 0.0125589
SimulationStats: 4.24268e-05
detVarLYdown: 0.000185663
detVarLYrayl: 5.26695e-06
detVarRecomb2: 0.00298498
detVarSCE: 6.79771e-06
detVarWMAngleXZ: 9.55511e-08
detVarWMAngleYZ: 0.000211151
detVarWMX: 0.000511302
detVarWMYZ: 0.000987391
detVar_total: 0.00489265
flux: 0.00646685
flux_total: 0.00646685
numTargets: 2.47784e-05
reint: 0.000125474
total: 0.0130245
total_blockwise_mixed: -0.00144492
total_blockwise_norm: 0.0141218
total_blockwise_shape: 0.000347614
xsec_AxFFCCQEshape: 1.52789e-05
xsec_DecayAngMEC: 8.34927e-06
xsec_NormCCCOH: 8.29819e-06
xsec_NormNCCOH: 1.62217e-05
xsec_RPA_CCQE: 9.84807e-06
xsec_ThetaDelta2NRad: 1.63824e-05
xsec_Theta_Delta2Npi: 3.25558e-05
xsec_VecFFCCQEshape: 1.80297e-05
xsec_XSecShape_CCMEC: 1.61844e-05
xsec_multi: 0.000292673
xsec_total: 0.000907576
xsec_unisim: 0.000141148
xsec_xsr_scc_Fa3_SCC: 0.000236908
xsec_xsr_scc_Fv3_SCC: 0.000236848
[IDENTITY] bins 5  max|U*R - A_C| 4.682e-09  rms 1.277e-09  max|A_C| 6.898e-01  relative 6.788e-09
Key: Fakedata
Key: GENIE
Key: GiBUU
Key: MicroBooNETune
Key: NEUT
Key: NuWro
[SYSTDUMP] sigma_int 8.055e-01
[SYSTDUMP] BNBstats 8.970e+00
[SYSTDUMP] DataStats 8.970e+00
[SYSTDUMP] EXTstats 7.496e-01
[SYSTDUMP] MCstats 2.548e+00
[SYSTDUMP] POT 3.111e+00
[SYSTDUMP] PredTotal 3.608e+01
[SYSTDUMP] SimulationStats 2.656e+00
[SYSTDUMP] detVarLYdown 5.334e+00
[SYSTDUMP] detVarLYrayl 5.781e-01
[SYSTDUMP] detVarRecomb2 1.424e+01
[SYSTDUMP] detVarSCE 2.815e+00
[SYSTDUMP] detVarWMAngleXZ 1.933e+00
[SYSTDUMP] detVarWMAngleYZ 5.095e+00
[SYSTDUMP] detVarWMX 9.818e+00
[SYSTDUMP] detVarWMYZ 9.954e+00
[SYSTDUMP] detVar_total 2.236e+01
[SYSTDUMP] flux 2.555e+01
[SYSTDUMP] flux_total 2.555e+01
[SYSTDUMP] numTargets 1.556e+00
[SYSTDUMP] reint 3.566e+00
[SYSTDUMP] total 3.721e+01
[SYSTDUMP] total_blockwise_mixed 6.871e+00
[SYSTDUMP] total_blockwise_norm 3.538e+01
[SYSTDUMP] total_blockwise_shape 9.591e+00
[SYSTDUMP] xsec_AxFFCCQEshape 1.548e+00
[SYSTDUMP] xsec_DecayAngMEC 1.280e+00
[SYSTDUMP] xsec_NormCCCOH 1.354e+00
[SYSTDUMP] xsec_NormNCCOH 1.491e+00
[SYSTDUMP] xsec_RPA_CCQE 1.413e+00
[SYSTDUMP] xsec_ThetaDelta2NRad 1.499e+00
[SYSTDUMP] xsec_Theta_Delta2Npi 1.677e+00
[SYSTDUMP] xsec_VecFFCCQEshape 1.838e+00
[SYSTDUMP] xsec_XSecShape_CCMEC 1.538e+00
[SYSTDUMP] xsec_multi 7.163e+00
[SYSTDUMP] xsec_total 1.072e+01
[SYSTDUMP] xsec_unisim 4.646e+00
[SYSTDUMP] xsec_xsr_scc_Fa3_SCC 4.390e+00
[SYSTDUMP] xsec_xsr_scc_Fv3_SCC 4.377e+00
[closure-dump] wrote /data/uboone/processed/closure_hists_xsec_RHCFULL_thetamu.root

GENIE: χ² = 7.778e-01/5 bins, p-value = 9.784e-01
GiBUU: χ² = 3.417e-01/5 bins, p-value = 9.968e-01
MicroBooNE Tune: χ² = 2.080e-01/5 bins, p-value = 9.990e-01
NEUT: χ² = 5.601e+00/5 bins, p-value = 3.470e-01
NuWro: χ² = 5.761e+00/5 bins, p-value = 3.302e-01
truth: χ² = 1.205e-01/5 bins, p-value = 9.997e-01
Bin: 1, Val = 7.812e-01, Unc = 2.654e-01
Bin: 2, Val = 6.391e-01, Unc = 2.258e-01
Bin: 3, Val = 5.327e-01, Unc = 2.014e-01
Bin: 4, Val = 3.817e-01, Unc = 1.765e-01
Bin: 5, Val = 5.302e-02, Unc = 1.734e-02
Info in <TCanvas::Print>: pdf file unfold_output/plot_thetamurad_0.pdf has been created
Key: Fakedata
Key: GENIE
Key: GiBUU
Key: MicroBooNETune
Key: NEUT
Key: NuWro

GENIE: χ² = 7.778e-01/5 bins, p-value = 9.784e-01
GiBUU: χ² = 3.417e-01/5 bins, p-value = 9.968e-01
MicroBooNE Tune: χ² = 2.080e-01/5 bins, p-value = 9.990e-01
NEUT: χ² = 5.601e+00/5 bins, p-value = 3.470e-01
NuWro: χ² = 5.761e+00/5 bins, p-value = 3.302e-01
truth: χ² = 1.205e-01/5 bins, p-value = 9.997e-01
Bin: 1, Val = 3.359e-01, Unc = 1.141e-01
Bin: 2, Val = 1.214e-01, Unc = 4.290e-02
Bin: 3, Val = 1.172e-01, Unc = 4.430e-02
Bin: 4, Val = 1.260e-01, Unc = 5.824e-02
Bin: 5, Val = 1.050e-01, Unc = 3.433e-02
Info in <TCanvas::Print>: pdf file unfold_output/plot_binnumber_1.pdf has been created
Error in <TROOT::WriteTObject>: The current directory (RootApp) is not associated with a file. The object (h_A_C) has not been written.
Info in <TCanvas::Print>: pdf file unfold_output/plot_regularization_matrix.pdf has been created
Get covariances statement 1 works
This is the name fluxThis is the type FluxRW
Get covariances statement 8 works
This is the name reintThis is the type RW
Get covariances statement 8 works
This is the name xsec_multiThis is the type RW
Get covariances statement 8 works
This is the name xsec_AxFFCCQEshapeThis is the type RW
Get covariances statement 8 works
This is the name xsec_DecayAngMECThis is the type RW
Get covariances statement 8 works
This is the name xsec_NormCCCOHThis is the type RW
Get covariances statement 8 works
This is the name xsec_NormNCCOHThis is the type RW
Get covariances statement 8 works
This is the name xsec_RPA_CCQEThis is the type RW
Get covariances statement 8 works
This is the name xsec_ThetaDelta2NRadThis is the type RW
Get covariances statement 8 works
This is the name xsec_Theta_Delta2NpiThis is the type RW
Get covariances statement 8 works
This is the name xsec_VecFFCCQEshapeThis is the type RW
Get covariances statement 8 works
This is the name xsec_XSecShape_CCMECThis is the type RW
Get covariances statement 8 works
This is the name xsec_xsr_scc_Fa3_SCCThis is the type RW
Get covariances statement 8 works
This is the name xsec_xsr_scc_Fv3_SCCThis is the type RW
Get covariances statement 8 works
This is the name detVarLYdownThis is the type DV
Get covariances statement 7 works
This is the name detVarLYraylThis is the type DV
Get covariances statement 7 works
This is the name detVarRecomb2This is the type DV
Get covariances statement 7 works
This is the name detVarSCEThis is the type DV
Get covariances statement 7 works
This is the name detVarWMAngleXZThis is the type DV
Get covariances statement 7 works
This is the name detVarWMAngleYZThis is the type DV
Get covariances statement 7 works
This is the name detVarWMXThis is the type DV
Get covariances statement 7 works
This is the name detVarWMYZThis is the type DV
Get covariances statement 7 works
This is the name POTThis is the type MCFullCorr
Get covariances statement 5 works
This is the name numTargetsThis is the type MCFullCorr
Get covariances statement 5 works
This is the name MCstatsThis is the type MCstat
Get covariances statement 3 works
This is the name EXTstatsThis is the type EXTstat
Get covariances statement 4 works
This is the name BNBstatsThis is the type BNBstat
Get covariances statement 4 works
This is the name xsec_unisimThis is the type sum
Get covariances statement 2 works
This is the name xsec_totalThis is the type sum
Get covariances statement 2 works
This is the name flux_totalThis is the type sum
Get covariances statement 2 works
This is the name detVar_totalThis is the type sum
Get covariances statement 2 works
This is the name DataStatsThis is the type sum
Get covariances statement 2 works
This is the name SimulationStatsThis is the type sum
Get covariances statement 2 works
This is the name PredTotalThis is the type sum
Get covariances statement 2 works
This is the name totalThis is the type sum
Get covariances statement 2 works
Get covariances statement 11 works
Info in <TCanvas::Print>: pdf file unfold_output/plot_step1_reco_spectrum.pdf has been created
Info in <TCanvas::Print>: pdf file unfold_output/plot_step2_bkgd_subtraction.pdf has been created
Info in <TCanvas::Print>: pdf file unfold_output/plot_step3_smearing_matrix.pdf has been created
[DIAGDUMP] column-normalised response diagonal: 0.952 0.771 0.746 0.715 0.652
Info in <TCanvas::Print>: pdf file unfold_output/plot_step4_efficiency.pdf has been created
