
Running Unfolder.C with options:
	XSEC_Config: configs/ccpi_xsec_config_numi_thmupi_comb.txt
	SLICE_Config: configs/ccpi_thmupi_slice_config_opt.txt
	OutputDirectory: /data/uboone/processed/
	OutputFileName: xsec_COMB_thmupi.root


Loading default file properties from /home/t2k/nowak/MicroBooNE/working_xsec_analyzer/xsec_analyzer/configs/file_properties.txt
Loading file properties from configs/file_properties_numi_comb.txt
CrossSectionExtracter initialised with options:
	xsec_extract_tconfig_file_name: configs/ccpi_xsec_config_numi_thmupi_comb.txt
	syst_config_file_name: configs/ccpi_systcalc_numi.conf
	file_properties_config: configs/file_properties_numi_comb.txt
	unfolding_tech: WienerSVD
		Option: Second Derivative
	univ_file_name: /data/uboone/processed/ccpi_COMB_thmupi_univmake.root
	Predictions - 
		 0 - Prediction uBTune "MicroBooNE Tune" univ CV
		 1 - Prediction FakeData "Fakedata" univ FakeData
		 2 - Prediction GENIE "GENIE" file /home/t2k/nowak/MicroBooNE/working_xsec_analyzer/generator_predictions/newg4/genie_comb_fte.root thmupi_fte
		 3 - Prediction GiBUU "GiBUU" file /home/t2k/nowak/MicroBooNE/working_xsec_analyzer/generator_predictions/newg4/gibuu_comb_fte.root thmupi_fte
		 4 - Prediction NEUT "NEUT" file /home/t2k/nowak/MicroBooNE/working_xsec_analyzer/generator_predictions/newg4/neut_comb_fte.root thmupi_fte
		 5 - Prediction NuWro "NuWro" file /home/t2k/nowak/MicroBooNE/working_xsec_analyzer/generator_predictions/newg4/nuwro_comb_fte.root thmupi_fte


We do get in here but something goes wrong 
respmat_tdirectoryfile_name given to SystematicsCalculator is empty. Using default: ccpi_CC1mu1piXp_thmupi_1D

Initialising SystematicsCalculator with options:
	syst_config_file_name_: configs/ccpi_systcalc_numi.conf
	universe_file_name: /data/uboone/processed/ccpi_COMB_thmupi_univmake.root
	fpm_config_file: configs+file_properties_numi_comb.txt
	tdf_name: ccpi_CC1mu1piXp_thmupi_1D


Reusing cached universes "total_configs+file_properties_numi_comb.txt" (normalisation key v5-fakedata-truth-unweighted-b778f4107085e9d4).
******* USING FAKE DATA *******
using_fake_data = 1

Initialising SliceBinning object
	config_file_name: configs/ccpi_thmupi_slice_config_opt.txt
	Number of variables used in slicing: 2
	Number of slices requested: 2

Slice Specifications ---------------- 

Slice Index: 0
	Active variable: #theta_{#mu#pi}
	Number of bins: 5 - 
		Bin 1: 0  (rad) ≤ #theta_{#mu#pi} < 0.6  (rad)
		Bin 2: 0.6  (rad) ≤ #theta_{#mu#pi} < 0.85  (rad)
		Bin 3: 0.85  (rad) ≤ #theta_{#mu#pi} < 1.3  (rad)
		Bin 4: 1.3  (rad) ≤ #theta_{#mu#pi} < 1.85  (rad)
		Bin 5: 1.85  (rad) ≤ #theta_{#mu#pi} < 2.6  (rad)
	Bin matching between slice TH1 and global TH1 - 
		Global bin 0 is matched to 1 in this slice
		Global bin 1 is matched to 2 in this slice
		Global bin 2 is matched to 3 in this slice
		Global bin 3 is matched to 4 in this slice
		Global bin 4 is matched to 5 in this slice

Slice Index: 1
	Active variable: bin number
	Number of bins: 5 - 
		Bin 1: 0  ≤ bin number < 1 
		Bin 2: 1  ≤ bin number < 2 
		Bin 3: 2  ≤ bin number < 3 
		Bin 4: 3  ≤ bin number < 4 
		Bin 5: 4  ≤ bin number < 5 
	Bin matching between slice TH1 and global TH1 - 
		Global bin 0 is matched to 1 in this slice
		Global bin 1 is matched to 2 in this slice
		Global bin 2 is matched to 3 in this slice
		Global bin 3 is matched to 4 in this slice
		Global bin 4 is matched to 5 in this slice
[REGWIDTH] supplied 5 true-bin widths to the regularisation matrix
Get covariances statement 1 works
This is the name fluxThis is the type FluxRW
Get covariances statement 8 works
This is the name reintThis is the type RW
Get covariances statement 8 works
This is the name xsec_multiThis is the type RW
Get covariances statement 8 works
This is the name xsec_AxFFCCQEshapeThis is the type RW
Get covariances statement 8 works
This is the name xsec_DecayAngMECThis is the type RW
Get covariances statement 8 works
This is the name xsec_NormCCCOHThis is the type RW
Get covariances statement 8 works
This is the name xsec_NormNCCOHThis is the type RW
Get covariances statement 8 works
This is the name xsec_RPA_CCQEThis is the type RW
Get covariances statement 8 works
This is the name xsec_ThetaDelta2NRadThis is the type RW
Get covariances statement 8 works
This is the name xsec_Theta_Delta2NpiThis is the type RW
Get covariances statement 8 works
This is the name xsec_VecFFCCQEshapeThis is the type RW
Get covariances statement 8 works
This is the name xsec_XSecShape_CCMECThis is the type RW
Get covariances statement 8 works
This is the name xsec_xsr_scc_Fa3_SCCThis is the type RW
Get covariances statement 8 works
This is the name xsec_xsr_scc_Fv3_SCCThis is the type RW
Get covariances statement 8 works
This is the name detVarLYdownThis is the type DV
Get covariances statement 7 works
This is the name detVarLYraylThis is the type DV
Get covariances statement 7 works
This is the name detVarRecomb2This is the type DV
Get covariances statement 7 works
This is the name detVarSCEThis is the type DV
Get covariances statement 7 works
This is the name detVarWMAngleXZThis is the type DV
Get covariances statement 7 works
This is the name detVarWMAngleYZThis is the type DV
Get covariances statement 7 works
This is the name detVarWMXThis is the type DV
Get covariances statement 7 works
This is the name detVarWMYZThis is the type DV
Get covariances statement 7 works
This is the name POTThis is the type MCFullCorr
Get covariances statement 5 works
This is the name numTargetsThis is the type MCFullCorr
Get covariances statement 5 works
This is the name MCstatsThis is the type MCstat
Get covariances statement 3 works
This is the name EXTstatsThis is the type EXTstat
Get covariances statement 4 works
This is the name BNBstatsThis is the type BNBstat
Get covariances statement 4 works
This is the name xsec_unisimThis is the type sum
Get covariances statement 2 works
This is the name xsec_totalThis is the type sum
Get covariances statement 2 works
This is the name flux_totalThis is the type sum
Get covariances statement 2 works
This is the name detVar_totalThis is the type sum
Get covariances statement 2 works
This is the name DataStatsThis is the type sum
Get covariances statement 2 works
This is the name SimulationStatsThis is the type sum
Get covariances statement 2 works
This is the name PredTotalThis is the type sum
Get covariances statement 2 works
This is the name totalThis is the type sum
Get covariances statement 2 works
Get covariances statement 11 works

Starting the unfolding -----------------
Get covariances statement 1 works
This is the name fluxThis is the type FluxRW
Get covariances statement 8 works
This is the name reintThis is the type RW
Get covariances statement 8 works
This is the name xsec_multiThis is the type RW
Get covariances statement 8 works
This is the name xsec_AxFFCCQEshapeThis is the type RW
Get covariances statement 8 works
This is the name xsec_DecayAngMECThis is the type RW
Get covariances statement 8 works
This is the name xsec_NormCCCOHThis is the type RW
Get covariances statement 8 works
This is the name xsec_NormNCCOHThis is the type RW
Get covariances statement 8 works
This is the name xsec_RPA_CCQEThis is the type RW
Get covariances statement 8 works
This is the name xsec_ThetaDelta2NRadThis is the type RW
Get covariances statement 8 works
This is the name xsec_Theta_Delta2NpiThis is the type RW
Get covariances statement 8 works
This is the name xsec_VecFFCCQEshapeThis is the type RW
Get covariances statement 8 works
This is the name xsec_XSecShape_CCMECThis is the type RW
Get covariances statement 8 works
This is the name xsec_xsr_scc_Fa3_SCCThis is the type RW
Get covariances statement 8 works
This is the name xsec_xsr_scc_Fv3_SCCThis is the type RW
Get covariances statement 8 works
This is the name detVarLYdownThis is the type DV
Get covariances statement 7 works
This is the name detVarLYraylThis is the type DV
Get covariances statement 7 works
This is the name detVarRecomb2This is the type DV
Get covariances statement 7 works
This is the name detVarSCEThis is the type DV
Get covariances statement 7 works
This is the name detVarWMAngleXZThis is the type DV
Get covariances statement 7 works
This is the name detVarWMAngleYZThis is the type DV
Get covariances statement 7 works
This is the name detVarWMXThis is the type DV
Get covariances statement 7 works
This is the name detVarWMYZThis is the type DV
Get covariances statement 7 works
This is the name POTThis is the type MCFullCorr
Get covariances statement 5 works
This is the name numTargetsThis is the type MCFullCorr
Get covariances statement 5 works
This is the name MCstatsThis is the type MCstat
Get covariances statement 3 works
This is the name EXTstatsThis is the type EXTstat
Get covariances statement 4 works
This is the name BNBstatsThis is the type BNBstat
Get covariances statement 4 works
This is the name xsec_unisimThis is the type sum
Get covariances statement 2 works
This is the name xsec_totalThis is the type sum
Get covariances statement 2 works
This is the name flux_totalThis is the type sum
Get covariances statement 2 works
This is the name detVar_totalThis is the type sum
Get covariances statement 2 works
This is the name DataStatsThis is the type sum
Get covariances statement 2 works
This is the name SimulationStatsThis is the type sum
Get covariances statement 2 works
This is the name PredTotalThis is the type sum
Get covariances statement 2 works
This is the name totalThis is the type sum
Get covariances statement 2 works
Get covariances statement 11 works
Unfolding completed -----------------

Post-processing covariance matrices..
Creating Norm/Shape covariance matrices for 1 blocks(s)
	- Creating Norm/shape decomposition for block: 0
BNBstats: 7.30899e-05
DataStats: 7.30899e-05
EXTstats: 6.20877e-07
MCstats: 6.18483e-06
POT: 1.23557e-05
PredTotal: 0.00141333
SimulationStats: 6.80571e-06
detVarLYdown: 1.35606e-05
detVarLYrayl: 2.98447e-05
detVarRecomb2: 0.000130881
detVarSCE: 1.14367e-05
detVarWMAngleXZ: 2.45296e-09
detVarWMAngleYZ: 0.000173443
detVarWMX: 3.63921e-06
detVarWMYZ: 2.02567e-05
detVar_total: 0.000383065
flux: 0.00086704
flux_total: 0.00086704
numTargets: 3.08892e-06
reint: 1.38882e-05
total: 0.00148642
total_blockwise_mixed: -0.000417522
total_blockwise_norm: 0.00169632
total_blockwise_shape: 0.000207623
xsec_AxFFCCQEshape: 7.19447e-07
xsec_DecayAngMEC: 1.03713e-06
xsec_NormCCCOH: 2.72502e-05
xsec_NormNCCOH: 7.10676e-07
xsec_RPA_CCQE: 4.90975e-07
xsec_ThetaDelta2NRad: 6.97176e-07
xsec_Theta_Delta2Npi: 3.88888e-05
xsec_VecFFCCQEshape: 9.07188e-07
xsec_XSecShape_CCMEC: 1.24008e-05
xsec_multi: 3.95894e-05
xsec_total: 0.000127084
xsec_unisim: 8.31024e-05
xsec_xsr_scc_Fa3_SCC: 2.19682e-06
xsec_xsr_scc_Fv3_SCC: 2.19521e-06
[IDENTITY] bins 5  max|U*R - A_C| 9.304e-09  rms 2.748e-09  max|A_C| 1.078e+00  relative 8.628e-09
Key: Fakedata
Key: GENIE
Key: GiBUU
Key: MicroBooNETune
Key: NEUT
Key: NuWro
[SYSTDUMP] sigma_int 9.021e-01
[SYSTDUMP] BNBstats 6.583e+00
[SYSTDUMP] DataStats 6.583e+00
[SYSTDUMP] EXTstats 4.334e-01
[SYSTDUMP] MCstats 1.942e+00
[SYSTDUMP] POT 3.097e+00
[SYSTDUMP] PredTotal 3.280e+01
[SYSTDUMP] SimulationStats 1.996e+00
[SYSTDUMP] detVarLYdown 1.418e+00
[SYSTDUMP] detVarLYrayl 1.947e+00
[SYSTDUMP] detVarRecomb2 8.525e+00
[SYSTDUMP] detVarSCE 4.237e+00
[SYSTDUMP] detVarWMAngleXZ 2.932e+00
[SYSTDUMP] detVarWMAngleYZ 9.851e+00
[SYSTDUMP] detVarWMX 3.366e+00
[SYSTDUMP] detVarWMYZ 4.643e+00
[SYSTDUMP] detVar_total 1.604e+01
[SYSTDUMP] flux 2.615e+01
[SYSTDUMP] flux_total 2.615e+01
[SYSTDUMP] numTargets 1.549e+00
[SYSTDUMP] reint 3.341e+00
[SYSTDUMP] total 3.347e+01
[SYSTDUMP] total_blockwise_mixed 3.675e+00
[SYSTDUMP] total_blockwise_norm 3.296e+01
[SYSTDUMP] total_blockwise_shape 7.948e+00
[SYSTDUMP] xsec_AxFFCCQEshape 6.000e-01
[SYSTDUMP] xsec_DecayAngMEC 7.845e-01
[SYSTDUMP] xsec_NormCCCOH 1.751e+00
[SYSTDUMP] xsec_NormNCCOH 5.765e-01
[SYSTDUMP] xsec_RPA_CCQE 8.720e-01
[SYSTDUMP] xsec_ThetaDelta2NRad 5.752e-01
[SYSTDUMP] xsec_Theta_Delta2Npi 4.424e+00
[SYSTDUMP] xsec_VecFFCCQEshape 7.695e-01
[SYSTDUMP] xsec_XSecShape_CCMEC 2.957e+00
[SYSTDUMP] xsec_multi 7.369e+00
[SYSTDUMP] xsec_total 1.028e+01
[SYSTDUMP] xsec_unisim 6.142e+00
[SYSTDUMP] xsec_xsr_scc_Fa3_SCC 2.030e+00
[SYSTDUMP] xsec_xsr_scc_Fv3_SCC 2.017e+00
[closure-dump] wrote /data/uboone/processed/closure_hists_xsec_COMB_thmupi.root

GENIE: χ² = 1.443e+00/5 bins, p-value = 9.195e-01
GiBUU: χ² = 1.924e+00/5 bins, p-value = 8.596e-01
MicroBooNE Tune: χ² = 3.338e-01/5 bins, p-value = 9.970e-01
NEUT: χ² = 2.425e+00/5 bins, p-value = 7.877e-01
NuWro: χ² = 3.008e+00/5 bins, p-value = 6.987e-01
truth: χ² = 1.584e-01/5 bins, p-value = 9.995e-01
Bin: 1, Val = 2.083e-01, Unc = 6.426e-02
Bin: 2, Val = 4.410e-01, Unc = 1.414e-01
Bin: 3, Val = 5.390e-01, Unc = 1.807e-01
Bin: 4, Val = 4.803e-01, Unc = 1.711e-01
Bin: 5, Val = 2.136e-01, Unc = 7.542e-02
Info in <TCanvas::Print>: pdf file unfold_output/plot_thetamupi_0.pdf has been created
Key: Fakedata
Key: GENIE
Key: GiBUU
Key: MicroBooNETune
Key: NEUT
Key: NuWro

GENIE: χ² = 1.443e+00/5 bins, p-value = 9.195e-01
GiBUU: χ² = 1.924e+00/5 bins, p-value = 8.596e-01
MicroBooNE Tune: χ² = 3.338e-01/5 bins, p-value = 9.970e-01
NEUT: χ² = 2.425e+00/5 bins, p-value = 7.877e-01
NuWro: χ² = 3.008e+00/5 bins, p-value = 6.987e-01
truth: χ² = 1.584e-01/5 bins, p-value = 9.995e-01
Bin: 1, Val = 1.250e-01, Unc = 3.855e-02
Bin: 2, Val = 1.102e-01, Unc = 3.535e-02
Bin: 3, Val = 2.425e-01, Unc = 8.130e-02
Bin: 4, Val = 2.642e-01, Unc = 9.412e-02
Bin: 5, Val = 1.602e-01, Unc = 5.657e-02
Info in <TCanvas::Print>: pdf file unfold_output/plot_binnumber_1.pdf has been created
Error in <TROOT::WriteTObject>: The current directory (RootApp) is not associated with a file. The object (h_A_C) has not been written.
Info in <TCanvas::Print>: pdf file unfold_output/plot_regularization_matrix.pdf has been created
Get covariances statement 1 works
This is the name fluxThis is the type FluxRW
Get covariances statement 8 works
This is the name reintThis is the type RW
Get covariances statement 8 works
This is the name xsec_multiThis is the type RW
Get covariances statement 8 works
This is the name xsec_AxFFCCQEshapeThis is the type RW
Get covariances statement 8 works
This is the name xsec_DecayAngMECThis is the type RW
Get covariances statement 8 works
This is the name xsec_NormCCCOHThis is the type RW
Get covariances statement 8 works
This is the name xsec_NormNCCOHThis is the type RW
Get covariances statement 8 works
This is the name xsec_RPA_CCQEThis is the type RW
Get covariances statement 8 works
This is the name xsec_ThetaDelta2NRadThis is the type RW
Get covariances statement 8 works
This is the name xsec_Theta_Delta2NpiThis is the type RW
Get covariances statement 8 works
This is the name xsec_VecFFCCQEshapeThis is the type RW
Get covariances statement 8 works
This is the name xsec_XSecShape_CCMECThis is the type RW
Get covariances statement 8 works
This is the name xsec_xsr_scc_Fa3_SCCThis is the type RW
Get covariances statement 8 works
This is the name xsec_xsr_scc_Fv3_SCCThis is the type RW
Get covariances statement 8 works
This is the name detVarLYdownThis is the type DV
Get covariances statement 7 works
This is the name detVarLYraylThis is the type DV
Get covariances statement 7 works
This is the name detVarRecomb2This is the type DV
Get covariances statement 7 works
This is the name detVarSCEThis is the type DV
Get covariances statement 7 works
This is the name detVarWMAngleXZThis is the type DV
Get covariances statement 7 works
This is the name detVarWMAngleYZThis is the type DV
Get covariances statement 7 works
This is the name detVarWMXThis is the type DV
Get covariances statement 7 works
This is the name detVarWMYZThis is the type DV
Get covariances statement 7 works
This is the name POTThis is the type MCFullCorr
Get covariances statement 5 works
This is the name numTargetsThis is the type MCFullCorr
Get covariances statement 5 works
This is the name MCstatsThis is the type MCstat
Get covariances statement 3 works
This is the name EXTstatsThis is the type EXTstat
Get covariances statement 4 works
This is the name BNBstatsThis is the type BNBstat
Get covariances statement 4 works
This is the name xsec_unisimThis is the type sum
Get covariances statement 2 works
This is the name xsec_totalThis is the type sum
Get covariances statement 2 works
This is the name flux_totalThis is the type sum
Get covariances statement 2 works
This is the name detVar_totalThis is the type sum
Get covariances statement 2 works
This is the name DataStatsThis is the type sum
Get covariances statement 2 works
This is the name SimulationStatsThis is the type sum
Get covariances statement 2 works
This is the name PredTotalThis is the type sum
Get covariances statement 2 works
This is the name totalThis is the type sum
Get covariances statement 2 works
Get covariances statement 11 works
Info in <TCanvas::Print>: pdf file unfold_output/plot_step1_reco_spectrum.pdf has been created
Info in <TCanvas::Print>: pdf file unfold_output/plot_step2_bkgd_subtraction.pdf has been created
Info in <TCanvas::Print>: pdf file unfold_output/plot_step3_smearing_matrix.pdf has been created
[DIAGDUMP] column-normalised response diagonal: 0.856 0.785 0.867 0.872 0.897
Info in <TCanvas::Print>: pdf file unfold_output/plot_step4_efficiency.pdf has been created
