
Running Unfolder.C with options:
	XSEC_Config: configs/ccpi_xsec_config_numi_ppi3bin_comb.txt
	SLICE_Config: configs/ccpi_ppi_slice_config_3bin.txt
	OutputDirectory: /data/uboone/processed/
	OutputFileName: xsec_COMB_ppi3bin.root


Loading default file properties from /home/t2k/nowak/MicroBooNE/working_xsec_analyzer/xsec_analyzer/configs/file_properties.txt
Loading file properties from configs/file_properties_numi_comb.txt
CrossSectionExtracter initialised with options:
	xsec_extract_tconfig_file_name: configs/ccpi_xsec_config_numi_ppi3bin_comb.txt
	syst_config_file_name: configs/ccpi_systcalc_numi.conf
	file_properties_config: configs/file_properties_numi_comb.txt
	unfolding_tech: WienerSVD
		Option: Second Derivative
	univ_file_name: /data/uboone/processed/ccpi_COMB_ppi3bin_univmake.root
	Predictions - 
		 0 - Prediction uBTune "MicroBooNE Tune" univ CV
		 1 - Prediction FakeData "Fakedata" univ FakeData
		 2 - Prediction GENIE "GENIE" file /home/t2k/nowak/MicroBooNE/working_xsec_analyzer/generator_predictions/gen2d/genie_ext_comb_fte.root ppi3_fte
		 3 - Prediction GiBUU "GiBUU" file /home/t2k/nowak/MicroBooNE/working_xsec_analyzer/generator_predictions/gen2d/gibuu_ext_comb_fte.root ppi3_fte
		 4 - Prediction NEUT "NEUT" file /home/t2k/nowak/MicroBooNE/working_xsec_analyzer/generator_predictions/gen2d/neut_ext_comb_fte.root ppi3_fte
		 5 - Prediction NuWro "NuWro" file /home/t2k/nowak/MicroBooNE/working_xsec_analyzer/generator_predictions/gen2d/nuwro_ext_comb_fte.root ppi3_fte


We do get in here but something goes wrong 
respmat_tdirectoryfile_name given to SystematicsCalculator is empty. Using default: ccpi_CC1mu1piXp_ppi_1D

Initialising SystematicsCalculator with options:
	syst_config_file_name_: configs/ccpi_systcalc_numi.conf
	universe_file_name: /data/uboone/processed/ccpi_COMB_ppi3bin_univmake.root
	fpm_config_file: configs+file_properties_numi_comb.txt
	tdf_name: ccpi_CC1mu1piXp_ppi_1D


Reusing cached universes "total_configs+file_properties_numi_comb.txt" (normalisation key v5-fakedata-truth-unweighted-b778f4107085e9d4).
******* USING FAKE DATA *******
using_fake_data = 1

Initialising SliceBinning object
	config_file_name: configs/ccpi_ppi_slice_config_3bin.txt
	Number of variables used in slicing: 2
	Number of slices requested: 2

Slice Specifications ---------------- 

Slice Index: 0
	Active variable: p_{#pi}
	Number of bins: 3 - 
		Bin 1: 0.175  (GeV/c) ≤ p_{#pi} < 0.205  (GeV/c)
		Bin 2: 0.205  (GeV/c) ≤ p_{#pi} < 0.26  (GeV/c)
		Bin 3: 0.26  (GeV/c) ≤ p_{#pi} < 1  (GeV/c)
	Bin matching between slice TH1 and global TH1 - 
		Global bin 0 is matched to 1 in this slice
		Global bin 1 is matched to 2 in this slice
		Global bin 2 is matched to 3 in this slice

Slice Index: 1
	Active variable: bin number
	Number of bins: 3 - 
		Bin 1: 0  ≤ bin number < 1 
		Bin 2: 1  ≤ bin number < 2 
		Bin 3: 2  ≤ bin number < 3 
	Bin matching between slice TH1 and global TH1 - 
		Global bin 0 is matched to 1 in this slice
		Global bin 1 is matched to 2 in this slice
		Global bin 2 is matched to 3 in this slice
[REGWIDTH] supplied 3 true-bin widths to the regularisation matrix
Get covariances statement 1 works
This is the name fluxThis is the type FluxRW
Get covariances statement 8 works
This is the name reintThis is the type RW
Get covariances statement 8 works
This is the name xsec_multiThis is the type RW
Get covariances statement 8 works
This is the name xsec_AxFFCCQEshapeThis is the type RW
Get covariances statement 8 works
This is the name xsec_DecayAngMECThis is the type RW
Get covariances statement 8 works
This is the name xsec_NormCCCOHThis is the type RW
Get covariances statement 8 works
This is the name xsec_NormNCCOHThis is the type RW
Get covariances statement 8 works
This is the name xsec_RPA_CCQEThis is the type RW
Get covariances statement 8 works
This is the name xsec_ThetaDelta2NRadThis is the type RW
Get covariances statement 8 works
This is the name xsec_Theta_Delta2NpiThis is the type RW
Get covariances statement 8 works
This is the name xsec_VecFFCCQEshapeThis is the type RW
Get covariances statement 8 works
This is the name xsec_XSecShape_CCMECThis is the type RW
Get covariances statement 8 works
This is the name xsec_xsr_scc_Fa3_SCCThis is the type RW
Get covariances statement 8 works
This is the name xsec_xsr_scc_Fv3_SCCThis is the type RW
Get covariances statement 8 works
This is the name detVarLYdownThis is the type DV
Get covariances statement 7 works
This is the name detVarLYraylThis is the type DV
Get covariances statement 7 works
This is the name detVarRecomb2This is the type DV
Get covariances statement 7 works
This is the name detVarSCEThis is the type DV
Get covariances statement 7 works
This is the name detVarWMAngleXZThis is the type DV
Get covariances statement 7 works
This is the name detVarWMAngleYZThis is the type DV
Get covariances statement 7 works
This is the name detVarWMXThis is the type DV
Get covariances statement 7 works
This is the name detVarWMYZThis is the type DV
Get covariances statement 7 works
This is the name POTThis is the type MCFullCorr
Get covariances statement 5 works
This is the name numTargetsThis is the type MCFullCorr
Get covariances statement 5 works
This is the name MCstatsThis is the type MCstat
Get covariances statement 3 works
This is the name EXTstatsThis is the type EXTstat
Get covariances statement 4 works
This is the name BNBstatsThis is the type BNBstat
Get covariances statement 4 works
This is the name xsec_unisimThis is the type sum
Get covariances statement 2 works
This is the name xsec_totalThis is the type sum
Get covariances statement 2 works
This is the name flux_totalThis is the type sum
Get covariances statement 2 works
This is the name detVar_totalThis is the type sum
Get covariances statement 2 works
This is the name DataStatsThis is the type sum
Get covariances statement 2 works
This is the name SimulationStatsThis is the type sum
Get covariances statement 2 works
This is the name PredTotalThis is the type sum
Get covariances statement 2 works
This is the name totalThis is the type sum
Get covariances statement 2 works
Get covariances statement 11 works

Starting the unfolding -----------------
Get covariances statement 1 works
This is the name fluxThis is the type FluxRW
Get covariances statement 8 works
This is the name reintThis is the type RW
Get covariances statement 8 works
This is the name xsec_multiThis is the type RW
Get covariances statement 8 works
This is the name xsec_AxFFCCQEshapeThis is the type RW
Get covariances statement 8 works
This is the name xsec_DecayAngMECThis is the type RW
Get covariances statement 8 works
This is the name xsec_NormCCCOHThis is the type RW
Get covariances statement 8 works
This is the name xsec_NormNCCOHThis is the type RW
Get covariances statement 8 works
This is the name xsec_RPA_CCQEThis is the type RW
Get covariances statement 8 works
This is the name xsec_ThetaDelta2NRadThis is the type RW
Get covariances statement 8 works
This is the name xsec_Theta_Delta2NpiThis is the type RW
Get covariances statement 8 works
This is the name xsec_VecFFCCQEshapeThis is the type RW
Get covariances statement 8 works
This is the name xsec_XSecShape_CCMECThis is the type RW
Get covariances statement 8 works
This is the name xsec_xsr_scc_Fa3_SCCThis is the type RW
Get covariances statement 8 works
This is the name xsec_xsr_scc_Fv3_SCCThis is the type RW
Get covariances statement 8 works
This is the name detVarLYdownThis is the type DV
Get covariances statement 7 works
This is the name detVarLYraylThis is the type DV
Get covariances statement 7 works
This is the name detVarRecomb2This is the type DV
Get covariances statement 7 works
This is the name detVarSCEThis is the type DV
Get covariances statement 7 works
This is the name detVarWMAngleXZThis is the type DV
Get covariances statement 7 works
This is the name detVarWMAngleYZThis is the type DV
Get covariances statement 7 works
This is the name detVarWMXThis is the type DV
Get covariances statement 7 works
This is the name detVarWMYZThis is the type DV
Get covariances statement 7 works
This is the name POTThis is the type MCFullCorr
Get covariances statement 5 works
This is the name numTargetsThis is the type MCFullCorr
Get covariances statement 5 works
This is the name MCstatsThis is the type MCstat
Get covariances statement 3 works
This is the name EXTstatsThis is the type EXTstat
Get covariances statement 4 works
This is the name BNBstatsThis is the type BNBstat
Get covariances statement 4 works
This is the name xsec_unisimThis is the type sum
Get covariances statement 2 works
This is the name xsec_totalThis is the type sum
Get covariances statement 2 works
This is the name flux_totalThis is the type sum
Get covariances statement 2 works
This is the name detVar_totalThis is the type sum
Get covariances statement 2 works
This is the name DataStatsThis is the type sum
Get covariances statement 2 works
This is the name SimulationStatsThis is the type sum
Get covariances statement 2 works
This is the name PredTotalThis is the type sum
Get covariances statement 2 works
This is the name totalThis is the type sum
Get covariances statement 2 works
Get covariances statement 11 works
Unfolding completed -----------------

Post-processing covariance matrices..
Creating Norm/Shape covariance matrices for 1 blocks(s)
	- Creating Norm/shape decomposition for block: 0
BNBstats: 6.96295e-05
DataStats: 6.96295e-05
EXTstats: 6.79344e-07
MCstats: 6.42955e-06
POT: 6.31407e-06
PredTotal: 0.000886588
SimulationStats: 7.10889e-06
detVarLYdown: 2.47337e-06
detVarLYrayl: 6.40447e-07
detVarRecomb2: 0.0002138
detVarSCE: 7.01393e-06
detVarWMAngleXZ: 1.68096e-06
detVarWMAngleYZ: 6.11895e-06
detVarWMX: 2.62248e-05
detVarWMYZ: 8.62018e-06
detVar_total: 0.000266573
flux: 0.000423688
flux_total: 0.000423688
numTargets: 1.57852e-06
reint: 7.65659e-05
total: 0.000956218
total_blockwise_mixed: 0.000142534
total_blockwise_norm: 0.000487799
total_blockwise_shape: 0.000325884
xsec_AxFFCCQEshape: 2.19759e-06
xsec_DecayAngMEC: 3.55514e-06
xsec_NormCCCOH: 1.14803e-06
xsec_NormNCCOH: 1.56622e-06
xsec_RPA_CCQE: 1.12342e-06
xsec_ThetaDelta2NRad: 1.58611e-06
xsec_Theta_Delta2Npi: 1.23457e-06
xsec_VecFFCCQEshape: 2.08536e-06
xsec_XSecShape_CCMEC: 8.08032e-06
xsec_multi: 5.89441e-05
xsec_total: 0.00010476
xsec_unisim: 2.25768e-05
xsec_xsr_scc_Fa3_SCC: 1.17214e-05
xsec_xsr_scc_Fv3_SCC: 1.15179e-05
[IDENTITY] bins 3  max|U*R - A_C| 5.150e-07  rms 1.735e-07  max|A_C| 8.312e-01  relative 6.195e-07
Key: Fakedata
Key: GENIE
Key: GiBUU
Key: MicroBooNETune
Key: NEUT
Key: NuWro
[SYSTDUMP] sigma_int 7.548e-01
[SYSTDUMP] BNBstats 1.148e+01
[SYSTDUMP] DataStats 1.148e+01
[SYSTDUMP] EXTstats 1.115e+00
[SYSTDUMP] MCstats 3.471e+00
[SYSTDUMP] POT 3.817e+00
[SYSTDUMP] PredTotal 4.509e+01
[SYSTDUMP] SimulationStats 3.646e+00
[SYSTDUMP] detVarLYdown 2.166e+00
[SYSTDUMP] detVarLYrayl 1.656e+00
[SYSTDUMP] detVarRecomb2 1.940e+01
[SYSTDUMP] detVarSCE 5.396e+00
[SYSTDUMP] detVarWMAngleXZ 4.320e+00
[SYSTDUMP] detVarWMAngleYZ 7.667e+00
[SYSTDUMP] detVarWMX 7.512e+00
[SYSTDUMP] detVarWMYZ 4.448e+00
[SYSTDUMP] detVar_total 2.475e+01
[SYSTDUMP] flux 3.179e+01
[SYSTDUMP] flux_total 3.179e+01
[SYSTDUMP] numTargets 1.908e+00
[SYSTDUMP] reint 1.242e+01
[SYSTDUMP] total 4.662e+01
[SYSTDUMP] total_blockwise_mixed 1.355e+01
[SYSTDUMP] total_blockwise_norm 3.711e+01
[SYSTDUMP] total_blockwise_shape 2.247e+01
[SYSTDUMP] xsec_AxFFCCQEshape 1.830e+00
[SYSTDUMP] xsec_DecayAngMEC 2.373e+00
[SYSTDUMP] xsec_NormCCCOH 1.727e+00
[SYSTDUMP] xsec_NormNCCOH 1.566e+00
[SYSTDUMP] xsec_RPA_CCQE 1.757e+00
[SYSTDUMP] xsec_ThetaDelta2NRad 1.572e+00
[SYSTDUMP] xsec_Theta_Delta2Npi 2.884e+00
[SYSTDUMP] xsec_VecFFCCQEshape 1.996e+00
[SYSTDUMP] xsec_XSecShape_CCMEC 4.343e+00
[SYSTDUMP] xsec_multi 1.124e+01
[SYSTDUMP] xsec_total 1.478e+01
[SYSTDUMP] xsec_unisim 7.589e+00
[SYSTDUMP] xsec_xsr_scc_Fa3_SCC 3.699e+00
[SYSTDUMP] xsec_xsr_scc_Fv3_SCC 3.664e+00
[closure-dump] wrote /data/uboone/processed/closure_hists_xsec_COMB_ppi3bin.root

GENIE: χ² = 7.257e-01/3 bins, p-value = 8.672e-01
GiBUU: χ² = 1.976e+00/3 bins, p-value = 5.773e-01
MicroBooNE Tune: χ² = 1.450e-01/3 bins, p-value = 9.859e-01
NEUT: χ² = 4.953e-01/3 bins, p-value = 9.199e-01
NuWro: χ² = 9.464e-01/3 bins, p-value = 8.142e-01
truth: χ² = 1.198e-01/3 bins, p-value = 9.894e-01
Bin: 1, Val = 1.984e+00, Unc = 1.031e+00
Bin: 2, Val = 1.847e+00, Unc = 9.503e-01
Bin: 3, Val = 8.023e-01, Unc = 2.923e-01
Info in <TCanvas::Print>: pdf file unfold_output/plot_ppi_0.pdf has been created
Key: Fakedata
Key: GENIE
Key: GiBUU
Key: MicroBooNETune
Key: NEUT
Key: NuWro

GENIE: χ² = 7.257e-01/3 bins, p-value = 8.672e-01
GiBUU: χ² = 1.976e+00/3 bins, p-value = 5.773e-01
MicroBooNE Tune: χ² = 1.450e-01/3 bins, p-value = 9.859e-01
NEUT: χ² = 4.953e-01/3 bins, p-value = 9.199e-01
NuWro: χ² = 9.464e-01/3 bins, p-value = 8.142e-01
truth: χ² = 1.198e-01/3 bins, p-value = 9.894e-01
Bin: 1, Val = 5.952e-02, Unc = 3.092e-02
Bin: 2, Val = 1.016e-01, Unc = 5.227e-02
Bin: 3, Val = 5.937e-01, Unc = 2.163e-01
Info in <TCanvas::Print>: pdf file unfold_output/plot_binnumber_1.pdf has been created
Error in <TROOT::WriteTObject>: The current directory (RootApp) is not associated with a file. The object (h_A_C) has not been written.
Info in <TCanvas::Print>: pdf file unfold_output/plot_regularization_matrix.pdf has been created
Get covariances statement 1 works
This is the name fluxThis is the type FluxRW
Get covariances statement 8 works
This is the name reintThis is the type RW
Get covariances statement 8 works
This is the name xsec_multiThis is the type RW
Get covariances statement 8 works
This is the name xsec_AxFFCCQEshapeThis is the type RW
Get covariances statement 8 works
This is the name xsec_DecayAngMECThis is the type RW
Get covariances statement 8 works
This is the name xsec_NormCCCOHThis is the type RW
Get covariances statement 8 works
This is the name xsec_NormNCCOHThis is the type RW
Get covariances statement 8 works
This is the name xsec_RPA_CCQEThis is the type RW
Get covariances statement 8 works
This is the name xsec_ThetaDelta2NRadThis is the type RW
Get covariances statement 8 works
This is the name xsec_Theta_Delta2NpiThis is the type RW
Get covariances statement 8 works
This is the name xsec_VecFFCCQEshapeThis is the type RW
Get covariances statement 8 works
This is the name xsec_XSecShape_CCMECThis is the type RW
Get covariances statement 8 works
This is the name xsec_xsr_scc_Fa3_SCCThis is the type RW
Get covariances statement 8 works
This is the name xsec_xsr_scc_Fv3_SCCThis is the type RW
Get covariances statement 8 works
This is the name detVarLYdownThis is the type DV
Get covariances statement 7 works
This is the name detVarLYraylThis is the type DV
Get covariances statement 7 works
This is the name detVarRecomb2This is the type DV
Get covariances statement 7 works
This is the name detVarSCEThis is the type DV
Get covariances statement 7 works
This is the name detVarWMAngleXZThis is the type DV
Get covariances statement 7 works
This is the name detVarWMAngleYZThis is the type DV
Get covariances statement 7 works
This is the name detVarWMXThis is the type DV
Get covariances statement 7 works
This is the name detVarWMYZThis is the type DV
Get covariances statement 7 works
This is the name POTThis is the type MCFullCorr
Get covariances statement 5 works
This is the name numTargetsThis is the type MCFullCorr
Get covariances statement 5 works
This is the name MCstatsThis is the type MCstat
Get covariances statement 3 works
This is the name EXTstatsThis is the type EXTstat
Get covariances statement 4 works
This is the name BNBstatsThis is the type BNBstat
Get covariances statement 4 works
This is the name xsec_unisimThis is the type sum
Get covariances statement 2 works
This is the name xsec_totalThis is the type sum
Get covariances statement 2 works
This is the name flux_totalThis is the type sum
Get covariances statement 2 works
This is the name detVar_totalThis is the type sum
Get covariances statement 2 works
This is the name DataStatsThis is the type sum
Get covariances statement 2 works
This is the name SimulationStatsThis is the type sum
Get covariances statement 2 works
This is the name PredTotalThis is the type sum
Get covariances statement 2 works
This is the name totalThis is the type sum
Get covariances statement 2 works
Get covariances statement 11 works
Info in <TCanvas::Print>: pdf file unfold_output/plot_step1_reco_spectrum.pdf has been created
Info in <TCanvas::Print>: pdf file unfold_output/plot_step2_bkgd_subtraction.pdf has been created
Info in <TCanvas::Print>: pdf file unfold_output/plot_step3_smearing_matrix.pdf has been created
[DIAGDUMP] column-normalised response diagonal: 0.910 0.522 0.521
Info in <TCanvas::Print>: pdf file unfold_output/plot_step4_efficiency.pdf has been created
