
Running Unfolder.C with options:
	XSEC_Config: configs/ccpi_xsec_config_numi_ppi3bin_fhc5.txt
	SLICE_Config: configs/ccpi_ppi_slice_config_3bin.txt
	OutputDirectory: /data/uboone/processed/
	OutputFileName: xsec_FHC5_ppi3bin.root


Loading default file properties from /home/t2k/nowak/MicroBooNE/working_xsec_analyzer/xsec_analyzer/configs/file_properties.txt
Loading file properties from configs/file_properties_numi_fhc5.txt
CrossSectionExtracter initialised with options:
	xsec_extract_tconfig_file_name: configs/ccpi_xsec_config_numi_ppi3bin_fhc5.txt
	syst_config_file_name: configs/ccpi_systcalc_numi.conf
	file_properties_config: configs/file_properties_numi_fhc5.txt
	unfolding_tech: WienerSVD
		Option: Second Derivative
	univ_file_name: /data/uboone/processed/ccpi_FHC5_ppi3bin_univmake.root
	Predictions - 
		 0 - Prediction uBTune "MicroBooNE Tune" univ CV
		 1 - Prediction FakeData "Fakedata" univ FakeData
		 2 - Prediction GENIE "GENIE" file /home/t2k/nowak/MicroBooNE/working_xsec_analyzer/generator_predictions/gen2d/genie_ext_fhc_fte.root ppi3_fte
		 3 - Prediction GiBUU "GiBUU" file /home/t2k/nowak/MicroBooNE/working_xsec_analyzer/generator_predictions/gen2d/gibuu_ext_fhc_fte.root ppi3_fte
		 4 - Prediction NEUT "NEUT" file /home/t2k/nowak/MicroBooNE/working_xsec_analyzer/generator_predictions/gen2d/neut_ext_fhc_fte.root ppi3_fte
		 5 - Prediction NuWro "NuWro" file /home/t2k/nowak/MicroBooNE/working_xsec_analyzer/generator_predictions/gen2d/nuwro_ext_fhc_fte.root ppi3_fte


We do get in here but something goes wrong 
respmat_tdirectoryfile_name given to SystematicsCalculator is empty. Using default: ccpi_CC1mu1piXp_ppi_1D

Initialising SystematicsCalculator with options:
	syst_config_file_name_: configs/ccpi_systcalc_numi.conf
	universe_file_name: /data/uboone/processed/ccpi_FHC5_ppi3bin_univmake.root
	fpm_config_file: configs+file_properties_numi_fhc5.txt
	tdf_name: ccpi_CC1mu1piXp_ppi_1D


Reusing cached universes "total_configs+file_properties_numi_fhc5.txt" (normalisation key v5-fakedata-truth-unweighted-51fe5554df3edefe).
******* USING FAKE DATA *******
using_fake_data = 1

Initialising SliceBinning object
	config_file_name: configs/ccpi_ppi_slice_config_3bin.txt
	Number of variables used in slicing: 2
	Number of slices requested: 2

Slice Specifications ---------------- 

Slice Index: 0
	Active variable: p_{#pi}
	Number of bins: 3 - 
		Bin 1: 0.175  (GeV/c) ≤ p_{#pi} < 0.205  (GeV/c)
		Bin 2: 0.205  (GeV/c) ≤ p_{#pi} < 0.26  (GeV/c)
		Bin 3: 0.26  (GeV/c) ≤ p_{#pi} < 1  (GeV/c)
	Bin matching between slice TH1 and global TH1 - 
		Global bin 0 is matched to 1 in this slice
		Global bin 1 is matched to 2 in this slice
		Global bin 2 is matched to 3 in this slice

Slice Index: 1
	Active variable: bin number
	Number of bins: 3 - 
		Bin 1: 0  ≤ bin number < 1 
		Bin 2: 1  ≤ bin number < 2 
		Bin 3: 2  ≤ bin number < 3 
	Bin matching between slice TH1 and global TH1 - 
		Global bin 0 is matched to 1 in this slice
		Global bin 1 is matched to 2 in this slice
		Global bin 2 is matched to 3 in this slice
[REGWIDTH] supplied 3 true-bin widths to the regularisation matrix
Get covariances statement 1 works
This is the name fluxThis is the type FluxRW
Get covariances statement 8 works
This is the name reintThis is the type RW
Get covariances statement 8 works
This is the name xsec_multiThis is the type RW
Get covariances statement 8 works
This is the name xsec_AxFFCCQEshapeThis is the type RW
Get covariances statement 8 works
This is the name xsec_DecayAngMECThis is the type RW
Get covariances statement 8 works
This is the name xsec_NormCCCOHThis is the type RW
Get covariances statement 8 works
This is the name xsec_NormNCCOHThis is the type RW
Get covariances statement 8 works
This is the name xsec_RPA_CCQEThis is the type RW
Get covariances statement 8 works
This is the name xsec_ThetaDelta2NRadThis is the type RW
Get covariances statement 8 works
This is the name xsec_Theta_Delta2NpiThis is the type RW
Get covariances statement 8 works
This is the name xsec_VecFFCCQEshapeThis is the type RW
Get covariances statement 8 works
This is the name xsec_XSecShape_CCMECThis is the type RW
Get covariances statement 8 works
This is the name xsec_xsr_scc_Fa3_SCCThis is the type RW
Get covariances statement 8 works
This is the name xsec_xsr_scc_Fv3_SCCThis is the type RW
Get covariances statement 8 works
This is the name detVarLYdownThis is the type DV
Get covariances statement 7 works
This is the name detVarLYraylThis is the type DV
Get covariances statement 7 works
This is the name detVarRecomb2This is the type DV
Get covariances statement 7 works
This is the name detVarSCEThis is the type DV
Get covariances statement 7 works
This is the name detVarWMAngleXZThis is the type DV
Get covariances statement 7 works
This is the name detVarWMAngleYZThis is the type DV
Get covariances statement 7 works
This is the name detVarWMXThis is the type DV
Get covariances statement 7 works
This is the name detVarWMYZThis is the type DV
Get covariances statement 7 works
This is the name POTThis is the type MCFullCorr
Get covariances statement 5 works
This is the name numTargetsThis is the type MCFullCorr
Get covariances statement 5 works
This is the name MCstatsThis is the type MCstat
Get covariances statement 3 works
This is the name EXTstatsThis is the type EXTstat
Get covariances statement 4 works
This is the name BNBstatsThis is the type BNBstat
Get covariances statement 4 works
This is the name xsec_unisimThis is the type sum
Get covariances statement 2 works
This is the name xsec_totalThis is the type sum
Get covariances statement 2 works
This is the name flux_totalThis is the type sum
Get covariances statement 2 works
This is the name detVar_totalThis is the type sum
Get covariances statement 2 works
This is the name DataStatsThis is the type sum
Get covariances statement 2 works
This is the name SimulationStatsThis is the type sum
Get covariances statement 2 works
This is the name PredTotalThis is the type sum
Get covariances statement 2 works
This is the name totalThis is the type sum
Get covariances statement 2 works
Get covariances statement 11 works

Starting the unfolding -----------------
Get covariances statement 1 works
This is the name fluxThis is the type FluxRW
Get covariances statement 8 works
This is the name reintThis is the type RW
Get covariances statement 8 works
This is the name xsec_multiThis is the type RW
Get covariances statement 8 works
This is the name xsec_AxFFCCQEshapeThis is the type RW
Get covariances statement 8 works
This is the name xsec_DecayAngMECThis is the type RW
Get covariances statement 8 works
This is the name xsec_NormCCCOHThis is the type RW
Get covariances statement 8 works
This is the name xsec_NormNCCOHThis is the type RW
Get covariances statement 8 works
This is the name xsec_RPA_CCQEThis is the type RW
Get covariances statement 8 works
This is the name xsec_ThetaDelta2NRadThis is the type RW
Get covariances statement 8 works
This is the name xsec_Theta_Delta2NpiThis is the type RW
Get covariances statement 8 works
This is the name xsec_VecFFCCQEshapeThis is the type RW
Get covariances statement 8 works
This is the name xsec_XSecShape_CCMECThis is the type RW
Get covariances statement 8 works
This is the name xsec_xsr_scc_Fa3_SCCThis is the type RW
Get covariances statement 8 works
This is the name xsec_xsr_scc_Fv3_SCCThis is the type RW
Get covariances statement 8 works
This is the name detVarLYdownThis is the type DV
Get covariances statement 7 works
This is the name detVarLYraylThis is the type DV
Get covariances statement 7 works
This is the name detVarRecomb2This is the type DV
Get covariances statement 7 works
This is the name detVarSCEThis is the type DV
Get covariances statement 7 works
This is the name detVarWMAngleXZThis is the type DV
Get covariances statement 7 works
This is the name detVarWMAngleYZThis is the type DV
Get covariances statement 7 works
This is the name detVarWMXThis is the type DV
Get covariances statement 7 works
This is the name detVarWMYZThis is the type DV
Get covariances statement 7 works
This is the name POTThis is the type MCFullCorr
Get covariances statement 5 works
This is the name numTargetsThis is the type MCFullCorr
Get covariances statement 5 works
This is the name MCstatsThis is the type MCstat
Get covariances statement 3 works
This is the name EXTstatsThis is the type EXTstat
Get covariances statement 4 works
This is the name BNBstatsThis is the type BNBstat
Get covariances statement 4 works
This is the name xsec_unisimThis is the type sum
Get covariances statement 2 works
This is the name xsec_totalThis is the type sum
Get covariances statement 2 works
This is the name flux_totalThis is the type sum
Get covariances statement 2 works
This is the name detVar_totalThis is the type sum
Get covariances statement 2 works
This is the name DataStatsThis is the type sum
Get covariances statement 2 works
This is the name SimulationStatsThis is the type sum
Get covariances statement 2 works
This is the name PredTotalThis is the type sum
Get covariances statement 2 works
This is the name totalThis is the type sum
Get covariances statement 2 works
Get covariances statement 11 works
Unfolding completed -----------------

Post-processing covariance matrices..
Creating Norm/Shape covariance matrices for 1 blocks(s)
	- Creating Norm/shape decomposition for block: 0
BNBstats: 0.000110757
DataStats: 0.000110757
EXTstats: 1.38446e-06
MCstats: 1.17337e-05
POT: 6.69901e-06
PredTotal: 0.0011701
SimulationStats: 1.31182e-05
detVarLYdown: 1.59703e-06
detVarLYrayl: 5.82184e-06
detVarRecomb2: 0.000356483
detVarSCE: 7.60885e-06
detVarWMAngleXZ: 4.2169e-07
detVarWMAngleYZ: 4.64904e-06
detVarWMX: 0.000117878
detVarWMYZ: 1.24269e-06
detVar_total: 0.000495702
flux: 0.00050161
flux_total: 0.00050161
numTargets: 1.67475e-06
reint: 5.81104e-05
total: 0.00128086
total_blockwise_mixed: 0.000278345
total_blockwise_norm: 0.000374459
total_blockwise_shape: 0.000628053
xsec_AxFFCCQEshape: 5.39188e-07
xsec_DecayAngMEC: 1.77394e-07
xsec_NormCCCOH: 2.54871e-07
xsec_NormNCCOH: 3.21862e-07
xsec_RPA_CCQE: 4.72212e-07
xsec_ThetaDelta2NRad: 3.21862e-07
xsec_Theta_Delta2Npi: 3.69069e-07
xsec_VecFFCCQEshape: 5.29321e-07
xsec_XSecShape_CCMEC: 3.66184e-06
xsec_multi: 5.83755e-05
xsec_total: 9.31847e-05
xsec_unisim: 6.64761e-06
xsec_xsr_scc_Fa3_SCC: 1.42345e-05
xsec_xsr_scc_Fv3_SCC: 1.3927e-05
[IDENTITY] bins 3  max|U*R - A_C| 1.653e-07  rms 6.734e-08  max|A_C| 8.641e-01  relative 1.913e-07
Key: Fakedata
Key: GENIE
Key: GiBUU
Key: MicroBooNETune
Key: NEUT
Key: NuWro
[SYSTDUMP] sigma_int 8.304e-01
[SYSTDUMP] BNBstats 1.568e+01
[SYSTDUMP] DataStats 1.568e+01
[SYSTDUMP] EXTstats 1.680e+00
[SYSTDUMP] MCstats 5.020e+00
[SYSTDUMP] POT 4.134e+00
[SYSTDUMP] PredTotal 5.325e+01
[SYSTDUMP] SimulationStats 5.295e+00
[SYSTDUMP] detVarLYdown 2.002e+00
[SYSTDUMP] detVarLYrayl 4.209e+00
[SYSTDUMP] detVarRecomb2 2.609e+01
[SYSTDUMP] detVarSCE 2.603e+00
[SYSTDUMP] detVarWMAngleXZ 3.017e+00
[SYSTDUMP] detVarWMAngleYZ 4.848e+00
[SYSTDUMP] detVarWMX 1.423e+01
[SYSTDUMP] detVarWMYZ 2.454e+00
[SYSTDUMP] detVar_total 3.243e+01
[SYSTDUMP] flux 3.628e+01
[SYSTDUMP] flux_total 3.628e+01
[SYSTDUMP] numTargets 2.067e+00
[SYSTDUMP] reint 1.228e+01
[SYSTDUMP] total 5.553e+01
[SYSTDUMP] total_blockwise_mixed 2.067e+01
[SYSTDUMP] total_blockwise_norm 3.618e+01
[SYSTDUMP] total_blockwise_shape 3.364e+01
[SYSTDUMP] xsec_AxFFCCQEshape 1.241e+00
[SYSTDUMP] xsec_DecayAngMEC 8.134e-01
[SYSTDUMP] xsec_NormCCCOH 1.163e+00
[SYSTDUMP] xsec_NormNCCOH 8.908e-01
[SYSTDUMP] xsec_RPA_CCQE 1.463e+00
[SYSTDUMP] xsec_ThetaDelta2NRad 8.908e-01
[SYSTDUMP] xsec_Theta_Delta2Npi 3.110e+00
[SYSTDUMP] xsec_VecFFCCQEshape 1.462e+00
[SYSTDUMP] xsec_XSecShape_CCMEC 3.835e+00
[SYSTDUMP] xsec_multi 1.196e+01
[SYSTDUMP] xsec_total 1.539e+01
[SYSTDUMP] xsec_unisim 6.283e+00
[SYSTDUMP] xsec_xsr_scc_Fa3_SCC 4.337e+00
[SYSTDUMP] xsec_xsr_scc_Fv3_SCC 4.301e+00
[closure-dump] wrote /data/uboone/processed/closure_hists_xsec_FHC5_ppi3bin.root

GENIE: χ² = 9.100e-01/3 bins, p-value = 8.230e-01
GiBUU: χ² = 2.074e+00/3 bins, p-value = 5.571e-01
MicroBooNE Tune: χ² = 4.577e-01/3 bins, p-value = 9.281e-01
NEUT: χ² = 8.223e-01/3 bins, p-value = 8.441e-01
NuWro: χ² = 1.074e+00/3 bins, p-value = 7.833e-01
truth: χ² = 3.705e-01/3 bins, p-value = 9.463e-01
Bin: 1, Val = 1.783e+00, Unc = 1.193e+00
Bin: 2, Val = 1.686e+00, Unc = 1.097e+00
Bin: 3, Val = 9.245e-01, Unc = 3.199e-01
Info in <TCanvas::Print>: pdf file unfold_output/plot_ppi_0.pdf has been created
Key: Fakedata
Key: GENIE
Key: GiBUU
Key: MicroBooNETune
Key: NEUT
Key: NuWro

GENIE: χ² = 9.100e-01/3 bins, p-value = 8.230e-01
GiBUU: χ² = 2.074e+00/3 bins, p-value = 5.571e-01
MicroBooNE Tune: χ² = 4.577e-01/3 bins, p-value = 9.281e-01
NEUT: χ² = 8.223e-01/3 bins, p-value = 8.441e-01
NuWro: χ² = 1.074e+00/3 bins, p-value = 7.833e-01
truth: χ² = 3.705e-01/3 bins, p-value = 9.463e-01
Bin: 1, Val = 5.348e-02, Unc = 3.579e-02
Bin: 2, Val = 9.274e-02, Unc = 6.033e-02
Bin: 3, Val = 6.841e-01, Unc = 2.367e-01
Info in <TCanvas::Print>: pdf file unfold_output/plot_binnumber_1.pdf has been created
Error in <TROOT::WriteTObject>: The current directory (RootApp) is not associated with a file. The object (h_A_C) has not been written.
Info in <TCanvas::Print>: pdf file unfold_output/plot_regularization_matrix.pdf has been created
Get covariances statement 1 works
This is the name fluxThis is the type FluxRW
Get covariances statement 8 works
This is the name reintThis is the type RW
Get covariances statement 8 works
This is the name xsec_multiThis is the type RW
Get covariances statement 8 works
This is the name xsec_AxFFCCQEshapeThis is the type RW
Get covariances statement 8 works
This is the name xsec_DecayAngMECThis is the type RW
Get covariances statement 8 works
This is the name xsec_NormCCCOHThis is the type RW
Get covariances statement 8 works
This is the name xsec_NormNCCOHThis is the type RW
Get covariances statement 8 works
This is the name xsec_RPA_CCQEThis is the type RW
Get covariances statement 8 works
This is the name xsec_ThetaDelta2NRadThis is the type RW
Get covariances statement 8 works
This is the name xsec_Theta_Delta2NpiThis is the type RW
Get covariances statement 8 works
This is the name xsec_VecFFCCQEshapeThis is the type RW
Get covariances statement 8 works
This is the name xsec_XSecShape_CCMECThis is the type RW
Get covariances statement 8 works
This is the name xsec_xsr_scc_Fa3_SCCThis is the type RW
Get covariances statement 8 works
This is the name xsec_xsr_scc_Fv3_SCCThis is the type RW
Get covariances statement 8 works
This is the name detVarLYdownThis is the type DV
Get covariances statement 7 works
This is the name detVarLYraylThis is the type DV
Get covariances statement 7 works
This is the name detVarRecomb2This is the type DV
Get covariances statement 7 works
This is the name detVarSCEThis is the type DV
Get covariances statement 7 works
This is the name detVarWMAngleXZThis is the type DV
Get covariances statement 7 works
This is the name detVarWMAngleYZThis is the type DV
Get covariances statement 7 works
This is the name detVarWMXThis is the type DV
Get covariances statement 7 works
This is the name detVarWMYZThis is the type DV
Get covariances statement 7 works
This is the name POTThis is the type MCFullCorr
Get covariances statement 5 works
This is the name numTargetsThis is the type MCFullCorr
Get covariances statement 5 works
This is the name MCstatsThis is the type MCstat
Get covariances statement 3 works
This is the name EXTstatsThis is the type EXTstat
Get covariances statement 4 works
This is the name BNBstatsThis is the type BNBstat
Get covariances statement 4 works
This is the name xsec_unisimThis is the type sum
Get covariances statement 2 works
This is the name xsec_totalThis is the type sum
Get covariances statement 2 works
This is the name flux_totalThis is the type sum
Get covariances statement 2 works
This is the name detVar_totalThis is the type sum
Get covariances statement 2 works
This is the name DataStatsThis is the type sum
Get covariances statement 2 works
This is the name SimulationStatsThis is the type sum
Get covariances statement 2 works
This is the name PredTotalThis is the type sum
Get covariances statement 2 works
This is the name totalThis is the type sum
Get covariances statement 2 works
Get covariances statement 11 works
Info in <TCanvas::Print>: pdf file unfold_output/plot_step1_reco_spectrum.pdf has been created
Info in <TCanvas::Print>: pdf file unfold_output/plot_step2_bkgd_subtraction.pdf has been created
Info in <TCanvas::Print>: pdf file unfold_output/plot_step3_smearing_matrix.pdf has been created
[DIAGDUMP] column-normalised response diagonal: 0.914 0.516 0.517
Info in <TCanvas::Print>: pdf file unfold_output/plot_step4_efficiency.pdf has been created
