
Running Unfolder.C with options:
	XSEC_Config: configs/ccpi_xsec_config_numi_thetamu_comb.txt
	SLICE_Config: configs/ccpi_thetamu_slice_config_opt.txt
	OutputDirectory: /data/uboone/processed/
	OutputFileName: xsec_COMB_thetamu.root


Loading default file properties from /home/t2k/nowak/MicroBooNE/working_xsec_analyzer/xsec_analyzer/configs/file_properties.txt
Loading file properties from configs/file_properties_numi_comb.txt
CrossSectionExtracter initialised with options:
	xsec_extract_tconfig_file_name: configs/ccpi_xsec_config_numi_thetamu_comb.txt
	syst_config_file_name: configs/ccpi_systcalc_numi.conf
	file_properties_config: configs/file_properties_numi_comb.txt
	unfolding_tech: WienerSVD
		Option: Second Derivative
	univ_file_name: /data/uboone/processed/ccpi_COMB_thetamu_univmake.root
	Predictions - 
		 0 - Prediction uBTune "MicroBooNE Tune" univ CV
		 1 - Prediction FakeData "Fakedata" univ FakeData
		 2 - Prediction GENIE "GENIE" file /home/t2k/nowak/MicroBooNE/working_xsec_analyzer/generator_predictions/newg4/genie_comb_fte.root thetamu_fte
		 3 - Prediction GiBUU "GiBUU" file /home/t2k/nowak/MicroBooNE/working_xsec_analyzer/generator_predictions/newg4/gibuu_comb_fte.root thetamu_fte
		 4 - Prediction NEUT "NEUT" file /home/t2k/nowak/MicroBooNE/working_xsec_analyzer/generator_predictions/newg4/neut_comb_fte.root thetamu_fte
		 5 - Prediction NuWro "NuWro" file /home/t2k/nowak/MicroBooNE/working_xsec_analyzer/generator_predictions/newg4/nuwro_comb_fte.root thetamu_fte


We do get in here but something goes wrong 
respmat_tdirectoryfile_name given to SystematicsCalculator is empty. Using default: ccpi_CC1mu1piXp_thetamu_1D

Initialising SystematicsCalculator with options:
	syst_config_file_name_: configs/ccpi_systcalc_numi.conf
	universe_file_name: /data/uboone/processed/ccpi_COMB_thetamu_univmake.root
	fpm_config_file: configs+file_properties_numi_comb.txt
	tdf_name: ccpi_CC1mu1piXp_thetamu_1D


Reusing cached universes "total_configs+file_properties_numi_comb.txt" (normalisation key v5-fakedata-truth-unweighted-b778f4107085e9d4).
******* USING FAKE DATA *******
using_fake_data = 1

Initialising SliceBinning object
	config_file_name: configs/ccpi_thetamu_slice_config_opt.txt
	Number of variables used in slicing: 2
	Number of slices requested: 2

Slice Specifications ---------------- 

Slice Index: 0
	Active variable: #theta_{#mu} [rad]
	Number of bins: 5 - 
		Bin 1: 0  ≤ #theta_{#mu} [rad] < 0.43 
		Bin 2: 0.43  ≤ #theta_{#mu} [rad] < 0.62 
		Bin 3: 0.62  ≤ #theta_{#mu} [rad] < 0.84 
		Bin 4: 0.84  ≤ #theta_{#mu} [rad] < 1.17 
		Bin 5: 1.17  ≤ #theta_{#mu} [rad] < 3.15 
	Bin matching between slice TH1 and global TH1 - 
		Global bin 0 is matched to 1 in this slice
		Global bin 1 is matched to 2 in this slice
		Global bin 2 is matched to 3 in this slice
		Global bin 3 is matched to 4 in this slice
		Global bin 4 is matched to 5 in this slice

Slice Index: 1
	Active variable: bin number
	Number of bins: 5 - 
		Bin 1: 0  ≤ bin number < 1 
		Bin 2: 1  ≤ bin number < 2 
		Bin 3: 2  ≤ bin number < 3 
		Bin 4: 3  ≤ bin number < 4 
		Bin 5: 4  ≤ bin number < 5 
	Bin matching between slice TH1 and global TH1 - 
		Global bin 0 is matched to 1 in this slice
		Global bin 1 is matched to 2 in this slice
		Global bin 2 is matched to 3 in this slice
		Global bin 3 is matched to 4 in this slice
		Global bin 4 is matched to 5 in this slice
[REGWIDTH] supplied 5 true-bin widths to the regularisation matrix
Get covariances statement 1 works
This is the name fluxThis is the type FluxRW
Get covariances statement 8 works
This is the name reintThis is the type RW
Get covariances statement 8 works
This is the name xsec_multiThis is the type RW
Get covariances statement 8 works
This is the name xsec_AxFFCCQEshapeThis is the type RW
Get covariances statement 8 works
This is the name xsec_DecayAngMECThis is the type RW
Get covariances statement 8 works
This is the name xsec_NormCCCOHThis is the type RW
Get covariances statement 8 works
This is the name xsec_NormNCCOHThis is the type RW
Get covariances statement 8 works
This is the name xsec_RPA_CCQEThis is the type RW
Get covariances statement 8 works
This is the name xsec_ThetaDelta2NRadThis is the type RW
Get covariances statement 8 works
This is the name xsec_Theta_Delta2NpiThis is the type RW
Get covariances statement 8 works
This is the name xsec_VecFFCCQEshapeThis is the type RW
Get covariances statement 8 works
This is the name xsec_XSecShape_CCMECThis is the type RW
Get covariances statement 8 works
This is the name xsec_xsr_scc_Fa3_SCCThis is the type RW
Get covariances statement 8 works
This is the name xsec_xsr_scc_Fv3_SCCThis is the type RW
Get covariances statement 8 works
This is the name detVarLYdownThis is the type DV
Get covariances statement 7 works
This is the name detVarLYraylThis is the type DV
Get covariances statement 7 works
This is the name detVarRecomb2This is the type DV
Get covariances statement 7 works
This is the name detVarSCEThis is the type DV
Get covariances statement 7 works
This is the name detVarWMAngleXZThis is the type DV
Get covariances statement 7 works
This is the name detVarWMAngleYZThis is the type DV
Get covariances statement 7 works
This is the name detVarWMXThis is the type DV
Get covariances statement 7 works
This is the name detVarWMYZThis is the type DV
Get covariances statement 7 works
This is the name POTThis is the type MCFullCorr
Get covariances statement 5 works
This is the name numTargetsThis is the type MCFullCorr
Get covariances statement 5 works
This is the name MCstatsThis is the type MCstat
Get covariances statement 3 works
This is the name EXTstatsThis is the type EXTstat
Get covariances statement 4 works
This is the name BNBstatsThis is the type BNBstat
Get covariances statement 4 works
This is the name xsec_unisimThis is the type sum
Get covariances statement 2 works
This is the name xsec_totalThis is the type sum
Get covariances statement 2 works
This is the name flux_totalThis is the type sum
Get covariances statement 2 works
This is the name detVar_totalThis is the type sum
Get covariances statement 2 works
This is the name DataStatsThis is the type sum
Get covariances statement 2 works
This is the name SimulationStatsThis is the type sum
Get covariances statement 2 works
This is the name PredTotalThis is the type sum
Get covariances statement 2 works
This is the name totalThis is the type sum
Get covariances statement 2 works
Get covariances statement 11 works

Starting the unfolding -----------------
Get covariances statement 1 works
This is the name fluxThis is the type FluxRW
Get covariances statement 8 works
This is the name reintThis is the type RW
Get covariances statement 8 works
This is the name xsec_multiThis is the type RW
Get covariances statement 8 works
This is the name xsec_AxFFCCQEshapeThis is the type RW
Get covariances statement 8 works
This is the name xsec_DecayAngMECThis is the type RW
Get covariances statement 8 works
This is the name xsec_NormCCCOHThis is the type RW
Get covariances statement 8 works
This is the name xsec_NormNCCOHThis is the type RW
Get covariances statement 8 works
This is the name xsec_RPA_CCQEThis is the type RW
Get covariances statement 8 works
This is the name xsec_ThetaDelta2NRadThis is the type RW
Get covariances statement 8 works
This is the name xsec_Theta_Delta2NpiThis is the type RW
Get covariances statement 8 works
This is the name xsec_VecFFCCQEshapeThis is the type RW
Get covariances statement 8 works
This is the name xsec_XSecShape_CCMECThis is the type RW
Get covariances statement 8 works
This is the name xsec_xsr_scc_Fa3_SCCThis is the type RW
Get covariances statement 8 works
This is the name xsec_xsr_scc_Fv3_SCCThis is the type RW
Get covariances statement 8 works
This is the name detVarLYdownThis is the type DV
Get covariances statement 7 works
This is the name detVarLYraylThis is the type DV
Get covariances statement 7 works
This is the name detVarRecomb2This is the type DV
Get covariances statement 7 works
This is the name detVarSCEThis is the type DV
Get covariances statement 7 works
This is the name detVarWMAngleXZThis is the type DV
Get covariances statement 7 works
This is the name detVarWMAngleYZThis is the type DV
Get covariances statement 7 works
This is the name detVarWMXThis is the type DV
Get covariances statement 7 works
This is the name detVarWMYZThis is the type DV
Get covariances statement 7 works
This is the name POTThis is the type MCFullCorr
Get covariances statement 5 works
This is the name numTargetsThis is the type MCFullCorr
Get covariances statement 5 works
This is the name MCstatsThis is the type MCstat
Get covariances statement 3 works
This is the name EXTstatsThis is the type EXTstat
Get covariances statement 4 works
This is the name BNBstatsThis is the type BNBstat
Get covariances statement 4 works
This is the name xsec_unisimThis is the type sum
Get covariances statement 2 works
This is the name xsec_totalThis is the type sum
Get covariances statement 2 works
This is the name flux_totalThis is the type sum
Get covariances statement 2 works
This is the name detVar_totalThis is the type sum
Get covariances statement 2 works
This is the name DataStatsThis is the type sum
Get covariances statement 2 works
This is the name SimulationStatsThis is the type sum
Get covariances statement 2 works
This is the name PredTotalThis is the type sum
Get covariances statement 2 works
This is the name totalThis is the type sum
Get covariances statement 2 works
Get covariances statement 11 works
Unfolding completed -----------------

Post-processing covariance matrices..
Creating Norm/Shape covariance matrices for 1 blocks(s)
	- Creating Norm/shape decomposition for block: 0
BNBstats: 0.00052695
DataStats: 0.00052695
EXTstats: 4.88559e-06
MCstats: 4.66148e-05
POT: 7.12829e-05
PredTotal: 0.0093825
SimulationStats: 5.15004e-05
detVarLYdown: 1.13971e-05
detVarLYrayl: 0.000116256
detVarRecomb2: 0.00312388
detVarSCE: 8.69593e-06
detVarWMAngleXZ: 4.14637e-10
detVarWMAngleYZ: 0.000188062
detVarWMX: 0.000220116
detVarWMYZ: 0.000103808
detVar_total: 0.00377222
flux: 0.00480369
flux_total: 0.00480369
numTargets: 1.78207e-05
reint: 0.000121739
total: 0.00990945
total_blockwise_mixed: -0.00260131
total_blockwise_norm: 0.0118452
total_blockwise_shape: 0.000665513
xsec_AxFFCCQEshape: 3.98171e-06
xsec_DecayAngMEC: 2.59827e-06
xsec_NormCCCOH: 7.0362e-06
xsec_NormNCCOH: 4.98285e-06
xsec_RPA_CCQE: 2.48203e-06
xsec_ThetaDelta2NRad: 4.93041e-06
xsec_Theta_Delta2Npi: 7.92275e-05
xsec_VecFFCCQEshape: 3.42005e-06
xsec_XSecShape_CCMEC: 8.09591e-06
xsec_multi: 0.000159854
xsec_total: 0.00054425
xsec_unisim: 0.000116755
xsec_xsr_scc_Fa3_SCC: 0.000133569
xsec_xsr_scc_Fv3_SCC: 0.000134072
[IDENTITY] bins 5  max|U*R - A_C| 5.452e-09  rms 1.183e-09  max|A_C| 9.948e-01  relative 5.480e-09
Key: Fakedata
Key: GENIE
Key: GiBUU
Key: MicroBooNETune
Key: NEUT
Key: NuWro
[SYSTDUMP] sigma_int 8.120e-01
[SYSTDUMP] BNBstats 8.378e+00
[SYSTDUMP] DataStats 8.378e+00
[SYSTDUMP] EXTstats 8.933e-01
[SYSTDUMP] MCstats 2.511e+00
[SYSTDUMP] POT 3.085e+00
[SYSTDUMP] PredTotal 3.572e+01
[SYSTDUMP] SimulationStats 2.666e+00
[SYSTDUMP] detVarLYdown 1.135e+00
[SYSTDUMP] detVarLYrayl 2.006e+00
[SYSTDUMP] detVarRecomb2 1.624e+01
[SYSTDUMP] detVarSCE 4.029e+00
[SYSTDUMP] detVarWMAngleXZ 1.783e+00
[SYSTDUMP] detVarWMAngleYZ 4.830e+00
[SYSTDUMP] detVarWMX 9.215e+00
[SYSTDUMP] detVarWMYZ 5.765e+00
[SYSTDUMP] detVar_total 2.143e+01
[SYSTDUMP] flux 2.625e+01
[SYSTDUMP] flux_total 2.625e+01
[SYSTDUMP] numTargets 1.543e+00
[SYSTDUMP] reint 3.831e+00
[SYSTDUMP] total 3.686e+01
[SYSTDUMP] total_blockwise_mixed 8.642e+00
[SYSTDUMP] total_blockwise_norm 3.437e+01
[SYSTDUMP] total_blockwise_shape 9.914e+00
[SYSTDUMP] xsec_AxFFCCQEshape 9.692e-01
[SYSTDUMP] xsec_DecayAngMEC 7.913e-01
[SYSTDUMP] xsec_NormCCCOH 9.571e-01
[SYSTDUMP] xsec_NormNCCOH 9.382e-01
[SYSTDUMP] xsec_RPA_CCQE 1.409e+00
[SYSTDUMP] xsec_ThetaDelta2NRad 9.387e-01
[SYSTDUMP] xsec_Theta_Delta2Npi 3.247e+00
[SYSTDUMP] xsec_VecFFCCQEshape 1.258e+00
[SYSTDUMP] xsec_XSecShape_CCMEC 1.493e+00
[SYSTDUMP] xsec_multi 7.063e+00
[SYSTDUMP] xsec_total 9.549e+00
[SYSTDUMP] xsec_unisim 4.648e+00
[SYSTDUMP] xsec_xsr_scc_Fa3_SCC 2.848e+00
[SYSTDUMP] xsec_xsr_scc_Fv3_SCC 2.828e+00
[closure-dump] wrote /data/uboone/processed/closure_hists_xsec_COMB_thetamu.root

GENIE: χ² = 1.400e+00/5 bins, p-value = 9.243e-01
GiBUU: χ² = 2.027e+00/5 bins, p-value = 8.453e-01
MicroBooNE Tune: χ² = 3.358e-01/5 bins, p-value = 9.969e-01
NEUT: χ² = 7.150e+00/5 bins, p-value = 2.097e-01
NuWro: χ² = 7.166e+00/5 bins, p-value = 2.086e-01
truth: χ² = 2.792e-01/5 bins, p-value = 9.980e-01
Bin: 1, Val = 7.364e-01, Unc = 2.315e-01
Bin: 2, Val = 6.416e-01, Unc = 2.228e-01
Bin: 3, Val = 5.487e-01, Unc = 2.006e-01
Bin: 4, Val = 3.544e-01, Unc = 1.566e-01
Bin: 5, Val = 6.857e-02, Unc = 2.563e-02
Info in <TCanvas::Print>: pdf file unfold_output/plot_thetamurad_0.pdf has been created
Key: Fakedata
Key: GENIE
Key: GiBUU
Key: MicroBooNETune
Key: NEUT
Key: NuWro

GENIE: χ² = 1.400e+00/5 bins, p-value = 9.243e-01
GiBUU: χ² = 2.027e+00/5 bins, p-value = 8.453e-01
MicroBooNE Tune: χ² = 3.358e-01/5 bins, p-value = 9.969e-01
NEUT: χ² = 7.150e+00/5 bins, p-value = 2.097e-01
NuWro: χ² = 7.166e+00/5 bins, p-value = 2.086e-01
truth: χ² = 2.792e-01/5 bins, p-value = 9.980e-01
Bin: 1, Val = 3.167e-01, Unc = 9.955e-02
Bin: 2, Val = 1.219e-01, Unc = 4.233e-02
Bin: 3, Val = 1.207e-01, Unc = 4.414e-02
Bin: 4, Val = 1.169e-01, Unc = 5.168e-02
Bin: 5, Val = 1.358e-01, Unc = 5.076e-02
Info in <TCanvas::Print>: pdf file unfold_output/plot_binnumber_1.pdf has been created
Error in <TROOT::WriteTObject>: The current directory (RootApp) is not associated with a file. The object (h_A_C) has not been written.
Info in <TCanvas::Print>: pdf file unfold_output/plot_regularization_matrix.pdf has been created
Get covariances statement 1 works
This is the name fluxThis is the type FluxRW
Get covariances statement 8 works
This is the name reintThis is the type RW
Get covariances statement 8 works
This is the name xsec_multiThis is the type RW
Get covariances statement 8 works
This is the name xsec_AxFFCCQEshapeThis is the type RW
Get covariances statement 8 works
This is the name xsec_DecayAngMECThis is the type RW
Get covariances statement 8 works
This is the name xsec_NormCCCOHThis is the type RW
Get covariances statement 8 works
This is the name xsec_NormNCCOHThis is the type RW
Get covariances statement 8 works
This is the name xsec_RPA_CCQEThis is the type RW
Get covariances statement 8 works
This is the name xsec_ThetaDelta2NRadThis is the type RW
Get covariances statement 8 works
This is the name xsec_Theta_Delta2NpiThis is the type RW
Get covariances statement 8 works
This is the name xsec_VecFFCCQEshapeThis is the type RW
Get covariances statement 8 works
This is the name xsec_XSecShape_CCMECThis is the type RW
Get covariances statement 8 works
This is the name xsec_xsr_scc_Fa3_SCCThis is the type RW
Get covariances statement 8 works
This is the name xsec_xsr_scc_Fv3_SCCThis is the type RW
Get covariances statement 8 works
This is the name detVarLYdownThis is the type DV
Get covariances statement 7 works
This is the name detVarLYraylThis is the type DV
Get covariances statement 7 works
This is the name detVarRecomb2This is the type DV
Get covariances statement 7 works
This is the name detVarSCEThis is the type DV
Get covariances statement 7 works
This is the name detVarWMAngleXZThis is the type DV
Get covariances statement 7 works
This is the name detVarWMAngleYZThis is the type DV
Get covariances statement 7 works
This is the name detVarWMXThis is the type DV
Get covariances statement 7 works
This is the name detVarWMYZThis is the type DV
Get covariances statement 7 works
This is the name POTThis is the type MCFullCorr
Get covariances statement 5 works
This is the name numTargetsThis is the type MCFullCorr
Get covariances statement 5 works
This is the name MCstatsThis is the type MCstat
Get covariances statement 3 works
This is the name EXTstatsThis is the type EXTstat
Get covariances statement 4 works
This is the name BNBstatsThis is the type BNBstat
Get covariances statement 4 works
This is the name xsec_unisimThis is the type sum
Get covariances statement 2 works
This is the name xsec_totalThis is the type sum
Get covariances statement 2 works
This is the name flux_totalThis is the type sum
Get covariances statement 2 works
This is the name detVar_totalThis is the type sum
Get covariances statement 2 works
This is the name DataStatsThis is the type sum
Get covariances statement 2 works
This is the name SimulationStatsThis is the type sum
Get covariances statement 2 works
This is the name PredTotalThis is the type sum
Get covariances statement 2 works
This is the name totalThis is the type sum
Get covariances statement 2 works
Get covariances statement 11 works
Info in <TCanvas::Print>: pdf file unfold_output/plot_step1_reco_spectrum.pdf has been created
Info in <TCanvas::Print>: pdf file unfold_output/plot_step2_bkgd_subtraction.pdf has been created
Info in <TCanvas::Print>: pdf file unfold_output/plot_step3_smearing_matrix.pdf has been created
[DIAGDUMP] column-normalised response diagonal: 0.950 0.785 0.746 0.721 0.658
Info in <TCanvas::Print>: pdf file unfold_output/plot_step4_efficiency.pdf has been created
