
Running Unfolder.C with options:
	XSEC_Config: configs/ccpi_xsec_config_numi_costhmu_fhc5.txt
	SLICE_Config: configs/ccpi_costhmu_slice_config_opt.txt
	OutputDirectory: /data/uboone/processed/
	OutputFileName: xsec_FHC5_costhmu.root


Loading default file properties from /home/t2k/nowak/MicroBooNE/working_xsec_analyzer/xsec_analyzer/configs/file_properties.txt
Loading file properties from configs/file_properties_numi_fhc5.txt
CrossSectionExtracter initialised with options:
	xsec_extract_tconfig_file_name: configs/ccpi_xsec_config_numi_costhmu_fhc5.txt
	syst_config_file_name: configs/ccpi_systcalc_numi.conf
	file_properties_config: configs/file_properties_numi_fhc5.txt
	unfolding_tech: WienerSVD
		Option: Second Derivative
	univ_file_name: /data/uboone/processed/ccpi_FHC5_costhmu_univmake.root
	Predictions - 
		 0 - Prediction uBTune "MicroBooNE Tune" univ CV
		 1 - Prediction FakeData "Fakedata" univ FakeData
		 2 - Prediction GENIE "GENIE" file /home/t2k/nowak/MicroBooNE/working_xsec_analyzer/generator_predictions/gen2d/genie_ext_fhc_fte.root costhmu8_fte
		 3 - Prediction GiBUU "GiBUU" file /home/t2k/nowak/MicroBooNE/working_xsec_analyzer/generator_predictions/gen2d/gibuu_ext_fhc_fte.root costhmu8_fte
		 4 - Prediction NEUT "NEUT" file /home/t2k/nowak/MicroBooNE/working_xsec_analyzer/generator_predictions/gen2d/neut_ext_fhc_fte.root costhmu8_fte
		 5 - Prediction NuWro "NuWro" file /home/t2k/nowak/MicroBooNE/working_xsec_analyzer/generator_predictions/gen2d/nuwro_ext_fhc_fte.root costhmu8_fte


We do get in here but something goes wrong 
respmat_tdirectoryfile_name given to SystematicsCalculator is empty. Using default: ccpi_CC1mu1piXp_costhmu_1D

Initialising SystematicsCalculator with options:
	syst_config_file_name_: configs/ccpi_systcalc_numi.conf
	universe_file_name: /data/uboone/processed/ccpi_FHC5_costhmu_univmake.root
	fpm_config_file: configs+file_properties_numi_fhc5.txt
	tdf_name: ccpi_CC1mu1piXp_costhmu_1D


Reusing cached universes "total_configs+file_properties_numi_fhc5.txt" (normalisation key v5-fakedata-truth-unweighted-51fe5554df3edefe).
******* USING FAKE DATA *******
using_fake_data = 1

Initialising SliceBinning object
	config_file_name: configs/ccpi_costhmu_slice_config_opt.txt
	Number of variables used in slicing: 2
	Number of slices requested: 2

Slice Specifications ---------------- 

Slice Index: 0
	Active variable: cos#theta_{#mu}
	Number of bins: 8 - 
		Bin 1: -1  ≤ cos#theta_{#mu} < 0.4 
		Bin 2: 0.4  ≤ cos#theta_{#mu} < 0.625 
		Bin 3: 0.625  ≤ cos#theta_{#mu} < 0.75 
		Bin 4: 0.75  ≤ cos#theta_{#mu} < 0.825 
		Bin 5: 0.825  ≤ cos#theta_{#mu} < 0.9 
		Bin 6: 0.9  ≤ cos#theta_{#mu} < 0.95 
		Bin 7: 0.95  ≤ cos#theta_{#mu} < 0.975 
		Bin 8: 0.975  ≤ cos#theta_{#mu} < 1 
	Bin matching between slice TH1 and global TH1 - 
		Global bin 0 is matched to 1 in this slice
		Global bin 1 is matched to 2 in this slice
		Global bin 2 is matched to 3 in this slice
		Global bin 3 is matched to 4 in this slice
		Global bin 4 is matched to 5 in this slice
		Global bin 5 is matched to 6 in this slice
		Global bin 6 is matched to 7 in this slice
		Global bin 7 is matched to 8 in this slice

Slice Index: 1
	Active variable: bin number
	Number of bins: 8 - 
		Bin 1: 0  ≤ bin number < 1 
		Bin 2: 1  ≤ bin number < 2 
		Bin 3: 2  ≤ bin number < 3 
		Bin 4: 3  ≤ bin number < 4 
		Bin 5: 4  ≤ bin number < 5 
		Bin 6: 5  ≤ bin number < 6 
		Bin 7: 6  ≤ bin number < 7 
		Bin 8: 7  ≤ bin number < 8 
	Bin matching between slice TH1 and global TH1 - 
		Global bin 0 is matched to 1 in this slice
		Global bin 1 is matched to 2 in this slice
		Global bin 2 is matched to 3 in this slice
		Global bin 3 is matched to 4 in this slice
		Global bin 4 is matched to 5 in this slice
		Global bin 5 is matched to 6 in this slice
		Global bin 6 is matched to 7 in this slice
		Global bin 7 is matched to 8 in this slice
[REGWIDTH] supplied 8 true-bin widths to the regularisation matrix
Get covariances statement 1 works
This is the name fluxThis is the type FluxRW
Get covariances statement 8 works
This is the name reintThis is the type RW
Get covariances statement 8 works
This is the name xsec_multiThis is the type RW
Get covariances statement 8 works
This is the name xsec_AxFFCCQEshapeThis is the type RW
Get covariances statement 8 works
This is the name xsec_DecayAngMECThis is the type RW
Get covariances statement 8 works
This is the name xsec_NormCCCOHThis is the type RW
Get covariances statement 8 works
This is the name xsec_NormNCCOHThis is the type RW
Get covariances statement 8 works
This is the name xsec_RPA_CCQEThis is the type RW
Get covariances statement 8 works
This is the name xsec_ThetaDelta2NRadThis is the type RW
Get covariances statement 8 works
This is the name xsec_Theta_Delta2NpiThis is the type RW
Get covariances statement 8 works
This is the name xsec_VecFFCCQEshapeThis is the type RW
Get covariances statement 8 works
This is the name xsec_XSecShape_CCMECThis is the type RW
Get covariances statement 8 works
This is the name xsec_xsr_scc_Fa3_SCCThis is the type RW
Get covariances statement 8 works
This is the name xsec_xsr_scc_Fv3_SCCThis is the type RW
Get covariances statement 8 works
This is the name detVarLYdownThis is the type DV
Get covariances statement 7 works
This is the name detVarLYraylThis is the type DV
Get covariances statement 7 works
This is the name detVarRecomb2This is the type DV
Get covariances statement 7 works
This is the name detVarSCEThis is the type DV
Get covariances statement 7 works
This is the name detVarWMAngleXZThis is the type DV
Get covariances statement 7 works
This is the name detVarWMAngleYZThis is the type DV
Get covariances statement 7 works
This is the name detVarWMXThis is the type DV
Get covariances statement 7 works
This is the name detVarWMYZThis is the type DV
Get covariances statement 7 works
This is the name POTThis is the type MCFullCorr
Get covariances statement 5 works
This is the name numTargetsThis is the type MCFullCorr
Get covariances statement 5 works
This is the name MCstatsThis is the type MCstat
Get covariances statement 3 works
This is the name EXTstatsThis is the type EXTstat
Get covariances statement 4 works
This is the name BNBstatsThis is the type BNBstat
Get covariances statement 4 works
This is the name xsec_unisimThis is the type sum
Get covariances statement 2 works
This is the name xsec_totalThis is the type sum
Get covariances statement 2 works
This is the name flux_totalThis is the type sum
Get covariances statement 2 works
This is the name detVar_totalThis is the type sum
Get covariances statement 2 works
This is the name DataStatsThis is the type sum
Get covariances statement 2 works
This is the name SimulationStatsThis is the type sum
Get covariances statement 2 works
This is the name PredTotalThis is the type sum
Get covariances statement 2 works
This is the name totalThis is the type sum
Get covariances statement 2 works
Get covariances statement 11 works

Starting the unfolding -----------------
Get covariances statement 1 works
This is the name fluxThis is the type FluxRW
Get covariances statement 8 works
This is the name reintThis is the type RW
Get covariances statement 8 works
This is the name xsec_multiThis is the type RW
Get covariances statement 8 works
This is the name xsec_AxFFCCQEshapeThis is the type RW
Get covariances statement 8 works
This is the name xsec_DecayAngMECThis is the type RW
Get covariances statement 8 works
This is the name xsec_NormCCCOHThis is the type RW
Get covariances statement 8 works
This is the name xsec_NormNCCOHThis is the type RW
Get covariances statement 8 works
This is the name xsec_RPA_CCQEThis is the type RW
Get covariances statement 8 works
This is the name xsec_ThetaDelta2NRadThis is the type RW
Get covariances statement 8 works
This is the name xsec_Theta_Delta2NpiThis is the type RW
Get covariances statement 8 works
This is the name xsec_VecFFCCQEshapeThis is the type RW
Get covariances statement 8 works
This is the name xsec_XSecShape_CCMECThis is the type RW
Get covariances statement 8 works
This is the name xsec_xsr_scc_Fa3_SCCThis is the type RW
Get covariances statement 8 works
This is the name xsec_xsr_scc_Fv3_SCCThis is the type RW
Get covariances statement 8 works
This is the name detVarLYdownThis is the type DV
Get covariances statement 7 works
This is the name detVarLYraylThis is the type DV
Get covariances statement 7 works
This is the name detVarRecomb2This is the type DV
Get covariances statement 7 works
This is the name detVarSCEThis is the type DV
Get covariances statement 7 works
This is the name detVarWMAngleXZThis is the type DV
Get covariances statement 7 works
This is the name detVarWMAngleYZThis is the type DV
Get covariances statement 7 works
This is the name detVarWMXThis is the type DV
Get covariances statement 7 works
This is the name detVarWMYZThis is the type DV
Get covariances statement 7 works
This is the name POTThis is the type MCFullCorr
Get covariances statement 5 works
This is the name numTargetsThis is the type MCFullCorr
Get covariances statement 5 works
This is the name MCstatsThis is the type MCstat
Get covariances statement 3 works
This is the name EXTstatsThis is the type EXTstat
Get covariances statement 4 works
This is the name BNBstatsThis is the type BNBstat
Get covariances statement 4 works
This is the name xsec_unisimThis is the type sum
Get covariances statement 2 works
This is the name xsec_totalThis is the type sum
Get covariances statement 2 works
This is the name flux_totalThis is the type sum
Get covariances statement 2 works
This is the name detVar_totalThis is the type sum
Get covariances statement 2 works
This is the name DataStatsThis is the type sum
Get covariances statement 2 works
This is the name SimulationStatsThis is the type sum
Get covariances statement 2 works
This is the name PredTotalThis is the type sum
Get covariances statement 2 works
This is the name totalThis is the type sum
Get covariances statement 2 works
Get covariances statement 11 works
Unfolding completed -----------------

Post-processing covariance matrices..
Creating Norm/Shape covariance matrices for 1 blocks(s)
	- Creating Norm/shape decomposition for block: 0
BNBstats: 0.00054528
DataStats: 0.00054528
EXTstats: 1.811e-05
MCstats: 5.83886e-05
POT: 3.02204e-05
PredTotal: 0.00414626
SimulationStats: 7.64987e-05
detVarLYdown: 2.74451e-05
detVarLYrayl: 7.30485e-05
detVarRecomb2: 0.000653732
detVarSCE: 1.51328e-09
detVarWMAngleXZ: 0.000239623
detVarWMAngleYZ: 3.67741e-06
detVarWMX: 0.000111393
detVarWMYZ: 6.55272e-05
detVar_total: 0.00117445
flux: 0.00212073
flux_total: 0.00212073
numTargets: 7.5551e-06
reint: 3.68055e-05
total: 0.00469154
total_blockwise_mixed: 0.00180021
total_blockwise_norm: 0.00167444
total_blockwise_shape: 0.00121688
xsec_AxFFCCQEshape: 1.01447e-05
xsec_DecayAngMEC: 1.62564e-05
xsec_NormCCCOH: 1.66722e-05
xsec_NormNCCOH: 1.6242e-05
xsec_RPA_CCQE: 1.62105e-05
xsec_ThetaDelta2NRad: 1.6242e-05
xsec_Theta_Delta2Npi: 6.95957e-05
xsec_VecFFCCQEshape: 8.13056e-06
xsec_XSecShape_CCMEC: 6.75675e-05
xsec_multi: 0.000461767
xsec_total: 0.000700001
xsec_unisim: 0.000237062
xsec_xsr_scc_Fa3_SCC: 3.87196e-07
xsec_xsr_scc_Fv3_SCC: 7.85475e-07
[IDENTITY] bins 8  max|U*R - A_C| 3.823e-05  rms 6.028e-06  max|A_C| 6.484e-01  relative 5.896e-05
Key: Fakedata
Key: GENIE
Key: GiBUU
Key: MicroBooNETune
Key: NEUT
Key: NuWro
[SYSTDUMP] sigma_int 6.893e-01
[SYSTDUMP] BNBstats 1.650e+01
[SYSTDUMP] DataStats 1.650e+01
[SYSTDUMP] EXTstats 1.557e+00
[SYSTDUMP] MCstats 5.250e+00
[SYSTDUMP] POT 3.293e+00
[SYSTDUMP] PredTotal 4.043e+01
[SYSTDUMP] SimulationStats 5.517e+00
[SYSTDUMP] detVarLYdown 2.977e+00
[SYSTDUMP] detVarLYrayl 5.579e+00
[SYSTDUMP] detVarRecomb2 1.457e+01
[SYSTDUMP] detVarSCE 5.201e+00
[SYSTDUMP] detVarWMAngleXZ 7.362e+00
[SYSTDUMP] detVarWMAngleYZ 6.540e+00
[SYSTDUMP] detVarWMX 8.195e+00
[SYSTDUMP] detVarWMYZ 5.259e+00
[SYSTDUMP] detVar_total 2.376e+01
[SYSTDUMP] flux 2.898e+01
[SYSTDUMP] flux_total 2.898e+01
[SYSTDUMP] numTargets 1.646e+00
[SYSTDUMP] reint 3.719e+00
[SYSTDUMP] total 4.380e+01
[SYSTDUMP] total_blockwise_mixed 8.439e+00
[SYSTDUMP] total_blockwise_norm 3.725e+01
[SYSTDUMP] total_blockwise_shape 2.483e+01
[SYSTDUMP] xsec_AxFFCCQEshape 5.316e-01
[SYSTDUMP] xsec_DecayAngMEC 1.218e+00
[SYSTDUMP] xsec_NormCCCOH 6.742e-01
[SYSTDUMP] xsec_NormNCCOH 5.788e-01
[SYSTDUMP] xsec_RPA_CCQE 1.257e+00
[SYSTDUMP] xsec_ThetaDelta2NRad 5.788e-01
[SYSTDUMP] xsec_Theta_Delta2Npi 4.402e+00
[SYSTDUMP] xsec_VecFFCCQEshape 7.478e-01
[SYSTDUMP] xsec_XSecShape_CCMEC 3.598e+00
[SYSTDUMP] xsec_multi 8.374e+00
[SYSTDUMP] xsec_total 1.147e+01
[SYSTDUMP] xsec_unisim 6.736e+00
[SYSTDUMP] xsec_xsr_scc_Fa3_SCC 2.202e+00
[SYSTDUMP] xsec_xsr_scc_Fv3_SCC 2.216e+00
[closure-dump] wrote /data/uboone/processed/closure_hists_xsec_FHC5_costhmu.root

GENIE: χ² = 2.733e+00/8 bins, p-value = 9.500e-01
GiBUU: χ² = 2.822e+00/8 bins, p-value = 9.450e-01
MicroBooNE Tune: χ² = 2.007e+00/8 bins, p-value = 9.808e-01
NEUT: χ² = 3.422e+00/8 bins, p-value = 9.051e-01
NuWro: χ² = 3.993e+00/8 bins, p-value = 8.578e-01
truth: χ² = 2.638e+00/8 bins, p-value = 9.550e-01
Bin: 1, Val = 7.847e-02, Unc = 4.892e-02
Bin: 2, Val = 2.975e-01, Unc = 1.251e-01
Bin: 3, Val = 6.349e-01, Unc = 2.878e-01
Bin: 4, Val = 1.082e+00, Unc = 5.276e-01
Bin: 5, Val = 9.711e-01, Unc = 5.322e-01
Bin: 6, Val = 2.002e+00, Unc = 7.330e-01
Bin: 7, Val = 3.076e+00, Unc = 9.718e-01
Bin: 8, Val = 4.089e+00, Unc = 1.182e+00
Info in <TCanvas::Print>: pdf file unfold_output/plot_costhetamu_0.pdf has been created
Key: Fakedata
Key: GENIE
Key: GiBUU
Key: MicroBooNETune
Key: NEUT
Key: NuWro

GENIE: χ² = 2.733e+00/8 bins, p-value = 9.500e-01
GiBUU: χ² = 2.822e+00/8 bins, p-value = 9.450e-01
MicroBooNE Tune: χ² = 2.007e+00/8 bins, p-value = 9.808e-01
NEUT: χ² = 3.422e+00/8 bins, p-value = 9.051e-01
NuWro: χ² = 3.993e+00/8 bins, p-value = 8.578e-01
truth: χ² = 2.638e+00/8 bins, p-value = 9.550e-01
Bin: 1, Val = 1.099e-01, Unc = 6.849e-02
Bin: 2, Val = 6.694e-02, Unc = 2.815e-02
Bin: 3, Val = 7.936e-02, Unc = 3.597e-02
Bin: 4, Val = 8.114e-02, Unc = 3.957e-02
Bin: 5, Val = 7.283e-02, Unc = 3.992e-02
Bin: 6, Val = 1.001e-01, Unc = 3.665e-02
Bin: 7, Val = 7.690e-02, Unc = 2.430e-02
Bin: 8, Val = 1.022e-01, Unc = 2.956e-02
Info in <TCanvas::Print>: pdf file unfold_output/plot_binnumber_1.pdf has been created
Error in <TROOT::WriteTObject>: The current directory (RootApp) is not associated with a file. The object (h_A_C) has not been written.
Info in <TCanvas::Print>: pdf file unfold_output/plot_regularization_matrix.pdf has been created
Get covariances statement 1 works
This is the name fluxThis is the type FluxRW
Get covariances statement 8 works
This is the name reintThis is the type RW
Get covariances statement 8 works
This is the name xsec_multiThis is the type RW
Get covariances statement 8 works
This is the name xsec_AxFFCCQEshapeThis is the type RW
Get covariances statement 8 works
This is the name xsec_DecayAngMECThis is the type RW
Get covariances statement 8 works
This is the name xsec_NormCCCOHThis is the type RW
Get covariances statement 8 works
This is the name xsec_NormNCCOHThis is the type RW
Get covariances statement 8 works
This is the name xsec_RPA_CCQEThis is the type RW
Get covariances statement 8 works
This is the name xsec_ThetaDelta2NRadThis is the type RW
Get covariances statement 8 works
This is the name xsec_Theta_Delta2NpiThis is the type RW
Get covariances statement 8 works
This is the name xsec_VecFFCCQEshapeThis is the type RW
Get covariances statement 8 works
This is the name xsec_XSecShape_CCMECThis is the type RW
Get covariances statement 8 works
This is the name xsec_xsr_scc_Fa3_SCCThis is the type RW
Get covariances statement 8 works
This is the name xsec_xsr_scc_Fv3_SCCThis is the type RW
Get covariances statement 8 works
This is the name detVarLYdownThis is the type DV
Get covariances statement 7 works
This is the name detVarLYraylThis is the type DV
Get covariances statement 7 works
This is the name detVarRecomb2This is the type DV
Get covariances statement 7 works
This is the name detVarSCEThis is the type DV
Get covariances statement 7 works
This is the name detVarWMAngleXZThis is the type DV
Get covariances statement 7 works
This is the name detVarWMAngleYZThis is the type DV
Get covariances statement 7 works
This is the name detVarWMXThis is the type DV
Get covariances statement 7 works
This is the name detVarWMYZThis is the type DV
Get covariances statement 7 works
This is the name POTThis is the type MCFullCorr
Get covariances statement 5 works
This is the name numTargetsThis is the type MCFullCorr
Get covariances statement 5 works
This is the name MCstatsThis is the type MCstat
Get covariances statement 3 works
This is the name EXTstatsThis is the type EXTstat
Get covariances statement 4 works
This is the name BNBstatsThis is the type BNBstat
Get covariances statement 4 works
This is the name xsec_unisimThis is the type sum
Get covariances statement 2 works
This is the name xsec_totalThis is the type sum
Get covariances statement 2 works
This is the name flux_totalThis is the type sum
Get covariances statement 2 works
This is the name detVar_totalThis is the type sum
Get covariances statement 2 works
This is the name DataStatsThis is the type sum
Get covariances statement 2 works
This is the name SimulationStatsThis is the type sum
Get covariances statement 2 works
This is the name PredTotalThis is the type sum
Get covariances statement 2 works
This is the name totalThis is the type sum
Get covariances statement 2 works
Get covariances statement 11 works
Info in <TCanvas::Print>: pdf file unfold_output/plot_step1_reco_spectrum.pdf has been created
Info in <TCanvas::Print>: pdf file unfold_output/plot_step2_bkgd_subtraction.pdf has been created
Info in <TCanvas::Print>: pdf file unfold_output/plot_step3_smearing_matrix.pdf has been created
[DIAGDUMP] column-normalised response diagonal: 0.651 0.701 0.669 0.669 0.769 0.768 0.739 0.906
Info in <TCanvas::Print>: pdf file unfold_output/plot_step4_efficiency.pdf has been created
