
Running Unfolder.C with options:
	XSEC_Config: configs/ccpi_xsec_config_numi_pmu_rhcfull.txt
	SLICE_Config: configs/ccpi_pmu_slice_config_opt.txt
	OutputDirectory: /data/uboone/processed/
	OutputFileName: xsec_RHCFULL_pmu.root


Loading default file properties from /home/t2k/nowak/MicroBooNE/working_xsec_analyzer/xsec_analyzer/configs/file_properties.txt
Loading file properties from configs/file_properties_numi_rhcfull.txt
CrossSectionExtracter initialised with options:
	xsec_extract_tconfig_file_name: configs/ccpi_xsec_config_numi_pmu_rhcfull.txt
	syst_config_file_name: configs/ccpi_systcalc_numi.conf
	file_properties_config: configs/file_properties_numi_rhcfull.txt
	unfolding_tech: WienerSVD
		Option: Second Derivative
	univ_file_name: /data/uboone/processed/ccpi_RHCFULL_pmu_univmake.root
	Predictions - 
		 0 - Prediction uBTune "MicroBooNE Tune" univ CV
		 1 - Prediction FakeData "Fakedata" univ FakeData
		 2 - Prediction GENIE "GENIE" file /home/t2k/nowak/MicroBooNE/working_xsec_analyzer/generator_predictions/gen2d/genie_ext_rhc_fte.root pmu6_fte
		 3 - Prediction GiBUU "GiBUU" file /home/t2k/nowak/MicroBooNE/working_xsec_analyzer/generator_predictions/gen2d/gibuu_ext_rhc_fte.root pmu6_fte
		 4 - Prediction NEUT "NEUT" file /home/t2k/nowak/MicroBooNE/working_xsec_analyzer/generator_predictions/gen2d/neut_ext_rhc_fte.root pmu6_fte
		 5 - Prediction NuWro "NuWro" file /home/t2k/nowak/MicroBooNE/working_xsec_analyzer/generator_predictions/gen2d/nuwro_ext_rhc_fte.root pmu6_fte


We do get in here but something goes wrong 
respmat_tdirectoryfile_name given to SystematicsCalculator is empty. Using default: ccpi_CC1mu1piXp_pmu_1D

Initialising SystematicsCalculator with options:
	syst_config_file_name_: configs/ccpi_systcalc_numi.conf
	universe_file_name: /data/uboone/processed/ccpi_RHCFULL_pmu_univmake.root
	fpm_config_file: configs+file_properties_numi_rhcfull.txt
	tdf_name: ccpi_CC1mu1piXp_pmu_1D


Reusing cached universes "total_configs+file_properties_numi_rhcfull.txt" (normalisation key v5-fakedata-truth-unweighted-38227e5b6aa2d27a).
******* USING FAKE DATA *******
using_fake_data = 1

Initialising SliceBinning object
	config_file_name: configs/ccpi_pmu_slice_config_opt.txt
	Number of variables used in slicing: 2
	Number of slices requested: 2

Slice Specifications ---------------- 

Slice Index: 0
	Active variable: p_{#mu}
	Number of bins: 6 - 
		Bin 1: 0.15  (GeV/c) ≤ p_{#mu} < 0.3  (GeV/c)
		Bin 2: 0.3  (GeV/c) ≤ p_{#mu} < 0.425  (GeV/c)
		Bin 3: 0.425  (GeV/c) ≤ p_{#mu} < 0.575  (GeV/c)
		Bin 4: 0.575  (GeV/c) ≤ p_{#mu} < 0.825  (GeV/c)
		Bin 5: 0.825  (GeV/c) ≤ p_{#mu} < 1.25  (GeV/c)
		Bin 6: 1.25  (GeV/c) ≤ p_{#mu} < 3  (GeV/c)
	Bin matching between slice TH1 and global TH1 - 
		Global bin 0 is matched to 1 in this slice
		Global bin 1 is matched to 2 in this slice
		Global bin 2 is matched to 3 in this slice
		Global bin 3 is matched to 4 in this slice
		Global bin 4 is matched to 5 in this slice
		Global bin 5 is matched to 6 in this slice

Slice Index: 1
	Active variable: bin number
	Number of bins: 6 - 
		Bin 1: 0  ≤ bin number < 1 
		Bin 2: 1  ≤ bin number < 2 
		Bin 3: 2  ≤ bin number < 3 
		Bin 4: 3  ≤ bin number < 4 
		Bin 5: 4  ≤ bin number < 5 
		Bin 6: 5  ≤ bin number < 6 
	Bin matching between slice TH1 and global TH1 - 
		Global bin 0 is matched to 1 in this slice
		Global bin 1 is matched to 2 in this slice
		Global bin 2 is matched to 3 in this slice
		Global bin 3 is matched to 4 in this slice
		Global bin 4 is matched to 5 in this slice
		Global bin 5 is matched to 6 in this slice
[REGWIDTH] supplied 6 true-bin widths to the regularisation matrix
Get covariances statement 1 works
This is the name fluxThis is the type FluxRW
Get covariances statement 8 works
This is the name reintThis is the type RW
Get covariances statement 8 works
This is the name xsec_multiThis is the type RW
Get covariances statement 8 works
This is the name xsec_AxFFCCQEshapeThis is the type RW
Get covariances statement 8 works
This is the name xsec_DecayAngMECThis is the type RW
Get covariances statement 8 works
This is the name xsec_NormCCCOHThis is the type RW
Get covariances statement 8 works
This is the name xsec_NormNCCOHThis is the type RW
Get covariances statement 8 works
This is the name xsec_RPA_CCQEThis is the type RW
Get covariances statement 8 works
This is the name xsec_ThetaDelta2NRadThis is the type RW
Get covariances statement 8 works
This is the name xsec_Theta_Delta2NpiThis is the type RW
Get covariances statement 8 works
This is the name xsec_VecFFCCQEshapeThis is the type RW
Get covariances statement 8 works
This is the name xsec_XSecShape_CCMECThis is the type RW
Get covariances statement 8 works
This is the name xsec_xsr_scc_Fa3_SCCThis is the type RW
Get covariances statement 8 works
This is the name xsec_xsr_scc_Fv3_SCCThis is the type RW
Get covariances statement 8 works
This is the name detVarLYdownThis is the type DV
Get covariances statement 7 works
This is the name detVarLYraylThis is the type DV
Get covariances statement 7 works
This is the name detVarRecomb2This is the type DV
Get covariances statement 7 works
This is the name detVarSCEThis is the type DV
Get covariances statement 7 works
This is the name detVarWMAngleXZThis is the type DV
Get covariances statement 7 works
This is the name detVarWMAngleYZThis is the type DV
Get covariances statement 7 works
This is the name detVarWMXThis is the type DV
Get covariances statement 7 works
This is the name detVarWMYZThis is the type DV
Get covariances statement 7 works
This is the name POTThis is the type MCFullCorr
Get covariances statement 5 works
This is the name numTargetsThis is the type MCFullCorr
Get covariances statement 5 works
This is the name MCstatsThis is the type MCstat
Get covariances statement 3 works
This is the name EXTstatsThis is the type EXTstat
Get covariances statement 4 works
This is the name BNBstatsThis is the type BNBstat
Get covariances statement 4 works
This is the name xsec_unisimThis is the type sum
Get covariances statement 2 works
This is the name xsec_totalThis is the type sum
Get covariances statement 2 works
This is the name flux_totalThis is the type sum
Get covariances statement 2 works
This is the name detVar_totalThis is the type sum
Get covariances statement 2 works
This is the name DataStatsThis is the type sum
Get covariances statement 2 works
This is the name SimulationStatsThis is the type sum
Get covariances statement 2 works
This is the name PredTotalThis is the type sum
Get covariances statement 2 works
This is the name totalThis is the type sum
Get covariances statement 2 works
Get covariances statement 11 works

Starting the unfolding -----------------
Get covariances statement 1 works
This is the name fluxThis is the type FluxRW
Get covariances statement 8 works
This is the name reintThis is the type RW
Get covariances statement 8 works
This is the name xsec_multiThis is the type RW
Get covariances statement 8 works
This is the name xsec_AxFFCCQEshapeThis is the type RW
Get covariances statement 8 works
This is the name xsec_DecayAngMECThis is the type RW
Get covariances statement 8 works
This is the name xsec_NormCCCOHThis is the type RW
Get covariances statement 8 works
This is the name xsec_NormNCCOHThis is the type RW
Get covariances statement 8 works
This is the name xsec_RPA_CCQEThis is the type RW
Get covariances statement 8 works
This is the name xsec_ThetaDelta2NRadThis is the type RW
Get covariances statement 8 works
This is the name xsec_Theta_Delta2NpiThis is the type RW
Get covariances statement 8 works
This is the name xsec_VecFFCCQEshapeThis is the type RW
Get covariances statement 8 works
This is the name xsec_XSecShape_CCMECThis is the type RW
Get covariances statement 8 works
This is the name xsec_xsr_scc_Fa3_SCCThis is the type RW
Get covariances statement 8 works
This is the name xsec_xsr_scc_Fv3_SCCThis is the type RW
Get covariances statement 8 works
This is the name detVarLYdownThis is the type DV
Get covariances statement 7 works
This is the name detVarLYraylThis is the type DV
Get covariances statement 7 works
This is the name detVarRecomb2This is the type DV
Get covariances statement 7 works
This is the name detVarSCEThis is the type DV
Get covariances statement 7 works
This is the name detVarWMAngleXZThis is the type DV
Get covariances statement 7 works
This is the name detVarWMAngleYZThis is the type DV
Get covariances statement 7 works
This is the name detVarWMXThis is the type DV
Get covariances statement 7 works
This is the name detVarWMYZThis is the type DV
Get covariances statement 7 works
This is the name POTThis is the type MCFullCorr
Get covariances statement 5 works
This is the name numTargetsThis is the type MCFullCorr
Get covariances statement 5 works
This is the name MCstatsThis is the type MCstat
Get covariances statement 3 works
This is the name EXTstatsThis is the type EXTstat
Get covariances statement 4 works
This is the name BNBstatsThis is the type BNBstat
Get covariances statement 4 works
This is the name xsec_unisimThis is the type sum
Get covariances statement 2 works
This is the name xsec_totalThis is the type sum
Get covariances statement 2 works
This is the name flux_totalThis is the type sum
Get covariances statement 2 works
This is the name detVar_totalThis is the type sum
Get covariances statement 2 works
This is the name DataStatsThis is the type sum
Get covariances statement 2 works
This is the name SimulationStatsThis is the type sum
Get covariances statement 2 works
This is the name PredTotalThis is the type sum
Get covariances statement 2 works
This is the name totalThis is the type sum
Get covariances statement 2 works
Get covariances statement 11 works
Unfolding completed -----------------

Post-processing covariance matrices..
Creating Norm/Shape covariance matrices for 1 blocks(s)
	- Creating Norm/shape decomposition for block: 0
BNBstats: 6.19159e-05
DataStats: 6.19159e-05
EXTstats: 1.38202e-06
MCstats: 4.81488e-06
POT: 8.59528e-06
PredTotal: 0.00100518
SimulationStats: 6.1969e-06
detVarLYdown: 6.2143e-12
detVarLYrayl: 4.31665e-06
detVarRecomb2: 1.61415e-05
detVarSCE: 0.000112928
detVarWMAngleXZ: 4.20558e-05
detVarWMAngleYZ: 4.32296e-05
detVarWMX: 1.74511e-05
detVarWMYZ: 7.68289e-05
detVar_total: 0.000312952
flux: 0.00055566
flux_total: 0.00055566
numTargets: 2.14882e-06
reint: 1.03802e-05
total: 0.0010671
total_blockwise_mixed: 0.000111241
total_blockwise_norm: 0.000729833
total_blockwise_shape: 0.000226025
xsec_AxFFCCQEshape: 9.69026e-07
xsec_DecayAngMEC: 1.66545e-06
xsec_NormCCCOH: 2.79014e-06
xsec_NormNCCOH: 1.29617e-06
xsec_RPA_CCQE: 9.99472e-07
xsec_ThetaDelta2NRad: 1.263e-06
xsec_Theta_Delta2Npi: 7.61128e-06
xsec_VecFFCCQEshape: 7.31977e-07
xsec_XSecShape_CCMEC: 8.57076e-06
xsec_multi: 8.04171e-05
xsec_total: 0.00010925
xsec_unisim: 2.58973e-05
xsec_xsr_scc_Fa3_SCC: 1.49363e-06
xsec_xsr_scc_Fv3_SCC: 1.44204e-06
[IDENTITY] bins 6  max|U*R - A_C| 9.201e-08  rms 2.118e-08  max|A_C| 1.050e+00  relative 8.765e-08
Key: Fakedata
Key: GENIE
Key: GiBUU
Key: MicroBooNETune
Key: NEUT
Key: NuWro
[SYSTDUMP] sigma_int 6.442e-01
[SYSTDUMP] BNBstats 1.316e+01
[SYSTDUMP] DataStats 1.316e+01
[SYSTDUMP] EXTstats 1.558e+00
[SYSTDUMP] MCstats 3.734e+00
[SYSTDUMP] POT 3.591e+00
[SYSTDUMP] PredTotal 4.057e+01
[SYSTDUMP] SimulationStats 4.060e+00
[SYSTDUMP] detVarLYdown 9.962e-01
[SYSTDUMP] detVarLYrayl 3.125e+00
[SYSTDUMP] detVarRecomb2 5.719e+00
[SYSTDUMP] detVarSCE 1.624e+01
[SYSTDUMP] detVarWMAngleXZ 4.925e+00
[SYSTDUMP] detVarWMAngleYZ 9.002e+00
[SYSTDUMP] detVarWMX 3.293e+00
[SYSTDUMP] detVarWMYZ 9.284e+00
[SYSTDUMP] detVar_total 2.377e+01
[SYSTDUMP] flux 2.942e+01
[SYSTDUMP] flux_total 2.942e+01
[SYSTDUMP] numTargets 1.795e+00
[SYSTDUMP] reint 4.400e+00
[SYSTDUMP] total 4.286e+01
[SYSTDUMP] total_blockwise_mixed 1.009e+01
[SYSTDUMP] total_blockwise_norm 3.524e+01
[SYSTDUMP] total_blockwise_shape 2.182e+01
[SYSTDUMP] xsec_AxFFCCQEshape 1.142e+00
[SYSTDUMP] xsec_DecayAngMEC 2.057e+00
[SYSTDUMP] xsec_NormCCCOH 1.912e+00
[SYSTDUMP] xsec_NormNCCOH 1.358e+00
[SYSTDUMP] xsec_RPA_CCQE 1.568e+00
[SYSTDUMP] xsec_ThetaDelta2NRad 1.342e+00
[SYSTDUMP] xsec_Theta_Delta2Npi 3.031e+00
[SYSTDUMP] xsec_VecFFCCQEshape 1.122e+00
[SYSTDUMP] xsec_XSecShape_CCMEC 2.848e+00
[SYSTDUMP] xsec_multi 1.032e+01
[SYSTDUMP] xsec_total 1.261e+01
[SYSTDUMP] xsec_unisim 5.967e+00
[SYSTDUMP] xsec_xsr_scc_Fa3_SCC 2.593e+00
[SYSTDUMP] xsec_xsr_scc_Fv3_SCC 2.563e+00
[closure-dump] wrote /data/uboone/processed/closure_hists_xsec_RHCFULL_pmu.root

GENIE: χ² = 8.315e-01/6 bins, p-value = 9.912e-01
GiBUU: χ² = 5.750e-01/6 bins, p-value = 9.968e-01
MicroBooNE Tune: χ² = 7.579e-01/6 bins, p-value = 9.932e-01
NEUT: χ² = 9.033e-01/6 bins, p-value = 9.890e-01
NuWro: χ² = 1.252e+00/6 bins, p-value = 9.742e-01
truth: χ² = 4.422e-01/6 bins, p-value = 9.985e-01
Bin: 1, Val = 5.111e-01, Unc = 2.178e-01
Bin: 2, Val = 4.800e-01, Unc = 2.021e-01
Bin: 3, Val = 4.531e-01, Unc = 1.869e-01
Bin: 4, Val = 4.038e-01, Unc = 1.658e-01
Bin: 5, Val = 3.271e-01, Unc = 1.355e-01
Bin: 6, Val = 1.141e-01, Unc = 5.552e-02
Info in <TCanvas::Print>: pdf file unfold_output/plot_pmu_0.pdf has been created
Key: Fakedata
Key: GENIE
Key: GiBUU
Key: MicroBooNETune
Key: NEUT
Key: NuWro

GENIE: χ² = 8.315e-01/6 bins, p-value = 9.912e-01
GiBUU: χ² = 5.750e-01/6 bins, p-value = 9.968e-01
MicroBooNE Tune: χ² = 7.579e-01/6 bins, p-value = 9.932e-01
NEUT: χ² = 9.033e-01/6 bins, p-value = 9.890e-01
NuWro: χ² = 1.252e+00/6 bins, p-value = 9.742e-01
truth: χ² = 4.422e-01/6 bins, p-value = 9.985e-01
Bin: 1, Val = 7.666e-02, Unc = 3.267e-02
Bin: 2, Val = 6.001e-02, Unc = 2.526e-02
Bin: 3, Val = 6.796e-02, Unc = 2.804e-02
Bin: 4, Val = 1.009e-01, Unc = 4.146e-02
Bin: 5, Val = 1.390e-01, Unc = 5.760e-02
Bin: 6, Val = 1.996e-01, Unc = 9.716e-02
Info in <TCanvas::Print>: pdf file unfold_output/plot_binnumber_1.pdf has been created
Error in <TROOT::WriteTObject>: The current directory (RootApp) is not associated with a file. The object (h_A_C) has not been written.
Info in <TCanvas::Print>: pdf file unfold_output/plot_regularization_matrix.pdf has been created
Get covariances statement 1 works
This is the name fluxThis is the type FluxRW
Get covariances statement 8 works
This is the name reintThis is the type RW
Get covariances statement 8 works
This is the name xsec_multiThis is the type RW
Get covariances statement 8 works
This is the name xsec_AxFFCCQEshapeThis is the type RW
Get covariances statement 8 works
This is the name xsec_DecayAngMECThis is the type RW
Get covariances statement 8 works
This is the name xsec_NormCCCOHThis is the type RW
Get covariances statement 8 works
This is the name xsec_NormNCCOHThis is the type RW
Get covariances statement 8 works
This is the name xsec_RPA_CCQEThis is the type RW
Get covariances statement 8 works
This is the name xsec_ThetaDelta2NRadThis is the type RW
Get covariances statement 8 works
This is the name xsec_Theta_Delta2NpiThis is the type RW
Get covariances statement 8 works
This is the name xsec_VecFFCCQEshapeThis is the type RW
Get covariances statement 8 works
This is the name xsec_XSecShape_CCMECThis is the type RW
Get covariances statement 8 works
This is the name xsec_xsr_scc_Fa3_SCCThis is the type RW
Get covariances statement 8 works
This is the name xsec_xsr_scc_Fv3_SCCThis is the type RW
Get covariances statement 8 works
This is the name detVarLYdownThis is the type DV
Get covariances statement 7 works
This is the name detVarLYraylThis is the type DV
Get covariances statement 7 works
This is the name detVarRecomb2This is the type DV
Get covariances statement 7 works
This is the name detVarSCEThis is the type DV
Get covariances statement 7 works
This is the name detVarWMAngleXZThis is the type DV
Get covariances statement 7 works
This is the name detVarWMAngleYZThis is the type DV
Get covariances statement 7 works
This is the name detVarWMXThis is the type DV
Get covariances statement 7 works
This is the name detVarWMYZThis is the type DV
Get covariances statement 7 works
This is the name POTThis is the type MCFullCorr
Get covariances statement 5 works
This is the name numTargetsThis is the type MCFullCorr
Get covariances statement 5 works
This is the name MCstatsThis is the type MCstat
Get covariances statement 3 works
This is the name EXTstatsThis is the type EXTstat
Get covariances statement 4 works
This is the name BNBstatsThis is the type BNBstat
Get covariances statement 4 works
This is the name xsec_unisimThis is the type sum
Get covariances statement 2 works
This is the name xsec_totalThis is the type sum
Get covariances statement 2 works
This is the name flux_totalThis is the type sum
Get covariances statement 2 works
This is the name detVar_totalThis is the type sum
Get covariances statement 2 works
This is the name DataStatsThis is the type sum
Get covariances statement 2 works
This is the name SimulationStatsThis is the type sum
Get covariances statement 2 works
This is the name PredTotalThis is the type sum
Get covariances statement 2 works
This is the name totalThis is the type sum
Get covariances statement 2 works
Get covariances statement 11 works
Info in <TCanvas::Print>: pdf file unfold_output/plot_step1_reco_spectrum.pdf has been created
Info in <TCanvas::Print>: pdf file unfold_output/plot_step2_bkgd_subtraction.pdf has been created
Info in <TCanvas::Print>: pdf file unfold_output/plot_step3_smearing_matrix.pdf has been created
[DIAGDUMP] column-normalised response diagonal: 0.760 0.635 0.598 0.592 0.591 0.590
Info in <TCanvas::Print>: pdf file unfold_output/plot_step4_efficiency.pdf has been created
