
Running Unfolder.C with options:
	XSEC_Config: configs/ccpi_xsec_config_numi_ppi2bin_rhcfull.txt
	SLICE_Config: configs/ccpi_ppi_slice_config_2bin.txt
	OutputDirectory: /data/uboone/processed/
	OutputFileName: xsec_RHCFULL_ppi2bin.root


Loading default file properties from /home/t2k/nowak/MicroBooNE/working_xsec_analyzer/xsec_analyzer/configs/file_properties.txt
Loading file properties from configs/file_properties_numi_rhcfull.txt
CrossSectionExtracter initialised with options:
	xsec_extract_tconfig_file_name: configs/ccpi_xsec_config_numi_ppi2bin_rhcfull.txt
	syst_config_file_name: configs/ccpi_systcalc_numi.conf
	file_properties_config: configs/file_properties_numi_rhcfull.txt
	unfolding_tech: WienerSVD
		Option: Second Derivative
	univ_file_name: /data/uboone/processed/ccpi_RHCFULL_ppi2bin_univmake.root
	Predictions - 
		 0 - Prediction uBTune "MicroBooNE Tune" univ CV
		 1 - Prediction FakeData "Fakedata" univ FakeData
		 2 - Prediction GENIE "GENIE" file /home/t2k/nowak/MicroBooNE/working_xsec_analyzer/generator_predictions/newg4/genie_rhc_fte.root ppi_fte
		 3 - Prediction GiBUU "GiBUU" file /home/t2k/nowak/MicroBooNE/working_xsec_analyzer/generator_predictions/newg4/gibuu_rhc_fte.root ppi_fte
		 4 - Prediction NEUT "NEUT" file /home/t2k/nowak/MicroBooNE/working_xsec_analyzer/generator_predictions/newg4/neut_rhc_fte.root ppi_fte
		 5 - Prediction NuWro "NuWro" file /home/t2k/nowak/MicroBooNE/working_xsec_analyzer/generator_predictions/newg4/nuwro_rhc_fte.root ppi_fte


We do get in here but something goes wrong 
respmat_tdirectoryfile_name given to SystematicsCalculator is empty. Using default: ccpi_CC1mu1piXp_ppi_1D

Initialising SystematicsCalculator with options:
	syst_config_file_name_: configs/ccpi_systcalc_numi.conf
	universe_file_name: /data/uboone/processed/ccpi_RHCFULL_ppi2bin_univmake.root
	fpm_config_file: configs+file_properties_numi_rhcfull.txt
	tdf_name: ccpi_CC1mu1piXp_ppi_1D


Reusing cached universes "total_configs+file_properties_numi_rhcfull.txt" (normalisation key v5-fakedata-truth-unweighted-38227e5b6aa2d27a).
******* USING FAKE DATA *******
using_fake_data = 1

Initialising SliceBinning object
	config_file_name: configs/ccpi_ppi_slice_config_2bin.txt
	Number of variables used in slicing: 2
	Number of slices requested: 2

Slice Specifications ---------------- 

Slice Index: 0
	Active variable: p_{#pi}
	Number of bins: 2 - 
		Bin 1: 0.175  (GeV/c) ≤ p_{#pi} < 0.205  (GeV/c)
		Bin 2: 0.205  (GeV/c) ≤ p_{#pi} < 1  (GeV/c)
	Bin matching between slice TH1 and global TH1 - 
		Global bin 0 is matched to 1 in this slice
		Global bin 1 is matched to 2 in this slice

Slice Index: 1
	Active variable: bin number
	Number of bins: 2 - 
		Bin 1: 0  ≤ bin number < 1 
		Bin 2: 1  ≤ bin number < 2 
	Bin matching between slice TH1 and global TH1 - 
		Global bin 0 is matched to 1 in this slice
		Global bin 1 is matched to 2 in this slice
[REGWIDTH] supplied 2 true-bin widths to the regularisation matrix
Get covariances statement 1 works
This is the name fluxThis is the type FluxRW
Get covariances statement 8 works
This is the name reintThis is the type RW
Get covariances statement 8 works
This is the name xsec_multiThis is the type RW
Get covariances statement 8 works
This is the name xsec_AxFFCCQEshapeThis is the type RW
Get covariances statement 8 works
This is the name xsec_DecayAngMECThis is the type RW
Get covariances statement 8 works
This is the name xsec_NormCCCOHThis is the type RW
Get covariances statement 8 works
This is the name xsec_NormNCCOHThis is the type RW
Get covariances statement 8 works
This is the name xsec_RPA_CCQEThis is the type RW
Get covariances statement 8 works
This is the name xsec_ThetaDelta2NRadThis is the type RW
Get covariances statement 8 works
This is the name xsec_Theta_Delta2NpiThis is the type RW
Get covariances statement 8 works
This is the name xsec_VecFFCCQEshapeThis is the type RW
Get covariances statement 8 works
This is the name xsec_XSecShape_CCMECThis is the type RW
Get covariances statement 8 works
This is the name xsec_xsr_scc_Fa3_SCCThis is the type RW
Get covariances statement 8 works
This is the name xsec_xsr_scc_Fv3_SCCThis is the type RW
Get covariances statement 8 works
This is the name detVarLYdownThis is the type DV
Get covariances statement 7 works
This is the name detVarLYraylThis is the type DV
Get covariances statement 7 works
This is the name detVarRecomb2This is the type DV
Get covariances statement 7 works
This is the name detVarSCEThis is the type DV
Get covariances statement 7 works
This is the name detVarWMAngleXZThis is the type DV
Get covariances statement 7 works
This is the name detVarWMAngleYZThis is the type DV
Get covariances statement 7 works
This is the name detVarWMXThis is the type DV
Get covariances statement 7 works
This is the name detVarWMYZThis is the type DV
Get covariances statement 7 works
This is the name POTThis is the type MCFullCorr
Get covariances statement 5 works
This is the name numTargetsThis is the type MCFullCorr
Get covariances statement 5 works
This is the name MCstatsThis is the type MCstat
Get covariances statement 3 works
This is the name EXTstatsThis is the type EXTstat
Get covariances statement 4 works
This is the name BNBstatsThis is the type BNBstat
Get covariances statement 4 works
This is the name xsec_unisimThis is the type sum
Get covariances statement 2 works
This is the name xsec_totalThis is the type sum
Get covariances statement 2 works
This is the name flux_totalThis is the type sum
Get covariances statement 2 works
This is the name detVar_totalThis is the type sum
Get covariances statement 2 works
This is the name DataStatsThis is the type sum
Get covariances statement 2 works
This is the name SimulationStatsThis is the type sum
Get covariances statement 2 works
This is the name PredTotalThis is the type sum
Get covariances statement 2 works
This is the name totalThis is the type sum
Get covariances statement 2 works
Get covariances statement 11 works

Starting the unfolding -----------------
Get covariances statement 1 works
This is the name fluxThis is the type FluxRW
Get covariances statement 8 works
This is the name reintThis is the type RW
Get covariances statement 8 works
This is the name xsec_multiThis is the type RW
Get covariances statement 8 works
This is the name xsec_AxFFCCQEshapeThis is the type RW
Get covariances statement 8 works
This is the name xsec_DecayAngMECThis is the type RW
Get covariances statement 8 works
This is the name xsec_NormCCCOHThis is the type RW
Get covariances statement 8 works
This is the name xsec_NormNCCOHThis is the type RW
Get covariances statement 8 works
This is the name xsec_RPA_CCQEThis is the type RW
Get covariances statement 8 works
This is the name xsec_ThetaDelta2NRadThis is the type RW
Get covariances statement 8 works
This is the name xsec_Theta_Delta2NpiThis is the type RW
Get covariances statement 8 works
This is the name xsec_VecFFCCQEshapeThis is the type RW
Get covariances statement 8 works
This is the name xsec_XSecShape_CCMECThis is the type RW
Get covariances statement 8 works
This is the name xsec_xsr_scc_Fa3_SCCThis is the type RW
Get covariances statement 8 works
This is the name xsec_xsr_scc_Fv3_SCCThis is the type RW
Get covariances statement 8 works
This is the name detVarLYdownThis is the type DV
Get covariances statement 7 works
This is the name detVarLYraylThis is the type DV
Get covariances statement 7 works
This is the name detVarRecomb2This is the type DV
Get covariances statement 7 works
This is the name detVarSCEThis is the type DV
Get covariances statement 7 works
This is the name detVarWMAngleXZThis is the type DV
Get covariances statement 7 works
This is the name detVarWMAngleYZThis is the type DV
Get covariances statement 7 works
This is the name detVarWMXThis is the type DV
Get covariances statement 7 works
This is the name detVarWMYZThis is the type DV
Get covariances statement 7 works
This is the name POTThis is the type MCFullCorr
Get covariances statement 5 works
This is the name numTargetsThis is the type MCFullCorr
Get covariances statement 5 works
This is the name MCstatsThis is the type MCstat
Get covariances statement 3 works
This is the name EXTstatsThis is the type EXTstat
Get covariances statement 4 works
This is the name BNBstatsThis is the type BNBstat
Get covariances statement 4 works
This is the name xsec_unisimThis is the type sum
Get covariances statement 2 works
This is the name xsec_totalThis is the type sum
Get covariances statement 2 works
This is the name flux_totalThis is the type sum
Get covariances statement 2 works
This is the name detVar_totalThis is the type sum
Get covariances statement 2 works
This is the name DataStatsThis is the type sum
Get covariances statement 2 works
This is the name SimulationStatsThis is the type sum
Get covariances statement 2 works
This is the name PredTotalThis is the type sum
Get covariances statement 2 works
This is the name totalThis is the type sum
Get covariances statement 2 works
Get covariances statement 11 works
Unfolding completed -----------------

Post-processing covariance matrices..
Creating Norm/Shape covariance matrices for 1 blocks(s)
	- Creating Norm/shape decomposition for block: 0
BNBstats: 0.000112026
DataStats: 0.000112026
EXTstats: 1.00994e-06
MCstats: 9.39614e-06
POT: 4.37873e-06
PredTotal: 0.00101176
SimulationStats: 1.04061e-05
detVarLYdown: 6.23464e-05
detVarLYrayl: 2.35194e-07
detVarRecomb2: 0.000214887
detVarSCE: 7.87016e-05
detVarWMAngleXZ: 1.32689e-05
detVarWMAngleYZ: 2.4593e-05
detVarWMX: 5.38985e-06
detVarWMYZ: 0.000204561
detVar_total: 0.000603984
flux: 0.000249857
flux_total: 0.000249857
numTargets: 1.09468e-06
reint: 3.67051e-05
total: 0.00112379
total_blockwise_mixed: -0.000168004
total_blockwise_norm: 0.000414903
total_blockwise_shape: 0.000876889
xsec_AxFFCCQEshape: 1.6081e-06
xsec_DecayAngMEC: 4.19053e-06
xsec_NormCCCOH: 1.16262e-06
xsec_NormNCCOH: 1.33785e-06
xsec_RPA_CCQE: 8.85576e-07
xsec_ThetaDelta2NRad: 1.35215e-06
xsec_Theta_Delta2Npi: 3.11497e-06
xsec_VecFFCCQEshape: 1.44097e-06
xsec_XSecShape_CCMEC: 9.32598e-06
xsec_multi: 5.20205e-05
xsec_total: 0.000105338
xsec_unisim: 2.44187e-05
xsec_xsr_scc_Fa3_SCC: 1.4517e-05
xsec_xsr_scc_Fv3_SCC: 1.43815e-05
[IDENTITY] bins 2  max|U*R - A_C| 1.275e-08  rms 6.436e-09  max|A_C| 8.795e-01  relative 1.450e-08
Key: Fakedata
Key: GENIE
Key: GiBUU
Key: MicroBooNETune
Key: NEUT
Key: NuWro
[SYSTDUMP] sigma_int 7.477e-01
[SYSTDUMP] BNBstats 1.297e+01
[SYSTDUMP] DataStats 1.297e+01
[SYSTDUMP] EXTstats 1.206e+00
[SYSTDUMP] MCstats 3.749e+00
[SYSTDUMP] POT 3.598e+00
[SYSTDUMP] PredTotal 4.864e+01
[SYSTDUMP] SimulationStats 3.939e+00
[SYSTDUMP] detVarLYdown 8.681e+00
[SYSTDUMP] detVarLYrayl 1.205e+00
[SYSTDUMP] detVarRecomb2 1.910e+01
[SYSTDUMP] detVarSCE 9.762e+00
[SYSTDUMP] detVarWMAngleXZ 7.950e+00
[SYSTDUMP] detVarWMAngleYZ 1.204e+01
[SYSTDUMP] detVarWMX 7.175e+00
[SYSTDUMP] detVarWMYZ 1.529e+01
[SYSTDUMP] detVar_total 3.467e+01
[SYSTDUMP] flux 2.838e+01
[SYSTDUMP] flux_total 2.838e+01
[SYSTDUMP] numTargets 1.799e+00
[SYSTDUMP] reint 8.604e+00
[SYSTDUMP] total 5.049e+01
[SYSTDUMP] total_blockwise_mixed 3.354e+00
[SYSTDUMP] total_blockwise_norm 3.786e+01
[SYSTDUMP] total_blockwise_shape 2.965e+01
[SYSTDUMP] xsec_AxFFCCQEshape 1.394e+00
[SYSTDUMP] xsec_DecayAngMEC 2.314e+00
[SYSTDUMP] xsec_NormCCCOH 1.900e+00
[SYSTDUMP] xsec_NormNCCOH 1.384e+00
[SYSTDUMP] xsec_RPA_CCQE 1.592e+00
[SYSTDUMP] xsec_ThetaDelta2NRad 1.385e+00
[SYSTDUMP] xsec_Theta_Delta2Npi 3.236e+00
[SYSTDUMP] xsec_VecFFCCQEshape 1.484e+00
[SYSTDUMP] xsec_XSecShape_CCMEC 4.037e+00
[SYSTDUMP] xsec_multi 1.086e+01
[SYSTDUMP] xsec_total 1.439e+01
[SYSTDUMP] xsec_unisim 7.010e+00
[SYSTDUMP] xsec_xsr_scc_Fa3_SCC 4.005e+00
[SYSTDUMP] xsec_xsr_scc_Fv3_SCC 3.978e+00
[closure-dump] wrote /data/uboone/processed/closure_hists_xsec_RHCFULL_ppi2bin.root

GENIE: χ² = 5.646e-01/2 bins, p-value = 7.540e-01
GiBUU: χ² = 2.956e-01/2 bins, p-value = 8.626e-01
MicroBooNE Tune: χ² = 6.482e-03/2 bins, p-value = 9.968e-01
NEUT: χ² = 2.536e-01/2 bins, p-value = 8.809e-01
NuWro: χ² = 1.053e-01/2 bins, p-value = 9.487e-01
truth: χ² = 1.509e-02/2 bins, p-value = 9.925e-01
Bin: 1, Val = 1.794e+00, Unc = 1.117e+00
Bin: 2, Val = 8.728e-01, Unc = 3.376e-01
Info in <TCanvas::Print>: pdf file unfold_output/plot_ppi_0.pdf has been created
Key: Fakedata
Key: GENIE
Key: GiBUU
Key: MicroBooNETune
Key: NEUT
Key: NuWro

GENIE: χ² = 5.646e-01/2 bins, p-value = 7.540e-01
GiBUU: χ² = 2.956e-01/2 bins, p-value = 8.626e-01
MicroBooNE Tune: χ² = 6.482e-03/2 bins, p-value = 9.968e-01
NEUT: χ² = 2.536e-01/2 bins, p-value = 8.809e-01
NuWro: χ² = 1.053e-01/2 bins, p-value = 9.487e-01
truth: χ² = 1.509e-02/2 bins, p-value = 9.925e-01
Bin: 1, Val = 5.381e-02, Unc = 3.352e-02
Bin: 2, Val = 6.939e-01, Unc = 2.684e-01
Info in <TCanvas::Print>: pdf file unfold_output/plot_binnumber_1.pdf has been created
Error in <TROOT::WriteTObject>: The current directory (RootApp) is not associated with a file. The object (h_A_C) has not been written.
Info in <TCanvas::Print>: pdf file unfold_output/plot_regularization_matrix.pdf has been created
Get covariances statement 1 works
This is the name fluxThis is the type FluxRW
Get covariances statement 8 works
This is the name reintThis is the type RW
Get covariances statement 8 works
This is the name xsec_multiThis is the type RW
Get covariances statement 8 works
This is the name xsec_AxFFCCQEshapeThis is the type RW
Get covariances statement 8 works
This is the name xsec_DecayAngMECThis is the type RW
Get covariances statement 8 works
This is the name xsec_NormCCCOHThis is the type RW
Get covariances statement 8 works
This is the name xsec_NormNCCOHThis is the type RW
Get covariances statement 8 works
This is the name xsec_RPA_CCQEThis is the type RW
Get covariances statement 8 works
This is the name xsec_ThetaDelta2NRadThis is the type RW
Get covariances statement 8 works
This is the name xsec_Theta_Delta2NpiThis is the type RW
Get covariances statement 8 works
This is the name xsec_VecFFCCQEshapeThis is the type RW
Get covariances statement 8 works
This is the name xsec_XSecShape_CCMECThis is the type RW
Get covariances statement 8 works
This is the name xsec_xsr_scc_Fa3_SCCThis is the type RW
Get covariances statement 8 works
This is the name xsec_xsr_scc_Fv3_SCCThis is the type RW
Get covariances statement 8 works
This is the name detVarLYdownThis is the type DV
Get covariances statement 7 works
This is the name detVarLYraylThis is the type DV
Get covariances statement 7 works
This is the name detVarRecomb2This is the type DV
Get covariances statement 7 works
This is the name detVarSCEThis is the type DV
Get covariances statement 7 works
This is the name detVarWMAngleXZThis is the type DV
Get covariances statement 7 works
This is the name detVarWMAngleYZThis is the type DV
Get covariances statement 7 works
This is the name detVarWMXThis is the type DV
Get covariances statement 7 works
This is the name detVarWMYZThis is the type DV
Get covariances statement 7 works
This is the name POTThis is the type MCFullCorr
Get covariances statement 5 works
This is the name numTargetsThis is the type MCFullCorr
Get covariances statement 5 works
This is the name MCstatsThis is the type MCstat
Get covariances statement 3 works
This is the name EXTstatsThis is the type EXTstat
Get covariances statement 4 works
This is the name BNBstatsThis is the type BNBstat
Get covariances statement 4 works
This is the name xsec_unisimThis is the type sum
Get covariances statement 2 works
This is the name xsec_totalThis is the type sum
Get covariances statement 2 works
This is the name flux_totalThis is the type sum
Get covariances statement 2 works
This is the name detVar_totalThis is the type sum
Get covariances statement 2 works
This is the name DataStatsThis is the type sum
Get covariances statement 2 works
This is the name SimulationStatsThis is the type sum
Get covariances statement 2 works
This is the name PredTotalThis is the type sum
Get covariances statement 2 works
This is the name totalThis is the type sum
Get covariances statement 2 works
Get covariances statement 11 works
Info in <TCanvas::Print>: pdf file unfold_output/plot_step1_reco_spectrum.pdf has been created
Info in <TCanvas::Print>: pdf file unfold_output/plot_step2_bkgd_subtraction.pdf has been created
Info in <TCanvas::Print>: pdf file unfold_output/plot_step3_smearing_matrix.pdf has been created
[DIAGDUMP] column-normalised response diagonal: 0.901 0.767
Info in <TCanvas::Print>: pdf file unfold_output/plot_step4_efficiency.pdf has been created
