
Running Unfolder.C with options:
	XSEC_Config: configs/ccpi_xsec_config_numi_costhpi_comb.txt
	SLICE_Config: configs/ccpi_costhpi_slice_config_opt.txt
	OutputDirectory: /data/uboone/processed/
	OutputFileName: xsec_COMB_costhpi.root


Loading default file properties from /home/t2k/nowak/MicroBooNE/working_xsec_analyzer/xsec_analyzer/configs/file_properties.txt
Loading file properties from configs/file_properties_numi_comb.txt
CrossSectionExtracter initialised with options:
	xsec_extract_tconfig_file_name: configs/ccpi_xsec_config_numi_costhpi_comb.txt
	syst_config_file_name: configs/ccpi_systcalc_numi.conf
	file_properties_config: configs/file_properties_numi_comb.txt
	unfolding_tech: WienerSVD
		Option: Second Derivative
	univ_file_name: /data/uboone/processed/ccpi_COMB_costhpi_univmake.root
	Predictions - 
		 0 - Prediction uBTune "MicroBooNE Tune" univ CV
		 1 - Prediction FakeData "Fakedata" univ FakeData
		 2 - Prediction GENIE "GENIE" file /home/t2k/nowak/MicroBooNE/working_xsec_analyzer/generator_predictions/newg4/genie_comb_fte.root costhpi_fte
		 3 - Prediction GiBUU "GiBUU" file /home/t2k/nowak/MicroBooNE/working_xsec_analyzer/generator_predictions/newg4/gibuu_comb_fte.root costhpi_fte
		 4 - Prediction NEUT "NEUT" file /home/t2k/nowak/MicroBooNE/working_xsec_analyzer/generator_predictions/newg4/neut_comb_fte.root costhpi_fte
		 5 - Prediction NuWro "NuWro" file /home/t2k/nowak/MicroBooNE/working_xsec_analyzer/generator_predictions/newg4/nuwro_comb_fte.root costhpi_fte


We do get in here but something goes wrong 
respmat_tdirectoryfile_name given to SystematicsCalculator is empty. Using default: ccpi_CC1mu1piXp_costhpi_1D

Initialising SystematicsCalculator with options:
	syst_config_file_name_: configs/ccpi_systcalc_numi.conf
	universe_file_name: /data/uboone/processed/ccpi_COMB_costhpi_univmake.root
	fpm_config_file: configs+file_properties_numi_comb.txt
	tdf_name: ccpi_CC1mu1piXp_costhpi_1D


Reusing cached universes "total_configs+file_properties_numi_comb.txt" (normalisation key v5-fakedata-truth-unweighted-b778f4107085e9d4).
******* USING FAKE DATA *******
using_fake_data = 1

Initialising SliceBinning object
	config_file_name: configs/ccpi_costhpi_slice_config_opt.txt
	Number of variables used in slicing: 2
	Number of slices requested: 2

Slice Specifications ---------------- 

Slice Index: 0
	Active variable: cos#theta_{#pi}
	Number of bins: 5 - 
		Bin 1: -1  ≤ cos#theta_{#pi} < -0.1 
		Bin 2: -0.1  ≤ cos#theta_{#pi} < 0.35 
		Bin 3: 0.35  ≤ cos#theta_{#pi} < 0.6 
		Bin 4: 0.6  ≤ cos#theta_{#pi} < 0.8 
		Bin 5: 0.8  ≤ cos#theta_{#pi} < 1 
	Bin matching between slice TH1 and global TH1 - 
		Global bin 0 is matched to 1 in this slice
		Global bin 1 is matched to 2 in this slice
		Global bin 2 is matched to 3 in this slice
		Global bin 3 is matched to 4 in this slice
		Global bin 4 is matched to 5 in this slice

Slice Index: 1
	Active variable: bin number
	Number of bins: 5 - 
		Bin 1: 0  ≤ bin number < 1 
		Bin 2: 1  ≤ bin number < 2 
		Bin 3: 2  ≤ bin number < 3 
		Bin 4: 3  ≤ bin number < 4 
		Bin 5: 4  ≤ bin number < 5 
	Bin matching between slice TH1 and global TH1 - 
		Global bin 0 is matched to 1 in this slice
		Global bin 1 is matched to 2 in this slice
		Global bin 2 is matched to 3 in this slice
		Global bin 3 is matched to 4 in this slice
		Global bin 4 is matched to 5 in this slice
[REGWIDTH] supplied 5 true-bin widths to the regularisation matrix
Get covariances statement 1 works
This is the name fluxThis is the type FluxRW
Get covariances statement 8 works
This is the name reintThis is the type RW
Get covariances statement 8 works
This is the name xsec_multiThis is the type RW
Get covariances statement 8 works
This is the name xsec_AxFFCCQEshapeThis is the type RW
Get covariances statement 8 works
This is the name xsec_DecayAngMECThis is the type RW
Get covariances statement 8 works
This is the name xsec_NormCCCOHThis is the type RW
Get covariances statement 8 works
This is the name xsec_NormNCCOHThis is the type RW
Get covariances statement 8 works
This is the name xsec_RPA_CCQEThis is the type RW
Get covariances statement 8 works
This is the name xsec_ThetaDelta2NRadThis is the type RW
Get covariances statement 8 works
This is the name xsec_Theta_Delta2NpiThis is the type RW
Get covariances statement 8 works
This is the name xsec_VecFFCCQEshapeThis is the type RW
Get covariances statement 8 works
This is the name xsec_XSecShape_CCMECThis is the type RW
Get covariances statement 8 works
This is the name xsec_xsr_scc_Fa3_SCCThis is the type RW
Get covariances statement 8 works
This is the name xsec_xsr_scc_Fv3_SCCThis is the type RW
Get covariances statement 8 works
This is the name detVarLYdownThis is the type DV
Get covariances statement 7 works
This is the name detVarLYraylThis is the type DV
Get covariances statement 7 works
This is the name detVarRecomb2This is the type DV
Get covariances statement 7 works
This is the name detVarSCEThis is the type DV
Get covariances statement 7 works
This is the name detVarWMAngleXZThis is the type DV
Get covariances statement 7 works
This is the name detVarWMAngleYZThis is the type DV
Get covariances statement 7 works
This is the name detVarWMXThis is the type DV
Get covariances statement 7 works
This is the name detVarWMYZThis is the type DV
Get covariances statement 7 works
This is the name POTThis is the type MCFullCorr
Get covariances statement 5 works
This is the name numTargetsThis is the type MCFullCorr
Get covariances statement 5 works
This is the name MCstatsThis is the type MCstat
Get covariances statement 3 works
This is the name EXTstatsThis is the type EXTstat
Get covariances statement 4 works
This is the name BNBstatsThis is the type BNBstat
Get covariances statement 4 works
This is the name xsec_unisimThis is the type sum
Get covariances statement 2 works
This is the name xsec_totalThis is the type sum
Get covariances statement 2 works
This is the name flux_totalThis is the type sum
Get covariances statement 2 works
This is the name detVar_totalThis is the type sum
Get covariances statement 2 works
This is the name DataStatsThis is the type sum
Get covariances statement 2 works
This is the name SimulationStatsThis is the type sum
Get covariances statement 2 works
This is the name PredTotalThis is the type sum
Get covariances statement 2 works
This is the name totalThis is the type sum
Get covariances statement 2 works
Get covariances statement 11 works

Starting the unfolding -----------------
Get covariances statement 1 works
This is the name fluxThis is the type FluxRW
Get covariances statement 8 works
This is the name reintThis is the type RW
Get covariances statement 8 works
This is the name xsec_multiThis is the type RW
Get covariances statement 8 works
This is the name xsec_AxFFCCQEshapeThis is the type RW
Get covariances statement 8 works
This is the name xsec_DecayAngMECThis is the type RW
Get covariances statement 8 works
This is the name xsec_NormCCCOHThis is the type RW
Get covariances statement 8 works
This is the name xsec_NormNCCOHThis is the type RW
Get covariances statement 8 works
This is the name xsec_RPA_CCQEThis is the type RW
Get covariances statement 8 works
This is the name xsec_ThetaDelta2NRadThis is the type RW
Get covariances statement 8 works
This is the name xsec_Theta_Delta2NpiThis is the type RW
Get covariances statement 8 works
This is the name xsec_VecFFCCQEshapeThis is the type RW
Get covariances statement 8 works
This is the name xsec_XSecShape_CCMECThis is the type RW
Get covariances statement 8 works
This is the name xsec_xsr_scc_Fa3_SCCThis is the type RW
Get covariances statement 8 works
This is the name xsec_xsr_scc_Fv3_SCCThis is the type RW
Get covariances statement 8 works
This is the name detVarLYdownThis is the type DV
Get covariances statement 7 works
This is the name detVarLYraylThis is the type DV
Get covariances statement 7 works
This is the name detVarRecomb2This is the type DV
Get covariances statement 7 works
This is the name detVarSCEThis is the type DV
Get covariances statement 7 works
This is the name detVarWMAngleXZThis is the type DV
Get covariances statement 7 works
This is the name detVarWMAngleYZThis is the type DV
Get covariances statement 7 works
This is the name detVarWMXThis is the type DV
Get covariances statement 7 works
This is the name detVarWMYZThis is the type DV
Get covariances statement 7 works
This is the name POTThis is the type MCFullCorr
Get covariances statement 5 works
This is the name numTargetsThis is the type MCFullCorr
Get covariances statement 5 works
This is the name MCstatsThis is the type MCstat
Get covariances statement 3 works
This is the name EXTstatsThis is the type EXTstat
Get covariances statement 4 works
This is the name BNBstatsThis is the type BNBstat
Get covariances statement 4 works
This is the name xsec_unisimThis is the type sum
Get covariances statement 2 works
This is the name xsec_totalThis is the type sum
Get covariances statement 2 works
This is the name flux_totalThis is the type sum
Get covariances statement 2 works
This is the name detVar_totalThis is the type sum
Get covariances statement 2 works
This is the name DataStatsThis is the type sum
Get covariances statement 2 works
This is the name SimulationStatsThis is the type sum
Get covariances statement 2 works
This is the name PredTotalThis is the type sum
Get covariances statement 2 works
This is the name totalThis is the type sum
Get covariances statement 2 works
Get covariances statement 11 works
Unfolding completed -----------------

Post-processing covariance matrices..
Creating Norm/Shape covariance matrices for 1 blocks(s)
	- Creating Norm/shape decomposition for block: 0
BNBstats: 0.000124238
DataStats: 0.000124238
EXTstats: 9.13959e-07
MCstats: 1.13709e-05
POT: 2.79439e-06
PredTotal: 0.000836316
SimulationStats: 1.22848e-05
detVarLYdown: 9.98594e-08
detVarLYrayl: 4.21703e-05
detVarRecomb2: 0.000177516
detVarSCE: 4.4542e-05
detVarWMAngleXZ: 4.63412e-05
detVarWMAngleYZ: 7.8823e-06
detVarWMX: 9.93122e-05
detVarWMYZ: 0.000100671
detVar_total: 0.000518535
flux: 0.000152189
flux_total: 0.000152189
numTargets: 6.98598e-07
reint: 2.26812e-05
total: 0.000960554
total_blockwise_mixed: -0.000190325
total_blockwise_norm: 0.000527218
total_blockwise_shape: 0.000623661
xsec_AxFFCCQEshape: 1.09238e-06
xsec_DecayAngMEC: 1.24247e-06
xsec_NormCCCOH: 1.18568e-06
xsec_NormNCCOH: 1.28551e-06
xsec_RPA_CCQE: 2.31931e-06
xsec_ThetaDelta2NRad: 1.2815e-06
xsec_Theta_Delta2Npi: 5.41248e-05
xsec_VecFFCCQEshape: 1.51478e-06
xsec_XSecShape_CCMEC: 1.50287e-06
xsec_multi: 6.1242e-05
xsec_total: 0.000127133
xsec_unisim: 6.55493e-05
xsec_xsr_scc_Fa3_SCC: 1.77942e-07
xsec_xsr_scc_Fv3_SCC: 1.63703e-07
[IDENTITY] bins 5  max|U*R - A_C| 2.323e-08  rms 7.326e-09  max|A_C| 9.658e-01  relative 2.405e-08
Key: Fakedata
Key: GENIE
Key: GiBUU
Key: MicroBooNETune
Key: NEUT
Key: NuWro
[SYSTDUMP] sigma_int 6.382e-01
[SYSTDUMP] BNBstats 1.145e+01
[SYSTDUMP] DataStats 1.145e+01
[SYSTDUMP] EXTstats 9.766e-01
[SYSTDUMP] MCstats 3.482e+00
[SYSTDUMP] POT 2.835e+00
[SYSTDUMP] PredTotal 3.464e+01
[SYSTDUMP] SimulationStats 3.621e+00
[SYSTDUMP] detVarLYdown 1.802e+00
[SYSTDUMP] detVarLYrayl 3.169e+00
[SYSTDUMP] detVarRecomb2 9.981e+00
[SYSTDUMP] detVarSCE 6.973e+00
[SYSTDUMP] detVarWMAngleXZ 5.923e+00
[SYSTDUMP] detVarWMAngleYZ 7.854e+00
[SYSTDUMP] detVarWMX 8.118e+00
[SYSTDUMP] detVarWMYZ 5.424e+00
[SYSTDUMP] detVar_total 2.064e+01
[SYSTDUMP] flux 2.350e+01
[SYSTDUMP] flux_total 2.350e+01
[SYSTDUMP] numTargets 1.417e+00
[SYSTDUMP] reint 4.862e+00
[SYSTDUMP] total 3.658e+01
[SYSTDUMP] total_blockwise_mixed 8.107e+00
[SYSTDUMP] total_blockwise_norm 3.244e+01
[SYSTDUMP] total_blockwise_shape 1.941e+01
[SYSTDUMP] xsec_AxFFCCQEshape 8.703e-01
[SYSTDUMP] xsec_DecayAngMEC 9.663e-01
[SYSTDUMP] xsec_NormCCCOH 1.495e+00
[SYSTDUMP] xsec_NormNCCOH 9.096e-01
[SYSTDUMP] xsec_RPA_CCQE 1.359e+00
[SYSTDUMP] xsec_ThetaDelta2NRad 9.068e-01
[SYSTDUMP] xsec_Theta_Delta2Npi 4.816e+00
[SYSTDUMP] xsec_VecFFCCQEshape 1.285e+00
[SYSTDUMP] xsec_XSecShape_CCMEC 2.359e+00
[SYSTDUMP] xsec_multi 7.688e+00
[SYSTDUMP] xsec_total 1.061e+01
[SYSTDUMP] xsec_unisim 6.647e+00
[SYSTDUMP] xsec_xsr_scc_Fa3_SCC 1.617e+00
[SYSTDUMP] xsec_xsr_scc_Fv3_SCC 1.603e+00
[closure-dump] wrote /data/uboone/processed/closure_hists_xsec_COMB_costhpi.root

GENIE: χ² = 1.684e+00/5 bins, p-value = 8.910e-01
GiBUU: χ² = 2.642e+00/5 bins, p-value = 7.550e-01
MicroBooNE Tune: χ² = 5.377e-01/5 bins, p-value = 9.907e-01
NEUT: χ² = 1.706e+00/5 bins, p-value = 8.881e-01
NuWro: χ² = 2.374e+00/5 bins, p-value = 7.954e-01
truth: χ² = 7.656e-01/5 bins, p-value = 9.792e-01
Bin: 1, Val = 7.865e-02, Unc = 3.444e-02
Bin: 2, Val = 2.479e-01, Unc = 6.904e-02
Bin: 3, Val = 4.254e-01, Unc = 1.241e-01
Bin: 4, Val = 5.706e-01, Unc = 2.430e-01
Bin: 5, Val = 1.177e+00, Unc = 4.653e-01
Info in <TCanvas::Print>: pdf file unfold_output/plot_costhetapi_0.pdf has been created
Key: Fakedata
Key: GENIE
Key: GiBUU
Key: MicroBooNETune
Key: NEUT
Key: NuWro

GENIE: χ² = 1.684e+00/5 bins, p-value = 8.910e-01
GiBUU: χ² = 2.642e+00/5 bins, p-value = 7.550e-01
MicroBooNE Tune: χ² = 5.377e-01/5 bins, p-value = 9.907e-01
NEUT: χ² = 1.706e+00/5 bins, p-value = 8.881e-01
NuWro: χ² = 2.374e+00/5 bins, p-value = 7.954e-01
truth: χ² = 7.656e-01/5 bins, p-value = 9.792e-01
Bin: 1, Val = 7.078e-02, Unc = 3.099e-02
Bin: 2, Val = 1.115e-01, Unc = 3.107e-02
Bin: 3, Val = 1.063e-01, Unc = 3.103e-02
Bin: 4, Val = 1.141e-01, Unc = 4.860e-02
Bin: 5, Val = 2.354e-01, Unc = 9.305e-02
Info in <TCanvas::Print>: pdf file unfold_output/plot_binnumber_1.pdf has been created
Error in <TROOT::WriteTObject>: The current directory (RootApp) is not associated with a file. The object (h_A_C) has not been written.
Info in <TCanvas::Print>: pdf file unfold_output/plot_regularization_matrix.pdf has been created
Get covariances statement 1 works
This is the name fluxThis is the type FluxRW
Get covariances statement 8 works
This is the name reintThis is the type RW
Get covariances statement 8 works
This is the name xsec_multiThis is the type RW
Get covariances statement 8 works
This is the name xsec_AxFFCCQEshapeThis is the type RW
Get covariances statement 8 works
This is the name xsec_DecayAngMECThis is the type RW
Get covariances statement 8 works
This is the name xsec_NormCCCOHThis is the type RW
Get covariances statement 8 works
This is the name xsec_NormNCCOHThis is the type RW
Get covariances statement 8 works
This is the name xsec_RPA_CCQEThis is the type RW
Get covariances statement 8 works
This is the name xsec_ThetaDelta2NRadThis is the type RW
Get covariances statement 8 works
This is the name xsec_Theta_Delta2NpiThis is the type RW
Get covariances statement 8 works
This is the name xsec_VecFFCCQEshapeThis is the type RW
Get covariances statement 8 works
This is the name xsec_XSecShape_CCMECThis is the type RW
Get covariances statement 8 works
This is the name xsec_xsr_scc_Fa3_SCCThis is the type RW
Get covariances statement 8 works
This is the name xsec_xsr_scc_Fv3_SCCThis is the type RW
Get covariances statement 8 works
This is the name detVarLYdownThis is the type DV
Get covariances statement 7 works
This is the name detVarLYraylThis is the type DV
Get covariances statement 7 works
This is the name detVarRecomb2This is the type DV
Get covariances statement 7 works
This is the name detVarSCEThis is the type DV
Get covariances statement 7 works
This is the name detVarWMAngleXZThis is the type DV
Get covariances statement 7 works
This is the name detVarWMAngleYZThis is the type DV
Get covariances statement 7 works
This is the name detVarWMXThis is the type DV
Get covariances statement 7 works
This is the name detVarWMYZThis is the type DV
Get covariances statement 7 works
This is the name POTThis is the type MCFullCorr
Get covariances statement 5 works
This is the name numTargetsThis is the type MCFullCorr
Get covariances statement 5 works
This is the name MCstatsThis is the type MCstat
Get covariances statement 3 works
This is the name EXTstatsThis is the type EXTstat
Get covariances statement 4 works
This is the name BNBstatsThis is the type BNBstat
Get covariances statement 4 works
This is the name xsec_unisimThis is the type sum
Get covariances statement 2 works
This is the name xsec_totalThis is the type sum
Get covariances statement 2 works
This is the name flux_totalThis is the type sum
Get covariances statement 2 works
This is the name detVar_totalThis is the type sum
Get covariances statement 2 works
This is the name DataStatsThis is the type sum
Get covariances statement 2 works
This is the name SimulationStatsThis is the type sum
Get covariances statement 2 works
This is the name PredTotalThis is the type sum
Get covariances statement 2 works
This is the name totalThis is the type sum
Get covariances statement 2 works
Get covariances statement 11 works
Info in <TCanvas::Print>: pdf file unfold_output/plot_step1_reco_spectrum.pdf has been created
Info in <TCanvas::Print>: pdf file unfold_output/plot_step2_bkgd_subtraction.pdf has been created
Info in <TCanvas::Print>: pdf file unfold_output/plot_step3_smearing_matrix.pdf has been created
[DIAGDUMP] column-normalised response diagonal: 0.883 0.820 0.771 0.771 0.820
Info in <TCanvas::Print>: pdf file unfold_output/plot_step4_efficiency.pdf has been created
