
Running Unfolder.C with options:
	XSEC_Config: configs/ccpi_xsec_config_numi_costhmu_rhcfull.txt
	SLICE_Config: configs/ccpi_costhmu_slice_config_opt.txt
	OutputDirectory: /data/uboone/processed/
	OutputFileName: xsec_RHCFULL_costhmu.root


Loading default file properties from /home/t2k/nowak/MicroBooNE/working_xsec_analyzer/xsec_analyzer/configs/file_properties.txt
Loading file properties from configs/file_properties_numi_rhcfull.txt
CrossSectionExtracter initialised with options:
	xsec_extract_tconfig_file_name: configs/ccpi_xsec_config_numi_costhmu_rhcfull.txt
	syst_config_file_name: configs/ccpi_systcalc_numi.conf
	file_properties_config: configs/file_properties_numi_rhcfull.txt
	unfolding_tech: WienerSVD
		Option: Second Derivative
	univ_file_name: /data/uboone/processed/ccpi_RHCFULL_costhmu_univmake.root
	Predictions - 
		 0 - Prediction uBTune "MicroBooNE Tune" univ CV
		 1 - Prediction FakeData "Fakedata" univ FakeData
		 2 - Prediction GENIE "GENIE" file /home/t2k/nowak/MicroBooNE/working_xsec_analyzer/generator_predictions/gen2d/genie_ext_rhc_fte.root costhmu8_fte
		 3 - Prediction GiBUU "GiBUU" file /home/t2k/nowak/MicroBooNE/working_xsec_analyzer/generator_predictions/gen2d/gibuu_ext_rhc_fte.root costhmu8_fte
		 4 - Prediction NEUT "NEUT" file /home/t2k/nowak/MicroBooNE/working_xsec_analyzer/generator_predictions/gen2d/neut_ext_rhc_fte.root costhmu8_fte
		 5 - Prediction NuWro "NuWro" file /home/t2k/nowak/MicroBooNE/working_xsec_analyzer/generator_predictions/gen2d/nuwro_ext_rhc_fte.root costhmu8_fte


We do get in here but something goes wrong 
respmat_tdirectoryfile_name given to SystematicsCalculator is empty. Using default: ccpi_CC1mu1piXp_costhmu_1D

Initialising SystematicsCalculator with options:
	syst_config_file_name_: configs/ccpi_systcalc_numi.conf
	universe_file_name: /data/uboone/processed/ccpi_RHCFULL_costhmu_univmake.root
	fpm_config_file: configs+file_properties_numi_rhcfull.txt
	tdf_name: ccpi_CC1mu1piXp_costhmu_1D


Reusing cached universes "total_configs+file_properties_numi_rhcfull.txt" (normalisation key v5-fakedata-truth-unweighted-38227e5b6aa2d27a).
******* USING FAKE DATA *******
using_fake_data = 1

Initialising SliceBinning object
	config_file_name: configs/ccpi_costhmu_slice_config_opt.txt
	Number of variables used in slicing: 2
	Number of slices requested: 2

Slice Specifications ---------------- 

Slice Index: 0
	Active variable: cos#theta_{#mu}
	Number of bins: 8 - 
		Bin 1: -1  ≤ cos#theta_{#mu} < 0.4 
		Bin 2: 0.4  ≤ cos#theta_{#mu} < 0.625 
		Bin 3: 0.625  ≤ cos#theta_{#mu} < 0.75 
		Bin 4: 0.75  ≤ cos#theta_{#mu} < 0.825 
		Bin 5: 0.825  ≤ cos#theta_{#mu} < 0.9 
		Bin 6: 0.9  ≤ cos#theta_{#mu} < 0.95 
		Bin 7: 0.95  ≤ cos#theta_{#mu} < 0.975 
		Bin 8: 0.975  ≤ cos#theta_{#mu} < 1 
	Bin matching between slice TH1 and global TH1 - 
		Global bin 0 is matched to 1 in this slice
		Global bin 1 is matched to 2 in this slice
		Global bin 2 is matched to 3 in this slice
		Global bin 3 is matched to 4 in this slice
		Global bin 4 is matched to 5 in this slice
		Global bin 5 is matched to 6 in this slice
		Global bin 6 is matched to 7 in this slice
		Global bin 7 is matched to 8 in this slice

Slice Index: 1
	Active variable: bin number
	Number of bins: 8 - 
		Bin 1: 0  ≤ bin number < 1 
		Bin 2: 1  ≤ bin number < 2 
		Bin 3: 2  ≤ bin number < 3 
		Bin 4: 3  ≤ bin number < 4 
		Bin 5: 4  ≤ bin number < 5 
		Bin 6: 5  ≤ bin number < 6 
		Bin 7: 6  ≤ bin number < 7 
		Bin 8: 7  ≤ bin number < 8 
	Bin matching between slice TH1 and global TH1 - 
		Global bin 0 is matched to 1 in this slice
		Global bin 1 is matched to 2 in this slice
		Global bin 2 is matched to 3 in this slice
		Global bin 3 is matched to 4 in this slice
		Global bin 4 is matched to 5 in this slice
		Global bin 5 is matched to 6 in this slice
		Global bin 6 is matched to 7 in this slice
		Global bin 7 is matched to 8 in this slice
[REGWIDTH] supplied 8 true-bin widths to the regularisation matrix
Get covariances statement 1 works
This is the name fluxThis is the type FluxRW
Get covariances statement 8 works
This is the name reintThis is the type RW
Get covariances statement 8 works
This is the name xsec_multiThis is the type RW
Get covariances statement 8 works
This is the name xsec_AxFFCCQEshapeThis is the type RW
Get covariances statement 8 works
This is the name xsec_DecayAngMECThis is the type RW
Get covariances statement 8 works
This is the name xsec_NormCCCOHThis is the type RW
Get covariances statement 8 works
This is the name xsec_NormNCCOHThis is the type RW
Get covariances statement 8 works
This is the name xsec_RPA_CCQEThis is the type RW
Get covariances statement 8 works
This is the name xsec_ThetaDelta2NRadThis is the type RW
Get covariances statement 8 works
This is the name xsec_Theta_Delta2NpiThis is the type RW
Get covariances statement 8 works
This is the name xsec_VecFFCCQEshapeThis is the type RW
Get covariances statement 8 works
This is the name xsec_XSecShape_CCMECThis is the type RW
Get covariances statement 8 works
This is the name xsec_xsr_scc_Fa3_SCCThis is the type RW
Get covariances statement 8 works
This is the name xsec_xsr_scc_Fv3_SCCThis is the type RW
Get covariances statement 8 works
This is the name detVarLYdownThis is the type DV
Get covariances statement 7 works
This is the name detVarLYraylThis is the type DV
Get covariances statement 7 works
This is the name detVarRecomb2This is the type DV
Get covariances statement 7 works
This is the name detVarSCEThis is the type DV
Get covariances statement 7 works
This is the name detVarWMAngleXZThis is the type DV
Get covariances statement 7 works
This is the name detVarWMAngleYZThis is the type DV
Get covariances statement 7 works
This is the name detVarWMXThis is the type DV
Get covariances statement 7 works
This is the name detVarWMYZThis is the type DV
Get covariances statement 7 works
This is the name POTThis is the type MCFullCorr
Get covariances statement 5 works
This is the name numTargetsThis is the type MCFullCorr
Get covariances statement 5 works
This is the name MCstatsThis is the type MCstat
Get covariances statement 3 works
This is the name EXTstatsThis is the type EXTstat
Get covariances statement 4 works
This is the name BNBstatsThis is the type BNBstat
Get covariances statement 4 works
This is the name xsec_unisimThis is the type sum
Get covariances statement 2 works
This is the name xsec_totalThis is the type sum
Get covariances statement 2 works
This is the name flux_totalThis is the type sum
Get covariances statement 2 works
This is the name detVar_totalThis is the type sum
Get covariances statement 2 works
This is the name DataStatsThis is the type sum
Get covariances statement 2 works
This is the name SimulationStatsThis is the type sum
Get covariances statement 2 works
This is the name PredTotalThis is the type sum
Get covariances statement 2 works
This is the name totalThis is the type sum
Get covariances statement 2 works
Get covariances statement 11 works

Starting the unfolding -----------------
Get covariances statement 1 works
This is the name fluxThis is the type FluxRW
Get covariances statement 8 works
This is the name reintThis is the type RW
Get covariances statement 8 works
This is the name xsec_multiThis is the type RW
Get covariances statement 8 works
This is the name xsec_AxFFCCQEshapeThis is the type RW
Get covariances statement 8 works
This is the name xsec_DecayAngMECThis is the type RW
Get covariances statement 8 works
This is the name xsec_NormCCCOHThis is the type RW
Get covariances statement 8 works
This is the name xsec_NormNCCOHThis is the type RW
Get covariances statement 8 works
This is the name xsec_RPA_CCQEThis is the type RW
Get covariances statement 8 works
This is the name xsec_ThetaDelta2NRadThis is the type RW
Get covariances statement 8 works
This is the name xsec_Theta_Delta2NpiThis is the type RW
Get covariances statement 8 works
This is the name xsec_VecFFCCQEshapeThis is the type RW
Get covariances statement 8 works
This is the name xsec_XSecShape_CCMECThis is the type RW
Get covariances statement 8 works
This is the name xsec_xsr_scc_Fa3_SCCThis is the type RW
Get covariances statement 8 works
This is the name xsec_xsr_scc_Fv3_SCCThis is the type RW
Get covariances statement 8 works
This is the name detVarLYdownThis is the type DV
Get covariances statement 7 works
This is the name detVarLYraylThis is the type DV
Get covariances statement 7 works
This is the name detVarRecomb2This is the type DV
Get covariances statement 7 works
This is the name detVarSCEThis is the type DV
Get covariances statement 7 works
This is the name detVarWMAngleXZThis is the type DV
Get covariances statement 7 works
This is the name detVarWMAngleYZThis is the type DV
Get covariances statement 7 works
This is the name detVarWMXThis is the type DV
Get covariances statement 7 works
This is the name detVarWMYZThis is the type DV
Get covariances statement 7 works
This is the name POTThis is the type MCFullCorr
Get covariances statement 5 works
This is the name numTargetsThis is the type MCFullCorr
Get covariances statement 5 works
This is the name MCstatsThis is the type MCstat
Get covariances statement 3 works
This is the name EXTstatsThis is the type EXTstat
Get covariances statement 4 works
This is the name BNBstatsThis is the type BNBstat
Get covariances statement 4 works
This is the name xsec_unisimThis is the type sum
Get covariances statement 2 works
This is the name xsec_totalThis is the type sum
Get covariances statement 2 works
This is the name flux_totalThis is the type sum
Get covariances statement 2 works
This is the name detVar_totalThis is the type sum
Get covariances statement 2 works
This is the name DataStatsThis is the type sum
Get covariances statement 2 works
This is the name SimulationStatsThis is the type sum
Get covariances statement 2 works
This is the name PredTotalThis is the type sum
Get covariances statement 2 works
This is the name totalThis is the type sum
Get covariances statement 2 works
Get covariances statement 11 works
Unfolding completed -----------------

Post-processing covariance matrices..
Creating Norm/Shape covariance matrices for 1 blocks(s)
	- Creating Norm/shape decomposition for block: 0
BNBstats: 0.000220142
DataStats: 0.000220142
EXTstats: 1.18077e-06
MCstats: 1.77205e-05
POT: 1.62451e-05
PredTotal: 0.00171717
SimulationStats: 1.89013e-05
detVarLYdown: 1.06706e-05
detVarLYrayl: 1.46298e-07
detVarRecomb2: 1.77176e-05
detVarSCE: 3.56918e-05
detVarWMAngleXZ: 0.000270476
detVarWMAngleYZ: 2.60088e-05
detVarWMX: 3.50693e-06
detVarWMYZ: 6.24901e-05
detVar_total: 0.000426708
flux: 0.0010668
flux_total: 0.0010668
numTargets: 4.06127e-06
reint: 2.47191e-05
total: 0.00193731
total_blockwise_mixed: 0.000142687
total_blockwise_norm: 0.00132168
total_blockwise_shape: 0.000472942
xsec_AxFFCCQEshape: 4.26277e-06
xsec_DecayAngMEC: 1.432e-05
xsec_NormCCCOH: 6.92034e-06
xsec_NormNCCOH: 5.01821e-06
xsec_RPA_CCQE: 4.69852e-06
xsec_ThetaDelta2NRad: 4.95316e-06
xsec_Theta_Delta2Npi: 1.83183e-05
xsec_VecFFCCQEshape: 3.05628e-06
xsec_XSecShape_CCMEC: 1.16715e-05
xsec_multi: 7.59204e-05
xsec_total: 0.000159731
xsec_unisim: 7.3219e-05
xsec_xsr_scc_Fa3_SCC: 5.34504e-06
xsec_xsr_scc_Fv3_SCC: 5.24609e-06
[IDENTITY] bins 8  max|U*R - A_C| 1.275e-05  rms 1.997e-06  max|A_C| 7.843e-01  relative 1.625e-05
Key: Fakedata
Key: GENIE
Key: GiBUU
Key: MicroBooNETune
Key: NEUT
Key: NuWro
[SYSTDUMP] sigma_int 6.848e-01
[SYSTDUMP] BNBstats 1.730e+01
[SYSTDUMP] DataStats 1.730e+01
[SYSTDUMP] EXTstats 1.088e+00
[SYSTDUMP] MCstats 5.024e+00
[SYSTDUMP] POT 3.208e+00
[SYSTDUMP] PredTotal 3.752e+01
[SYSTDUMP] SimulationStats 5.143e+00
[SYSTDUMP] detVarLYdown 2.423e+00
[SYSTDUMP] detVarLYrayl 1.471e+00
[SYSTDUMP] detVarRecomb2 9.347e+00
[SYSTDUMP] detVarSCE 9.629e+00
[SYSTDUMP] detVarWMAngleXZ 6.768e+00
[SYSTDUMP] detVarWMAngleYZ 4.414e+00
[SYSTDUMP] detVarWMX 8.766e+00
[SYSTDUMP] detVarWMYZ 7.944e+00
[SYSTDUMP] detVar_total 2.312e+01
[SYSTDUMP] flux 2.607e+01
[SYSTDUMP] flux_total 2.607e+01
[SYSTDUMP] numTargets 1.604e+00
[SYSTDUMP] reint 3.975e+00
[SYSTDUMP] total 4.142e+01
[SYSTDUMP] total_blockwise_mixed 5.691e+00
[SYSTDUMP] total_blockwise_norm 3.231e+01
[SYSTDUMP] total_blockwise_shape 2.425e+01
[SYSTDUMP] xsec_AxFFCCQEshape 7.092e-01
[SYSTDUMP] xsec_DecayAngMEC 2.133e+00
[SYSTDUMP] xsec_NormCCCOH 8.409e-01
[SYSTDUMP] xsec_NormNCCOH 7.523e-01
[SYSTDUMP] xsec_RPA_CCQE 8.714e-01
[SYSTDUMP] xsec_ThetaDelta2NRad 7.348e-01
[SYSTDUMP] xsec_Theta_Delta2Npi 2.237e+00
[SYSTDUMP] xsec_VecFFCCQEshape 7.446e-01
[SYSTDUMP] xsec_XSecShape_CCMEC 1.616e+00
[SYSTDUMP] xsec_multi 5.490e+00
[SYSTDUMP] xsec_total 9.564e+00
[SYSTDUMP] xsec_unisim 4.331e+00
[SYSTDUMP] xsec_xsr_scc_Fa3_SCC 4.192e+00
[SYSTDUMP] xsec_xsr_scc_Fv3_SCC 4.187e+00
[closure-dump] wrote /data/uboone/processed/closure_hists_xsec_RHCFULL_costhmu.root

GENIE: χ² = 1.953e+00/8 bins, p-value = 9.824e-01
GiBUU: χ² = 1.015e+00/8 bins, p-value = 9.982e-01
MicroBooNE Tune: χ² = 1.730e+00/8 bins, p-value = 9.882e-01
NEUT: χ² = 7.476e+00/8 bins, p-value = 4.862e-01
NuWro: χ² = 1.207e+01/8 bins, p-value = 1.480e-01
truth: χ² = 1.504e+00/8 bins, p-value = 9.926e-01
Bin: 1, Val = 8.038e-02, Unc = 3.144e-02
Bin: 2, Val = 3.515e-01, Unc = 1.439e-01
Bin: 3, Val = 5.293e-01, Unc = 2.466e-01
Bin: 4, Val = 8.974e-01, Unc = 3.850e-01
Bin: 5, Val = 8.595e-01, Unc = 5.516e-01
Bin: 6, Val = 2.170e+00, Unc = 6.982e-01
Bin: 7, Val = 3.297e+00, Unc = 1.063e+00
Bin: 8, Val = 4.176e+00, Unc = 1.386e+00
Info in <TCanvas::Print>: pdf file unfold_output/plot_costhetamu_0.pdf has been created
Key: Fakedata
Key: GENIE
Key: GiBUU
Key: MicroBooNETune
Key: NEUT
Key: NuWro

GENIE: χ² = 1.953e+00/8 bins, p-value = 9.824e-01
GiBUU: χ² = 1.015e+00/8 bins, p-value = 9.982e-01
MicroBooNE Tune: χ² = 1.730e+00/8 bins, p-value = 9.882e-01
NEUT: χ² = 7.476e+00/8 bins, p-value = 4.862e-01
NuWro: χ² = 1.207e+01/8 bins, p-value = 1.480e-01
truth: χ² = 1.504e+00/8 bins, p-value = 9.926e-01
Bin: 1, Val = 1.125e-01, Unc = 4.401e-02
Bin: 2, Val = 7.909e-02, Unc = 3.238e-02
Bin: 3, Val = 6.616e-02, Unc = 3.083e-02
Bin: 4, Val = 6.731e-02, Unc = 2.888e-02
Bin: 5, Val = 6.446e-02, Unc = 4.137e-02
Bin: 6, Val = 1.085e-01, Unc = 3.491e-02
Bin: 7, Val = 8.242e-02, Unc = 2.657e-02
Bin: 8, Val = 1.044e-01, Unc = 3.464e-02
Info in <TCanvas::Print>: pdf file unfold_output/plot_binnumber_1.pdf has been created
Error in <TROOT::WriteTObject>: The current directory (RootApp) is not associated with a file. The object (h_A_C) has not been written.
Info in <TCanvas::Print>: pdf file unfold_output/plot_regularization_matrix.pdf has been created
Get covariances statement 1 works
This is the name fluxThis is the type FluxRW
Get covariances statement 8 works
This is the name reintThis is the type RW
Get covariances statement 8 works
This is the name xsec_multiThis is the type RW
Get covariances statement 8 works
This is the name xsec_AxFFCCQEshapeThis is the type RW
Get covariances statement 8 works
This is the name xsec_DecayAngMECThis is the type RW
Get covariances statement 8 works
This is the name xsec_NormCCCOHThis is the type RW
Get covariances statement 8 works
This is the name xsec_NormNCCOHThis is the type RW
Get covariances statement 8 works
This is the name xsec_RPA_CCQEThis is the type RW
Get covariances statement 8 works
This is the name xsec_ThetaDelta2NRadThis is the type RW
Get covariances statement 8 works
This is the name xsec_Theta_Delta2NpiThis is the type RW
Get covariances statement 8 works
This is the name xsec_VecFFCCQEshapeThis is the type RW
Get covariances statement 8 works
This is the name xsec_XSecShape_CCMECThis is the type RW
Get covariances statement 8 works
This is the name xsec_xsr_scc_Fa3_SCCThis is the type RW
Get covariances statement 8 works
This is the name xsec_xsr_scc_Fv3_SCCThis is the type RW
Get covariances statement 8 works
This is the name detVarLYdownThis is the type DV
Get covariances statement 7 works
This is the name detVarLYraylThis is the type DV
Get covariances statement 7 works
This is the name detVarRecomb2This is the type DV
Get covariances statement 7 works
This is the name detVarSCEThis is the type DV
Get covariances statement 7 works
This is the name detVarWMAngleXZThis is the type DV
Get covariances statement 7 works
This is the name detVarWMAngleYZThis is the type DV
Get covariances statement 7 works
This is the name detVarWMXThis is the type DV
Get covariances statement 7 works
This is the name detVarWMYZThis is the type DV
Get covariances statement 7 works
This is the name POTThis is the type MCFullCorr
Get covariances statement 5 works
This is the name numTargetsThis is the type MCFullCorr
Get covariances statement 5 works
This is the name MCstatsThis is the type MCstat
Get covariances statement 3 works
This is the name EXTstatsThis is the type EXTstat
Get covariances statement 4 works
This is the name BNBstatsThis is the type BNBstat
Get covariances statement 4 works
This is the name xsec_unisimThis is the type sum
Get covariances statement 2 works
This is the name xsec_totalThis is the type sum
Get covariances statement 2 works
This is the name flux_totalThis is the type sum
Get covariances statement 2 works
This is the name detVar_totalThis is the type sum
Get covariances statement 2 works
This is the name DataStatsThis is the type sum
Get covariances statement 2 works
This is the name SimulationStatsThis is the type sum
Get covariances statement 2 works
This is the name PredTotalThis is the type sum
Get covariances statement 2 works
This is the name totalThis is the type sum
Get covariances statement 2 works
Get covariances statement 11 works
Info in <TCanvas::Print>: pdf file unfold_output/plot_step1_reco_spectrum.pdf has been created
Info in <TCanvas::Print>: pdf file unfold_output/plot_step2_bkgd_subtraction.pdf has been created
Info in <TCanvas::Print>: pdf file unfold_output/plot_step3_smearing_matrix.pdf has been created
[DIAGDUMP] column-normalised response diagonal: 0.647 0.674 0.700 0.681 0.728 0.787 0.729 0.907
Info in <TCanvas::Print>: pdf file unfold_output/plot_step4_efficiency.pdf has been created
