
Running Unfolder.C with options:
	XSEC_Config: configs/ccpi_xsec_config_numi_costhmu_comb.txt
	SLICE_Config: configs/ccpi_costhmu_slice_config_opt.txt
	OutputDirectory: /data/uboone/processed/
	OutputFileName: xsec_COMB_costhmu.root


Loading default file properties from /home/t2k/nowak/MicroBooNE/working_xsec_analyzer/xsec_analyzer/configs/file_properties.txt
Loading file properties from configs/file_properties_numi_comb.txt
CrossSectionExtracter initialised with options:
	xsec_extract_tconfig_file_name: configs/ccpi_xsec_config_numi_costhmu_comb.txt
	syst_config_file_name: configs/ccpi_systcalc_numi.conf
	file_properties_config: configs/file_properties_numi_comb.txt
	unfolding_tech: WienerSVD
		Option: Second Derivative
	univ_file_name: /data/uboone/processed/ccpi_COMB_costhmu_univmake.root
	Predictions - 
		 0 - Prediction uBTune "MicroBooNE Tune" univ CV
		 1 - Prediction FakeData "Fakedata" univ FakeData
		 2 - Prediction GENIE "GENIE" file /home/t2k/nowak/MicroBooNE/working_xsec_analyzer/generator_predictions/gen2d/genie_ext_comb_fte.root costhmu8_fte
		 3 - Prediction GiBUU "GiBUU" file /home/t2k/nowak/MicroBooNE/working_xsec_analyzer/generator_predictions/gen2d/gibuu_ext_comb_fte.root costhmu8_fte
		 4 - Prediction NEUT "NEUT" file /home/t2k/nowak/MicroBooNE/working_xsec_analyzer/generator_predictions/gen2d/neut_ext_comb_fte.root costhmu8_fte
		 5 - Prediction NuWro "NuWro" file /home/t2k/nowak/MicroBooNE/working_xsec_analyzer/generator_predictions/gen2d/nuwro_ext_comb_fte.root costhmu8_fte


We do get in here but something goes wrong 
respmat_tdirectoryfile_name given to SystematicsCalculator is empty. Using default: ccpi_CC1mu1piXp_costhmu_1D

Initialising SystematicsCalculator with options:
	syst_config_file_name_: configs/ccpi_systcalc_numi.conf
	universe_file_name: /data/uboone/processed/ccpi_COMB_costhmu_univmake.root
	fpm_config_file: configs+file_properties_numi_comb.txt
	tdf_name: ccpi_CC1mu1piXp_costhmu_1D


Reusing cached universes "total_configs+file_properties_numi_comb.txt" (normalisation key v5-fakedata-truth-unweighted-b778f4107085e9d4).
******* USING FAKE DATA *******
using_fake_data = 1

Initialising SliceBinning object
	config_file_name: configs/ccpi_costhmu_slice_config_opt.txt
	Number of variables used in slicing: 2
	Number of slices requested: 2

Slice Specifications ---------------- 

Slice Index: 0
	Active variable: cos#theta_{#mu}
	Number of bins: 8 - 
		Bin 1: -1  ≤ cos#theta_{#mu} < 0.4 
		Bin 2: 0.4  ≤ cos#theta_{#mu} < 0.625 
		Bin 3: 0.625  ≤ cos#theta_{#mu} < 0.75 
		Bin 4: 0.75  ≤ cos#theta_{#mu} < 0.825 
		Bin 5: 0.825  ≤ cos#theta_{#mu} < 0.9 
		Bin 6: 0.9  ≤ cos#theta_{#mu} < 0.95 
		Bin 7: 0.95  ≤ cos#theta_{#mu} < 0.975 
		Bin 8: 0.975  ≤ cos#theta_{#mu} < 1 
	Bin matching between slice TH1 and global TH1 - 
		Global bin 0 is matched to 1 in this slice
		Global bin 1 is matched to 2 in this slice
		Global bin 2 is matched to 3 in this slice
		Global bin 3 is matched to 4 in this slice
		Global bin 4 is matched to 5 in this slice
		Global bin 5 is matched to 6 in this slice
		Global bin 6 is matched to 7 in this slice
		Global bin 7 is matched to 8 in this slice

Slice Index: 1
	Active variable: bin number
	Number of bins: 8 - 
		Bin 1: 0  ≤ bin number < 1 
		Bin 2: 1  ≤ bin number < 2 
		Bin 3: 2  ≤ bin number < 3 
		Bin 4: 3  ≤ bin number < 4 
		Bin 5: 4  ≤ bin number < 5 
		Bin 6: 5  ≤ bin number < 6 
		Bin 7: 6  ≤ bin number < 7 
		Bin 8: 7  ≤ bin number < 8 
	Bin matching between slice TH1 and global TH1 - 
		Global bin 0 is matched to 1 in this slice
		Global bin 1 is matched to 2 in this slice
		Global bin 2 is matched to 3 in this slice
		Global bin 3 is matched to 4 in this slice
		Global bin 4 is matched to 5 in this slice
		Global bin 5 is matched to 6 in this slice
		Global bin 6 is matched to 7 in this slice
		Global bin 7 is matched to 8 in this slice
[REGWIDTH] supplied 8 true-bin widths to the regularisation matrix
Get covariances statement 1 works
This is the name fluxThis is the type FluxRW
Get covariances statement 8 works
This is the name reintThis is the type RW
Get covariances statement 8 works
This is the name xsec_multiThis is the type RW
Get covariances statement 8 works
This is the name xsec_AxFFCCQEshapeThis is the type RW
Get covariances statement 8 works
This is the name xsec_DecayAngMECThis is the type RW
Get covariances statement 8 works
This is the name xsec_NormCCCOHThis is the type RW
Get covariances statement 8 works
This is the name xsec_NormNCCOHThis is the type RW
Get covariances statement 8 works
This is the name xsec_RPA_CCQEThis is the type RW
Get covariances statement 8 works
This is the name xsec_ThetaDelta2NRadThis is the type RW
Get covariances statement 8 works
This is the name xsec_Theta_Delta2NpiThis is the type RW
Get covariances statement 8 works
This is the name xsec_VecFFCCQEshapeThis is the type RW
Get covariances statement 8 works
This is the name xsec_XSecShape_CCMECThis is the type RW
Get covariances statement 8 works
This is the name xsec_xsr_scc_Fa3_SCCThis is the type RW
Get covariances statement 8 works
This is the name xsec_xsr_scc_Fv3_SCCThis is the type RW
Get covariances statement 8 works
This is the name detVarLYdownThis is the type DV
Get covariances statement 7 works
This is the name detVarLYraylThis is the type DV
Get covariances statement 7 works
This is the name detVarRecomb2This is the type DV
Get covariances statement 7 works
This is the name detVarSCEThis is the type DV
Get covariances statement 7 works
This is the name detVarWMAngleXZThis is the type DV
Get covariances statement 7 works
This is the name detVarWMAngleYZThis is the type DV
Get covariances statement 7 works
This is the name detVarWMXThis is the type DV
Get covariances statement 7 works
This is the name detVarWMYZThis is the type DV
Get covariances statement 7 works
This is the name POTThis is the type MCFullCorr
Get covariances statement 5 works
This is the name numTargetsThis is the type MCFullCorr
Get covariances statement 5 works
This is the name MCstatsThis is the type MCstat
Get covariances statement 3 works
This is the name EXTstatsThis is the type EXTstat
Get covariances statement 4 works
This is the name BNBstatsThis is the type BNBstat
Get covariances statement 4 works
This is the name xsec_unisimThis is the type sum
Get covariances statement 2 works
This is the name xsec_totalThis is the type sum
Get covariances statement 2 works
This is the name flux_totalThis is the type sum
Get covariances statement 2 works
This is the name detVar_totalThis is the type sum
Get covariances statement 2 works
This is the name DataStatsThis is the type sum
Get covariances statement 2 works
This is the name SimulationStatsThis is the type sum
Get covariances statement 2 works
This is the name PredTotalThis is the type sum
Get covariances statement 2 works
This is the name totalThis is the type sum
Get covariances statement 2 works
Get covariances statement 11 works

Starting the unfolding -----------------
Get covariances statement 1 works
This is the name fluxThis is the type FluxRW
Get covariances statement 8 works
This is the name reintThis is the type RW
Get covariances statement 8 works
This is the name xsec_multiThis is the type RW
Get covariances statement 8 works
This is the name xsec_AxFFCCQEshapeThis is the type RW
Get covariances statement 8 works
This is the name xsec_DecayAngMECThis is the type RW
Get covariances statement 8 works
This is the name xsec_NormCCCOHThis is the type RW
Get covariances statement 8 works
This is the name xsec_NormNCCOHThis is the type RW
Get covariances statement 8 works
This is the name xsec_RPA_CCQEThis is the type RW
Get covariances statement 8 works
This is the name xsec_ThetaDelta2NRadThis is the type RW
Get covariances statement 8 works
This is the name xsec_Theta_Delta2NpiThis is the type RW
Get covariances statement 8 works
This is the name xsec_VecFFCCQEshapeThis is the type RW
Get covariances statement 8 works
This is the name xsec_XSecShape_CCMECThis is the type RW
Get covariances statement 8 works
This is the name xsec_xsr_scc_Fa3_SCCThis is the type RW
Get covariances statement 8 works
This is the name xsec_xsr_scc_Fv3_SCCThis is the type RW
Get covariances statement 8 works
This is the name detVarLYdownThis is the type DV
Get covariances statement 7 works
This is the name detVarLYraylThis is the type DV
Get covariances statement 7 works
This is the name detVarRecomb2This is the type DV
Get covariances statement 7 works
This is the name detVarSCEThis is the type DV
Get covariances statement 7 works
This is the name detVarWMAngleXZThis is the type DV
Get covariances statement 7 works
This is the name detVarWMAngleYZThis is the type DV
Get covariances statement 7 works
This is the name detVarWMXThis is the type DV
Get covariances statement 7 works
This is the name detVarWMYZThis is the type DV
Get covariances statement 7 works
This is the name POTThis is the type MCFullCorr
Get covariances statement 5 works
This is the name numTargetsThis is the type MCFullCorr
Get covariances statement 5 works
This is the name MCstatsThis is the type MCstat
Get covariances statement 3 works
This is the name EXTstatsThis is the type EXTstat
Get covariances statement 4 works
This is the name BNBstatsThis is the type BNBstat
Get covariances statement 4 works
This is the name xsec_unisimThis is the type sum
Get covariances statement 2 works
This is the name xsec_totalThis is the type sum
Get covariances statement 2 works
This is the name flux_totalThis is the type sum
Get covariances statement 2 works
This is the name detVar_totalThis is the type sum
Get covariances statement 2 works
This is the name DataStatsThis is the type sum
Get covariances statement 2 works
This is the name SimulationStatsThis is the type sum
Get covariances statement 2 works
This is the name PredTotalThis is the type sum
Get covariances statement 2 works
This is the name totalThis is the type sum
Get covariances statement 2 works
Get covariances statement 11 works
Unfolding completed -----------------

Post-processing covariance matrices..
Creating Norm/Shape covariance matrices for 1 blocks(s)
	- Creating Norm/shape decomposition for block: 0
BNBstats: 0.00018963
DataStats: 0.00018963
EXTstats: 4.15634e-06
MCstats: 1.76064e-05
POT: 2.07557e-05
PredTotal: 0.00270905
SimulationStats: 2.17627e-05
detVarLYdown: 2.01356e-05
detVarLYrayl: 8.83263e-05
detVarRecomb2: 0.000343238
detVarSCE: 5.46256e-05
detVarWMAngleXZ: 0.000321591
detVarWMAngleYZ: 2.33423e-05
detVarWMX: 3.33633e-06
detVarWMYZ: 2.61657e-07
detVar_total: 0.000854856
flux: 0.00130886
flux_total: 0.00130886
numTargets: 5.18893e-06
reint: 3.76582e-05
total: 0.00289868
total_blockwise_mixed: 0.000834166
total_blockwise_norm: 0.00138042
total_blockwise_shape: 0.000684089
xsec_AxFFCCQEshape: 2.1942e-05
xsec_DecayAngMEC: 2.07527e-05
xsec_NormCCCOH: 3.12666e-05
xsec_NormNCCOH: 2.68756e-05
xsec_RPA_CCQE: 1.55775e-05
xsec_ThetaDelta2NRad: 2.69491e-05
xsec_Theta_Delta2Npi: 6.87966e-05
xsec_VecFFCCQEshape: 1.85085e-05
xsec_XSecShape_CCMEC: 5.78852e-05
xsec_multi: 0.000170825
xsec_total: 0.000459964
xsec_unisim: 0.000288554
xsec_xsr_scc_Fa3_SCC: 2.33466e-07
xsec_xsr_scc_Fv3_SCC: 3.51331e-07
[IDENTITY] bins 8  max|U*R - A_C| 3.260e-05  rms 5.175e-06  max|A_C| 8.651e-01  relative 3.768e-05
Key: Fakedata
Key: GENIE
Key: GiBUU
Key: MicroBooNETune
Key: NEUT
Key: NuWro
[SYSTDUMP] sigma_int 7.064e-01
[SYSTDUMP] BNBstats 1.204e+01
[SYSTDUMP] DataStats 1.204e+01
[SYSTDUMP] EXTstats 9.228e-01
[SYSTDUMP] MCstats 3.650e+00
[SYSTDUMP] POT 2.930e+00
[SYSTDUMP] PredTotal 3.504e+01
[SYSTDUMP] SimulationStats 3.779e+00
[SYSTDUMP] detVarLYdown 1.761e+00
[SYSTDUMP] detVarLYrayl 5.466e+00
[SYSTDUMP] detVarRecomb2 1.368e+01
[SYSTDUMP] detVarSCE 6.961e+00
[SYSTDUMP] detVarWMAngleXZ 7.275e+00
[SYSTDUMP] detVarWMAngleYZ 6.877e+00
[SYSTDUMP] detVarWMX 4.153e+00
[SYSTDUMP] detVarWMYZ 2.592e+00
[SYSTDUMP] detVar_total 2.273e+01
[SYSTDUMP] flux 2.377e+01
[SYSTDUMP] flux_total 2.377e+01
[SYSTDUMP] numTargets 1.465e+00
[SYSTDUMP] reint 3.733e+00
[SYSTDUMP] total 3.718e+01
[SYSTDUMP] total_blockwise_mixed 6.303e+00
[SYSTDUMP] total_blockwise_norm 3.143e+01
[SYSTDUMP] total_blockwise_shape 1.883e+01
[SYSTDUMP] xsec_AxFFCCQEshape 8.590e-01
[SYSTDUMP] xsec_DecayAngMEC 1.273e+00
[SYSTDUMP] xsec_NormCCCOH 1.372e+00
[SYSTDUMP] xsec_NormNCCOH 8.790e-01
[SYSTDUMP] xsec_RPA_CCQE 7.917e-01
[SYSTDUMP] xsec_ThetaDelta2NRad 8.814e-01
[SYSTDUMP] xsec_Theta_Delta2Npi 3.219e+00
[SYSTDUMP] xsec_VecFFCCQEshape 9.052e-01
[SYSTDUMP] xsec_XSecShape_CCMEC 2.481e+00
[SYSTDUMP] xsec_multi 5.251e+00
[SYSTDUMP] xsec_total 8.946e+00
[SYSTDUMP] xsec_unisim 5.154e+00
[SYSTDUMP] xsec_xsr_scc_Fa3_SCC 2.974e+00
[SYSTDUMP] xsec_xsr_scc_Fv3_SCC 2.987e+00
[closure-dump] wrote /data/uboone/processed/closure_hists_xsec_COMB_costhmu.root

GENIE: χ² = 2.366e+00/8 bins, p-value = 9.677e-01
GiBUU: χ² = 1.509e+00/8 bins, p-value = 9.926e-01
MicroBooNE Tune: χ² = 1.391e+00/8 bins, p-value = 9.944e-01
NEUT: χ² = 5.613e+00/8 bins, p-value = 6.905e-01
NuWro: χ² = 1.022e+01/8 bins, p-value = 2.497e-01
truth: χ² = 1.509e+00/8 bins, p-value = 9.926e-01
Bin: 1, Val = 8.445e-02, Unc = 3.846e-02
Bin: 2, Val = 3.496e-01, Unc = 1.097e-01
Bin: 3, Val = 6.179e-01, Unc = 1.999e-01
Bin: 4, Val = 1.019e+00, Unc = 4.143e-01
Bin: 5, Val = 8.263e-01, Unc = 4.686e-01
Bin: 6, Val = 2.082e+00, Unc = 6.196e-01
Bin: 7, Val = 3.263e+00, Unc = 1.013e+00
Bin: 8, Val = 4.331e+00, Unc = 1.301e+00
Info in <TCanvas::Print>: pdf file unfold_output/plot_costhetamu_0.pdf has been created
Key: Fakedata
Key: GENIE
Key: GiBUU
Key: MicroBooNETune
Key: NEUT
Key: NuWro

GENIE: χ² = 2.366e+00/8 bins, p-value = 9.677e-01
GiBUU: χ² = 1.509e+00/8 bins, p-value = 9.926e-01
MicroBooNE Tune: χ² = 1.391e+00/8 bins, p-value = 9.944e-01
NEUT: χ² = 5.613e+00/8 bins, p-value = 6.905e-01
NuWro: χ² = 1.022e+01/8 bins, p-value = 2.497e-01
truth: χ² = 1.509e+00/8 bins, p-value = 9.926e-01
Bin: 1, Val = 1.182e-01, Unc = 5.384e-02
Bin: 2, Val = 7.867e-02, Unc = 2.467e-02
Bin: 3, Val = 7.724e-02, Unc = 2.498e-02
Bin: 4, Val = 7.639e-02, Unc = 3.107e-02
Bin: 5, Val = 6.197e-02, Unc = 3.515e-02
Bin: 6, Val = 1.041e-01, Unc = 3.098e-02
Bin: 7, Val = 8.157e-02, Unc = 2.532e-02
Bin: 8, Val = 1.083e-01, Unc = 3.251e-02
Info in <TCanvas::Print>: pdf file unfold_output/plot_binnumber_1.pdf has been created
Error in <TROOT::WriteTObject>: The current directory (RootApp) is not associated with a file. The object (h_A_C) has not been written.
Info in <TCanvas::Print>: pdf file unfold_output/plot_regularization_matrix.pdf has been created
Get covariances statement 1 works
This is the name fluxThis is the type FluxRW
Get covariances statement 8 works
This is the name reintThis is the type RW
Get covariances statement 8 works
This is the name xsec_multiThis is the type RW
Get covariances statement 8 works
This is the name xsec_AxFFCCQEshapeThis is the type RW
Get covariances statement 8 works
This is the name xsec_DecayAngMECThis is the type RW
Get covariances statement 8 works
This is the name xsec_NormCCCOHThis is the type RW
Get covariances statement 8 works
This is the name xsec_NormNCCOHThis is the type RW
Get covariances statement 8 works
This is the name xsec_RPA_CCQEThis is the type RW
Get covariances statement 8 works
This is the name xsec_ThetaDelta2NRadThis is the type RW
Get covariances statement 8 works
This is the name xsec_Theta_Delta2NpiThis is the type RW
Get covariances statement 8 works
This is the name xsec_VecFFCCQEshapeThis is the type RW
Get covariances statement 8 works
This is the name xsec_XSecShape_CCMECThis is the type RW
Get covariances statement 8 works
This is the name xsec_xsr_scc_Fa3_SCCThis is the type RW
Get covariances statement 8 works
This is the name xsec_xsr_scc_Fv3_SCCThis is the type RW
Get covariances statement 8 works
This is the name detVarLYdownThis is the type DV
Get covariances statement 7 works
This is the name detVarLYraylThis is the type DV
Get covariances statement 7 works
This is the name detVarRecomb2This is the type DV
Get covariances statement 7 works
This is the name detVarSCEThis is the type DV
Get covariances statement 7 works
This is the name detVarWMAngleXZThis is the type DV
Get covariances statement 7 works
This is the name detVarWMAngleYZThis is the type DV
Get covariances statement 7 works
This is the name detVarWMXThis is the type DV
Get covariances statement 7 works
This is the name detVarWMYZThis is the type DV
Get covariances statement 7 works
This is the name POTThis is the type MCFullCorr
Get covariances statement 5 works
This is the name numTargetsThis is the type MCFullCorr
Get covariances statement 5 works
This is the name MCstatsThis is the type MCstat
Get covariances statement 3 works
This is the name EXTstatsThis is the type EXTstat
Get covariances statement 4 works
This is the name BNBstatsThis is the type BNBstat
Get covariances statement 4 works
This is the name xsec_unisimThis is the type sum
Get covariances statement 2 works
This is the name xsec_totalThis is the type sum
Get covariances statement 2 works
This is the name flux_totalThis is the type sum
Get covariances statement 2 works
This is the name detVar_totalThis is the type sum
Get covariances statement 2 works
This is the name DataStatsThis is the type sum
Get covariances statement 2 works
This is the name SimulationStatsThis is the type sum
Get covariances statement 2 works
This is the name PredTotalThis is the type sum
Get covariances statement 2 works
This is the name totalThis is the type sum
Get covariances statement 2 works
Get covariances statement 11 works
Info in <TCanvas::Print>: pdf file unfold_output/plot_step1_reco_spectrum.pdf has been created
Info in <TCanvas::Print>: pdf file unfold_output/plot_step2_bkgd_subtraction.pdf has been created
Info in <TCanvas::Print>: pdf file unfold_output/plot_step3_smearing_matrix.pdf has been created
[DIAGDUMP] column-normalised response diagonal: 0.649 0.687 0.685 0.675 0.747 0.779 0.734 0.907
Info in <TCanvas::Print>: pdf file unfold_output/plot_step4_efficiency.pdf has been created
