
Running Unfolder.C with options:
	XSEC_Config: configs/ccpi_xsec_config_numi_thetamu_fhc5.txt
	SLICE_Config: configs/ccpi_thetamu_slice_config_opt.txt
	OutputDirectory: /data/uboone/processed/
	OutputFileName: xsec_FHC5_thetamu.root


Loading default file properties from /home/t2k/nowak/MicroBooNE/working_xsec_analyzer/xsec_analyzer/configs/file_properties.txt
Loading file properties from configs/file_properties_numi_fhc5.txt
CrossSectionExtracter initialised with options:
	xsec_extract_tconfig_file_name: configs/ccpi_xsec_config_numi_thetamu_fhc5.txt
	syst_config_file_name: configs/ccpi_systcalc_numi.conf
	file_properties_config: configs/file_properties_numi_fhc5.txt
	unfolding_tech: WienerSVD
		Option: Second Derivative
	univ_file_name: /data/uboone/processed/ccpi_FHC5_thetamu_univmake.root
	Predictions - 
		 0 - Prediction uBTune "MicroBooNE Tune" univ CV
		 1 - Prediction FakeData "Fakedata" univ FakeData
		 2 - Prediction GENIE "GENIE" file /home/t2k/nowak/MicroBooNE/working_xsec_analyzer/generator_predictions/newg4/genie_newg4_fte.root thetamu_fte
		 3 - Prediction GiBUU "GiBUU" file /home/t2k/nowak/MicroBooNE/working_xsec_analyzer/generator_predictions/newg4/gibuu_newg4_fte.root thetamu_fte
		 4 - Prediction NEUT "NEUT" file /home/t2k/nowak/MicroBooNE/working_xsec_analyzer/generator_predictions/newg4/neut_newg4_fte.root thetamu_fte
		 5 - Prediction NuWro "NuWro" file /home/t2k/nowak/MicroBooNE/working_xsec_analyzer/generator_predictions/newg4/nuwro_newg4_fte.root thetamu_fte


We do get in here but something goes wrong 
respmat_tdirectoryfile_name given to SystematicsCalculator is empty. Using default: ccpi_CC1mu1piXp_thetamu_1D

Initialising SystematicsCalculator with options:
	syst_config_file_name_: configs/ccpi_systcalc_numi.conf
	universe_file_name: /data/uboone/processed/ccpi_FHC5_thetamu_univmake.root
	fpm_config_file: configs+file_properties_numi_fhc5.txt
	tdf_name: ccpi_CC1mu1piXp_thetamu_1D


Reusing cached universes "total_configs+file_properties_numi_fhc5.txt" (normalisation key v5-fakedata-truth-unweighted-51fe5554df3edefe).
******* USING FAKE DATA *******
using_fake_data = 1

Initialising SliceBinning object
	config_file_name: configs/ccpi_thetamu_slice_config_opt.txt
	Number of variables used in slicing: 2
	Number of slices requested: 2

Slice Specifications ---------------- 

Slice Index: 0
	Active variable: #theta_{#mu} [rad]
	Number of bins: 5 - 
		Bin 1: 0  ≤ #theta_{#mu} [rad] < 0.43 
		Bin 2: 0.43  ≤ #theta_{#mu} [rad] < 0.62 
		Bin 3: 0.62  ≤ #theta_{#mu} [rad] < 0.84 
		Bin 4: 0.84  ≤ #theta_{#mu} [rad] < 1.17 
		Bin 5: 1.17  ≤ #theta_{#mu} [rad] < 3.15 
	Bin matching between slice TH1 and global TH1 - 
		Global bin 0 is matched to 1 in this slice
		Global bin 1 is matched to 2 in this slice
		Global bin 2 is matched to 3 in this slice
		Global bin 3 is matched to 4 in this slice
		Global bin 4 is matched to 5 in this slice

Slice Index: 1
	Active variable: bin number
	Number of bins: 5 - 
		Bin 1: 0  ≤ bin number < 1 
		Bin 2: 1  ≤ bin number < 2 
		Bin 3: 2  ≤ bin number < 3 
		Bin 4: 3  ≤ bin number < 4 
		Bin 5: 4  ≤ bin number < 5 
	Bin matching between slice TH1 and global TH1 - 
		Global bin 0 is matched to 1 in this slice
		Global bin 1 is matched to 2 in this slice
		Global bin 2 is matched to 3 in this slice
		Global bin 3 is matched to 4 in this slice
		Global bin 4 is matched to 5 in this slice
[REGWIDTH] supplied 5 true-bin widths to the regularisation matrix
Get covariances statement 1 works
This is the name fluxThis is the type FluxRW
Get covariances statement 8 works
This is the name reintThis is the type RW
Get covariances statement 8 works
This is the name xsec_multiThis is the type RW
Get covariances statement 8 works
This is the name xsec_AxFFCCQEshapeThis is the type RW
Get covariances statement 8 works
This is the name xsec_DecayAngMECThis is the type RW
Get covariances statement 8 works
This is the name xsec_NormCCCOHThis is the type RW
Get covariances statement 8 works
This is the name xsec_NormNCCOHThis is the type RW
Get covariances statement 8 works
This is the name xsec_RPA_CCQEThis is the type RW
Get covariances statement 8 works
This is the name xsec_ThetaDelta2NRadThis is the type RW
Get covariances statement 8 works
This is the name xsec_Theta_Delta2NpiThis is the type RW
Get covariances statement 8 works
This is the name xsec_VecFFCCQEshapeThis is the type RW
Get covariances statement 8 works
This is the name xsec_XSecShape_CCMECThis is the type RW
Get covariances statement 8 works
This is the name xsec_xsr_scc_Fa3_SCCThis is the type RW
Get covariances statement 8 works
This is the name xsec_xsr_scc_Fv3_SCCThis is the type RW
Get covariances statement 8 works
This is the name detVarLYdownThis is the type DV
Get covariances statement 7 works
This is the name detVarLYraylThis is the type DV
Get covariances statement 7 works
This is the name detVarRecomb2This is the type DV
Get covariances statement 7 works
This is the name detVarSCEThis is the type DV
Get covariances statement 7 works
This is the name detVarWMAngleXZThis is the type DV
Get covariances statement 7 works
This is the name detVarWMAngleYZThis is the type DV
Get covariances statement 7 works
This is the name detVarWMXThis is the type DV
Get covariances statement 7 works
This is the name detVarWMYZThis is the type DV
Get covariances statement 7 works
This is the name POTThis is the type MCFullCorr
Get covariances statement 5 works
This is the name numTargetsThis is the type MCFullCorr
Get covariances statement 5 works
This is the name MCstatsThis is the type MCstat
Get covariances statement 3 works
This is the name EXTstatsThis is the type EXTstat
Get covariances statement 4 works
This is the name BNBstatsThis is the type BNBstat
Get covariances statement 4 works
This is the name xsec_unisimThis is the type sum
Get covariances statement 2 works
This is the name xsec_totalThis is the type sum
Get covariances statement 2 works
This is the name flux_totalThis is the type sum
Get covariances statement 2 works
This is the name detVar_totalThis is the type sum
Get covariances statement 2 works
This is the name DataStatsThis is the type sum
Get covariances statement 2 works
This is the name SimulationStatsThis is the type sum
Get covariances statement 2 works
This is the name PredTotalThis is the type sum
Get covariances statement 2 works
This is the name totalThis is the type sum
Get covariances statement 2 works
Get covariances statement 11 works

Starting the unfolding -----------------
Get covariances statement 1 works
This is the name fluxThis is the type FluxRW
Get covariances statement 8 works
This is the name reintThis is the type RW
Get covariances statement 8 works
This is the name xsec_multiThis is the type RW
Get covariances statement 8 works
This is the name xsec_AxFFCCQEshapeThis is the type RW
Get covariances statement 8 works
This is the name xsec_DecayAngMECThis is the type RW
Get covariances statement 8 works
This is the name xsec_NormCCCOHThis is the type RW
Get covariances statement 8 works
This is the name xsec_NormNCCOHThis is the type RW
Get covariances statement 8 works
This is the name xsec_RPA_CCQEThis is the type RW
Get covariances statement 8 works
This is the name xsec_ThetaDelta2NRadThis is the type RW
Get covariances statement 8 works
This is the name xsec_Theta_Delta2NpiThis is the type RW
Get covariances statement 8 works
This is the name xsec_VecFFCCQEshapeThis is the type RW
Get covariances statement 8 works
This is the name xsec_XSecShape_CCMECThis is the type RW
Get covariances statement 8 works
This is the name xsec_xsr_scc_Fa3_SCCThis is the type RW
Get covariances statement 8 works
This is the name xsec_xsr_scc_Fv3_SCCThis is the type RW
Get covariances statement 8 works
This is the name detVarLYdownThis is the type DV
Get covariances statement 7 works
This is the name detVarLYraylThis is the type DV
Get covariances statement 7 works
This is the name detVarRecomb2This is the type DV
Get covariances statement 7 works
This is the name detVarSCEThis is the type DV
Get covariances statement 7 works
This is the name detVarWMAngleXZThis is the type DV
Get covariances statement 7 works
This is the name detVarWMAngleYZThis is the type DV
Get covariances statement 7 works
This is the name detVarWMXThis is the type DV
Get covariances statement 7 works
This is the name detVarWMYZThis is the type DV
Get covariances statement 7 works
This is the name POTThis is the type MCFullCorr
Get covariances statement 5 works
This is the name numTargetsThis is the type MCFullCorr
Get covariances statement 5 works
This is the name MCstatsThis is the type MCstat
Get covariances statement 3 works
This is the name EXTstatsThis is the type EXTstat
Get covariances statement 4 works
This is the name BNBstatsThis is the type BNBstat
Get covariances statement 4 works
This is the name xsec_unisimThis is the type sum
Get covariances statement 2 works
This is the name xsec_totalThis is the type sum
Get covariances statement 2 works
This is the name flux_totalThis is the type sum
Get covariances statement 2 works
This is the name detVar_totalThis is the type sum
Get covariances statement 2 works
This is the name DataStatsThis is the type sum
Get covariances statement 2 works
This is the name SimulationStatsThis is the type sum
Get covariances statement 2 works
This is the name PredTotalThis is the type sum
Get covariances statement 2 works
This is the name totalThis is the type sum
Get covariances statement 2 works
Get covariances statement 11 works
Unfolding completed -----------------

Post-processing covariance matrices..
Creating Norm/Shape covariance matrices for 1 blocks(s)
	- Creating Norm/shape decomposition for block: 0
BNBstats: 0.00101687
DataStats: 0.00101687
EXTstats: 1.3897e-05
MCstats: 9.89861e-05
POT: 6.61934e-05
PredTotal: 0.0083691
SimulationStats: 0.000112883
detVarLYdown: 3.59878e-06
detVarLYrayl: 8.62933e-05
detVarRecomb2: 0.00179296
detVarSCE: 0.000105498
detVarWMAngleXZ: 0.000103281
detVarWMAngleYZ: 0.00023932
detVarWMX: 8.97298e-05
detVarWMYZ: 5.39632e-05
detVar_total: 0.00247464
flux: 0.00505164
flux_total: 0.00505164
numTargets: 1.65483e-05
reint: 0.000108648
total: 0.00938597
total_blockwise_mixed: -0.00251295
total_blockwise_norm: 0.0112011
total_blockwise_shape: 0.000697844
xsec_AxFFCCQEshape: 3.10341e-06
xsec_DecayAngMEC: 5.81159e-06
xsec_NormCCCOH: 5.61552e-06
xsec_NormNCCOH: 4.42748e-06
xsec_RPA_CCQE: 2.4788e-06
xsec_ThetaDelta2NRad: 4.42748e-06
xsec_Theta_Delta2Npi: 0.000158766
xsec_VecFFCCQEshape: 3.34491e-06
xsec_XSecShape_CCMEC: 9.85219e-06
xsec_multi: 0.000149696
xsec_total: 0.000538541
xsec_unisim: 0.000197827
xsec_xsr_scc_Fa3_SCC: 9.54902e-05
xsec_xsr_scc_Fv3_SCC: 9.55274e-05
[IDENTITY] bins 5  max|U*R - A_C| 2.970e-09  rms 8.833e-10  max|A_C| 8.907e-01  relative 3.335e-09
Key: Fakedata
Key: GENIE
Key: GiBUU
Key: MicroBooNETune
Key: NEUT
Key: NuWro
[SYSTDUMP] sigma_int 9.928e-01
[SYSTDUMP] BNBstats 8.720e+00
[SYSTDUMP] DataStats 8.720e+00
[SYSTDUMP] EXTstats 1.021e+00
[SYSTDUMP] MCstats 2.733e+00
[SYSTDUMP] POT 2.619e+00
[SYSTDUMP] PredTotal 2.972e+01
[SYSTDUMP] SimulationStats 2.918e+00
[SYSTDUMP] detVarLYdown 1.251e+00
[SYSTDUMP] detVarLYrayl 1.279e+00
[SYSTDUMP] detVarRecomb2 1.211e+01
[SYSTDUMP] detVarSCE 1.660e+00
[SYSTDUMP] detVarWMAngleXZ 1.648e+00
[SYSTDUMP] detVarWMAngleYZ 4.809e+00
[SYSTDUMP] detVarWMX 5.310e+00
[SYSTDUMP] detVarWMYZ 1.281e+00
[SYSTDUMP] detVar_total 1.491e+01
[SYSTDUMP] flux 2.375e+01
[SYSTDUMP] flux_total 2.375e+01
[SYSTDUMP] numTargets 1.309e+00
[SYSTDUMP] reint 3.381e+00
[SYSTDUMP] total 3.112e+01
[SYSTDUMP] total_blockwise_mixed 7.760e+00
[SYSTDUMP] total_blockwise_norm 2.913e+01
[SYSTDUMP] total_blockwise_shape 8.447e+00
[SYSTDUMP] xsec_AxFFCCQEshape 5.758e-01
[SYSTDUMP] xsec_DecayAngMEC 4.923e-01
[SYSTDUMP] xsec_NormCCCOH 4.864e-01
[SYSTDUMP] xsec_NormNCCOH 5.664e-01
[SYSTDUMP] xsec_RPA_CCQE 1.123e+00
[SYSTDUMP] xsec_ThetaDelta2NRad 5.664e-01
[SYSTDUMP] xsec_Theta_Delta2Npi 3.897e+00
[SYSTDUMP] xsec_VecFFCCQEshape 9.433e-01
[SYSTDUMP] xsec_XSecShape_CCMEC 1.346e+00
[SYSTDUMP] xsec_multi 5.356e+00
[SYSTDUMP] xsec_total 7.810e+00
[SYSTDUMP] xsec_unisim 4.614e+00
[SYSTDUMP] xsec_xsr_scc_Fa3_SCC 2.232e+00
[SYSTDUMP] xsec_xsr_scc_Fv3_SCC 2.213e+00
[closure-dump] wrote /data/uboone/processed/closure_hists_xsec_FHC5_thetamu.root

GENIE: χ² = 4.652e+00/5 bins, p-value = 4.599e-01
GiBUU: χ² = 4.755e+00/5 bins, p-value = 4.466e-01
MicroBooNE Tune: χ² = 2.238e+00/5 bins, p-value = 8.153e-01
NEUT: χ² = 7.070e+00/5 bins, p-value = 2.155e-01
NuWro: χ² = 7.456e+00/5 bins, p-value = 1.889e-01
truth: χ² = 1.569e+00/5 bins, p-value = 9.050e-01
Bin: 1, Val = 8.450e-01, Unc = 2.253e-01
Bin: 2, Val = 7.425e-01, Unc = 2.476e-01
Bin: 3, Val = 6.779e-01, Unc = 2.219e-01
Bin: 4, Val = 5.183e-01, Unc = 1.560e-01
Bin: 5, Val = 8.492e-02, Unc = 2.783e-02
Info in <TCanvas::Print>: pdf file unfold_output/plot_thetamurad_0.pdf has been created
Key: Fakedata
Key: GENIE
Key: GiBUU
Key: MicroBooNETune
Key: NEUT
Key: NuWro

GENIE: χ² = 4.652e+00/5 bins, p-value = 4.599e-01
GiBUU: χ² = 4.755e+00/5 bins, p-value = 4.466e-01
MicroBooNE Tune: χ² = 2.238e+00/5 bins, p-value = 8.153e-01
NEUT: χ² = 7.070e+00/5 bins, p-value = 2.155e-01
NuWro: χ² = 7.456e+00/5 bins, p-value = 1.889e-01
truth: χ² = 1.569e+00/5 bins, p-value = 9.050e-01
Bin: 1, Val = 3.634e-01, Unc = 9.688e-02
Bin: 2, Val = 1.411e-01, Unc = 4.704e-02
Bin: 3, Val = 1.491e-01, Unc = 4.881e-02
Bin: 4, Val = 1.711e-01, Unc = 5.147e-02
Bin: 5, Val = 1.682e-01, Unc = 5.510e-02
Info in <TCanvas::Print>: pdf file unfold_output/plot_binnumber_1.pdf has been created
Error in <TROOT::WriteTObject>: The current directory (RootApp) is not associated with a file. The object (h_A_C) has not been written.
Info in <TCanvas::Print>: pdf file unfold_output/plot_regularization_matrix.pdf has been created
Get covariances statement 1 works
This is the name fluxThis is the type FluxRW
Get covariances statement 8 works
This is the name reintThis is the type RW
Get covariances statement 8 works
This is the name xsec_multiThis is the type RW
Get covariances statement 8 works
This is the name xsec_AxFFCCQEshapeThis is the type RW
Get covariances statement 8 works
This is the name xsec_DecayAngMECThis is the type RW
Get covariances statement 8 works
This is the name xsec_NormCCCOHThis is the type RW
Get covariances statement 8 works
This is the name xsec_NormNCCOHThis is the type RW
Get covariances statement 8 works
This is the name xsec_RPA_CCQEThis is the type RW
Get covariances statement 8 works
This is the name xsec_ThetaDelta2NRadThis is the type RW
Get covariances statement 8 works
This is the name xsec_Theta_Delta2NpiThis is the type RW
Get covariances statement 8 works
This is the name xsec_VecFFCCQEshapeThis is the type RW
Get covariances statement 8 works
This is the name xsec_XSecShape_CCMECThis is the type RW
Get covariances statement 8 works
This is the name xsec_xsr_scc_Fa3_SCCThis is the type RW
Get covariances statement 8 works
This is the name xsec_xsr_scc_Fv3_SCCThis is the type RW
Get covariances statement 8 works
This is the name detVarLYdownThis is the type DV
Get covariances statement 7 works
This is the name detVarLYraylThis is the type DV
Get covariances statement 7 works
This is the name detVarRecomb2This is the type DV
Get covariances statement 7 works
This is the name detVarSCEThis is the type DV
Get covariances statement 7 works
This is the name detVarWMAngleXZThis is the type DV
Get covariances statement 7 works
This is the name detVarWMAngleYZThis is the type DV
Get covariances statement 7 works
This is the name detVarWMXThis is the type DV
Get covariances statement 7 works
This is the name detVarWMYZThis is the type DV
Get covariances statement 7 works
This is the name POTThis is the type MCFullCorr
Get covariances statement 5 works
This is the name numTargetsThis is the type MCFullCorr
Get covariances statement 5 works
This is the name MCstatsThis is the type MCstat
Get covariances statement 3 works
This is the name EXTstatsThis is the type EXTstat
Get covariances statement 4 works
This is the name BNBstatsThis is the type BNBstat
Get covariances statement 4 works
This is the name xsec_unisimThis is the type sum
Get covariances statement 2 works
This is the name xsec_totalThis is the type sum
Get covariances statement 2 works
This is the name flux_totalThis is the type sum
Get covariances statement 2 works
This is the name detVar_totalThis is the type sum
Get covariances statement 2 works
This is the name DataStatsThis is the type sum
Get covariances statement 2 works
This is the name SimulationStatsThis is the type sum
Get covariances statement 2 works
This is the name PredTotalThis is the type sum
Get covariances statement 2 works
This is the name totalThis is the type sum
Get covariances statement 2 works
Get covariances statement 11 works
Info in <TCanvas::Print>: pdf file unfold_output/plot_step1_reco_spectrum.pdf has been created
Info in <TCanvas::Print>: pdf file unfold_output/plot_step2_bkgd_subtraction.pdf has been created
Info in <TCanvas::Print>: pdf file unfold_output/plot_step3_smearing_matrix.pdf has been created
[DIAGDUMP] column-normalised response diagonal: 0.948 0.802 0.746 0.728 0.664
Info in <TCanvas::Print>: pdf file unfold_output/plot_step4_efficiency.pdf has been created
