
Running Unfolder.C with options:
	XSEC_Config: configs/ccpi_xsec_config_numi_ppi2bin_comb.txt
	SLICE_Config: configs/ccpi_ppi_slice_config_2bin.txt
	OutputDirectory: /data/uboone/processed/
	OutputFileName: xsec_COMB_ppi2bin.root


Loading default file properties from /home/t2k/nowak/MicroBooNE/working_xsec_analyzer/xsec_analyzer/configs/file_properties.txt
Loading file properties from configs/file_properties_numi_comb.txt
CrossSectionExtracter initialised with options:
	xsec_extract_tconfig_file_name: configs/ccpi_xsec_config_numi_ppi2bin_comb.txt
	syst_config_file_name: configs/ccpi_systcalc_numi.conf
	file_properties_config: configs/file_properties_numi_comb.txt
	unfolding_tech: WienerSVD
		Option: Second Derivative
	univ_file_name: /data/uboone/processed/ccpi_COMB_ppi2bin_univmake.root
	Predictions - 
		 0 - Prediction uBTune "MicroBooNE Tune" univ CV
		 1 - Prediction FakeData "Fakedata" univ FakeData
		 2 - Prediction GENIE "GENIE" file /home/t2k/nowak/MicroBooNE/working_xsec_analyzer/generator_predictions/newg4/genie_comb_fte.root ppi_fte
		 3 - Prediction GiBUU "GiBUU" file /home/t2k/nowak/MicroBooNE/working_xsec_analyzer/generator_predictions/newg4/gibuu_comb_fte.root ppi_fte
		 4 - Prediction NEUT "NEUT" file /home/t2k/nowak/MicroBooNE/working_xsec_analyzer/generator_predictions/newg4/neut_comb_fte.root ppi_fte
		 5 - Prediction NuWro "NuWro" file /home/t2k/nowak/MicroBooNE/working_xsec_analyzer/generator_predictions/newg4/nuwro_comb_fte.root ppi_fte


We do get in here but something goes wrong 
respmat_tdirectoryfile_name given to SystematicsCalculator is empty. Using default: ccpi_CC1mu1piXp_ppi_1D

Initialising SystematicsCalculator with options:
	syst_config_file_name_: configs/ccpi_systcalc_numi.conf
	universe_file_name: /data/uboone/processed/ccpi_COMB_ppi2bin_univmake.root
	fpm_config_file: configs+file_properties_numi_comb.txt
	tdf_name: ccpi_CC1mu1piXp_ppi_1D


Reusing cached universes "total_configs+file_properties_numi_comb.txt" (normalisation key v5-fakedata-truth-unweighted-b778f4107085e9d4).
******* USING FAKE DATA *******
using_fake_data = 1

Initialising SliceBinning object
	config_file_name: configs/ccpi_ppi_slice_config_2bin.txt
	Number of variables used in slicing: 2
	Number of slices requested: 2

Slice Specifications ---------------- 

Slice Index: 0
	Active variable: p_{#pi}
	Number of bins: 2 - 
		Bin 1: 0.175  (GeV/c) ≤ p_{#pi} < 0.205  (GeV/c)
		Bin 2: 0.205  (GeV/c) ≤ p_{#pi} < 1  (GeV/c)
	Bin matching between slice TH1 and global TH1 - 
		Global bin 0 is matched to 1 in this slice
		Global bin 1 is matched to 2 in this slice

Slice Index: 1
	Active variable: bin number
	Number of bins: 2 - 
		Bin 1: 0  ≤ bin number < 1 
		Bin 2: 1  ≤ bin number < 2 
	Bin matching between slice TH1 and global TH1 - 
		Global bin 0 is matched to 1 in this slice
		Global bin 1 is matched to 2 in this slice
[REGWIDTH] supplied 2 true-bin widths to the regularisation matrix
Get covariances statement 1 works
This is the name fluxThis is the type FluxRW
Get covariances statement 8 works
This is the name reintThis is the type RW
Get covariances statement 8 works
This is the name xsec_multiThis is the type RW
Get covariances statement 8 works
This is the name xsec_AxFFCCQEshapeThis is the type RW
Get covariances statement 8 works
This is the name xsec_DecayAngMECThis is the type RW
Get covariances statement 8 works
This is the name xsec_NormCCCOHThis is the type RW
Get covariances statement 8 works
This is the name xsec_NormNCCOHThis is the type RW
Get covariances statement 8 works
This is the name xsec_RPA_CCQEThis is the type RW
Get covariances statement 8 works
This is the name xsec_ThetaDelta2NRadThis is the type RW
Get covariances statement 8 works
This is the name xsec_Theta_Delta2NpiThis is the type RW
Get covariances statement 8 works
This is the name xsec_VecFFCCQEshapeThis is the type RW
Get covariances statement 8 works
This is the name xsec_XSecShape_CCMECThis is the type RW
Get covariances statement 8 works
This is the name xsec_xsr_scc_Fa3_SCCThis is the type RW
Get covariances statement 8 works
This is the name xsec_xsr_scc_Fv3_SCCThis is the type RW
Get covariances statement 8 works
This is the name detVarLYdownThis is the type DV
Get covariances statement 7 works
This is the name detVarLYraylThis is the type DV
Get covariances statement 7 works
This is the name detVarRecomb2This is the type DV
Get covariances statement 7 works
This is the name detVarSCEThis is the type DV
Get covariances statement 7 works
This is the name detVarWMAngleXZThis is the type DV
Get covariances statement 7 works
This is the name detVarWMAngleYZThis is the type DV
Get covariances statement 7 works
This is the name detVarWMXThis is the type DV
Get covariances statement 7 works
This is the name detVarWMYZThis is the type DV
Get covariances statement 7 works
This is the name POTThis is the type MCFullCorr
Get covariances statement 5 works
This is the name numTargetsThis is the type MCFullCorr
Get covariances statement 5 works
This is the name MCstatsThis is the type MCstat
Get covariances statement 3 works
This is the name EXTstatsThis is the type EXTstat
Get covariances statement 4 works
This is the name BNBstatsThis is the type BNBstat
Get covariances statement 4 works
This is the name xsec_unisimThis is the type sum
Get covariances statement 2 works
This is the name xsec_totalThis is the type sum
Get covariances statement 2 works
This is the name flux_totalThis is the type sum
Get covariances statement 2 works
This is the name detVar_totalThis is the type sum
Get covariances statement 2 works
This is the name DataStatsThis is the type sum
Get covariances statement 2 works
This is the name SimulationStatsThis is the type sum
Get covariances statement 2 works
This is the name PredTotalThis is the type sum
Get covariances statement 2 works
This is the name totalThis is the type sum
Get covariances statement 2 works
Get covariances statement 11 works

Starting the unfolding -----------------
Get covariances statement 1 works
This is the name fluxThis is the type FluxRW
Get covariances statement 8 works
This is the name reintThis is the type RW
Get covariances statement 8 works
This is the name xsec_multiThis is the type RW
Get covariances statement 8 works
This is the name xsec_AxFFCCQEshapeThis is the type RW
Get covariances statement 8 works
This is the name xsec_DecayAngMECThis is the type RW
Get covariances statement 8 works
This is the name xsec_NormCCCOHThis is the type RW
Get covariances statement 8 works
This is the name xsec_NormNCCOHThis is the type RW
Get covariances statement 8 works
This is the name xsec_RPA_CCQEThis is the type RW
Get covariances statement 8 works
This is the name xsec_ThetaDelta2NRadThis is the type RW
Get covariances statement 8 works
This is the name xsec_Theta_Delta2NpiThis is the type RW
Get covariances statement 8 works
This is the name xsec_VecFFCCQEshapeThis is the type RW
Get covariances statement 8 works
This is the name xsec_XSecShape_CCMECThis is the type RW
Get covariances statement 8 works
This is the name xsec_xsr_scc_Fa3_SCCThis is the type RW
Get covariances statement 8 works
This is the name xsec_xsr_scc_Fv3_SCCThis is the type RW
Get covariances statement 8 works
This is the name detVarLYdownThis is the type DV
Get covariances statement 7 works
This is the name detVarLYraylThis is the type DV
Get covariances statement 7 works
This is the name detVarRecomb2This is the type DV
Get covariances statement 7 works
This is the name detVarSCEThis is the type DV
Get covariances statement 7 works
This is the name detVarWMAngleXZThis is the type DV
Get covariances statement 7 works
This is the name detVarWMAngleYZThis is the type DV
Get covariances statement 7 works
This is the name detVarWMXThis is the type DV
Get covariances statement 7 works
This is the name detVarWMYZThis is the type DV
Get covariances statement 7 works
This is the name POTThis is the type MCFullCorr
Get covariances statement 5 works
This is the name numTargetsThis is the type MCFullCorr
Get covariances statement 5 works
This is the name MCstatsThis is the type MCstat
Get covariances statement 3 works
This is the name EXTstatsThis is the type EXTstat
Get covariances statement 4 works
This is the name BNBstatsThis is the type BNBstat
Get covariances statement 4 works
This is the name xsec_unisimThis is the type sum
Get covariances statement 2 works
This is the name xsec_totalThis is the type sum
Get covariances statement 2 works
This is the name flux_totalThis is the type sum
Get covariances statement 2 works
This is the name detVar_totalThis is the type sum
Get covariances statement 2 works
This is the name DataStatsThis is the type sum
Get covariances statement 2 works
This is the name SimulationStatsThis is the type sum
Get covariances statement 2 works
This is the name PredTotalThis is the type sum
Get covariances statement 2 works
This is the name totalThis is the type sum
Get covariances statement 2 works
Get covariances statement 11 works
Unfolding completed -----------------

Post-processing covariance matrices..
Creating Norm/Shape covariance matrices for 1 blocks(s)
	- Creating Norm/shape decomposition for block: 0
BNBstats: 0.00013332
DataStats: 0.00013332
EXTstats: 1.56087e-06
MCstats: 1.22791e-05
POT: 6.55436e-06
PredTotal: 0.00129026
SimulationStats: 1.384e-05
detVarLYdown: 2.14986e-05
detVarLYrayl: 1.32894e-05
detVarRecomb2: 0.000361954
detVarSCE: 5.85234e-05
detVarWMAngleXZ: 3.42224e-07
detVarWMAngleYZ: 3.67513e-05
detVarWMX: 7.38818e-05
detVarWMYZ: 5.60354e-05
detVar_total: 0.000622276
flux: 0.000397837
flux_total: 0.000397837
numTargets: 1.63859e-06
reint: 8.4187e-05
total: 0.00142358
total_blockwise_mixed: 0.00010971
total_blockwise_norm: 0.00037212
total_blockwise_shape: 0.000941749
xsec_AxFFCCQEshape: 1.00311e-06
xsec_DecayAngMEC: 4.0233e-06
xsec_NormCCCOH: 3.31949e-07
xsec_NormNCCOH: 6.5219e-07
xsec_RPA_CCQE: 4.92706e-07
xsec_ThetaDelta2NRad: 6.61376e-07
xsec_Theta_Delta2Npi: 6.09889e-07
xsec_VecFFCCQEshape: 9.50867e-07
xsec_XSecShape_CCMEC: 1.32603e-05
xsec_multi: 8.37016e-05
xsec_total: 0.000163927
xsec_unisim: 2.19856e-05
xsec_xsr_scc_Fa3_SCC: 2.93034e-05
xsec_xsr_scc_Fv3_SCC: 2.8936e-05
[IDENTITY] bins 2  max|U*R - A_C| 1.168e-08  rms 5.963e-09  max|A_C| 8.765e-01  relative 1.332e-08
Key: Fakedata
Key: GENIE
Key: GiBUU
Key: MicroBooNETune
Key: NEUT
Key: NuWro
[SYSTDUMP] sigma_int 7.908e-01
[SYSTDUMP] BNBstats 1.347e+01
[SYSTDUMP] DataStats 1.347e+01
[SYSTDUMP] EXTstats 1.430e+00
[SYSTDUMP] MCstats 4.072e+00
[SYSTDUMP] POT 3.980e+00
[SYSTDUMP] PredTotal 5.204e+01
[SYSTDUMP] SimulationStats 4.316e+00
[SYSTDUMP] detVarLYdown 5.501e+00
[SYSTDUMP] detVarLYrayl 5.199e+00
[SYSTDUMP] detVarRecomb2 2.400e+01
[SYSTDUMP] detVarSCE 8.719e+00
[SYSTDUMP] detVarWMAngleXZ 4.083e+00
[SYSTDUMP] detVarWMAngleYZ 1.161e+01
[SYSTDUMP] detVarWMX 1.154e+01
[SYSTDUMP] detVarWMYZ 8.706e+00
[SYSTDUMP] detVar_total 3.379e+01
[SYSTDUMP] flux 3.239e+01
[SYSTDUMP] flux_total 3.239e+01
[SYSTDUMP] numTargets 1.990e+00
[SYSTDUMP] reint 1.188e+01
[SYSTDUMP] total 5.393e+01
[SYSTDUMP] total_blockwise_mixed 9.921e+00
[SYSTDUMP] total_blockwise_norm 3.654e+01
[SYSTDUMP] total_blockwise_shape 3.115e+01
[SYSTDUMP] xsec_AxFFCCQEshape 1.141e+00
[SYSTDUMP] xsec_DecayAngMEC 2.176e+00
[SYSTDUMP] xsec_NormCCCOH 1.402e+00
[SYSTDUMP] xsec_NormNCCOH 1.039e+00
[SYSTDUMP] xsec_RPA_CCQE 1.391e+00
[SYSTDUMP] xsec_ThetaDelta2NRad 1.041e+00
[SYSTDUMP] xsec_Theta_Delta2Npi 3.131e+00
[SYSTDUMP] xsec_VecFFCCQEshape 1.311e+00
[SYSTDUMP] xsec_XSecShape_CCMEC 4.639e+00
[SYSTDUMP] xsec_multi 1.275e+01
[SYSTDUMP] xsec_total 1.718e+01
[SYSTDUMP] xsec_unisim 7.409e+00
[SYSTDUMP] xsec_xsr_scc_Fa3_SCC 5.301e+00
[SYSTDUMP] xsec_xsr_scc_Fv3_SCC 5.262e+00
[closure-dump] wrote /data/uboone/processed/closure_hists_xsec_COMB_ppi2bin.root

GENIE: χ² = 7.047e-01/2 bins, p-value = 7.030e-01
GiBUU: χ² = 1.684e+00/2 bins, p-value = 4.308e-01
MicroBooNE Tune: χ² = 1.940e-01/2 bins, p-value = 9.075e-01
NEUT: χ² = 7.832e-01/2 bins, p-value = 6.760e-01
NuWro: χ² = 6.343e-01/2 bins, p-value = 7.282e-01
truth: χ² = 1.557e-01/2 bins, p-value = 9.251e-01
Bin: 1, Val = 1.760e+00, Unc = 1.258e+00
Bin: 2, Val = 9.283e-01, Unc = 3.379e-01
Info in <TCanvas::Print>: pdf file unfold_output/plot_ppi_0.pdf has been created
Key: Fakedata
Key: GENIE
Key: GiBUU
Key: MicroBooNETune
Key: NEUT
Key: NuWro

GENIE: χ² = 7.047e-01/2 bins, p-value = 7.030e-01
GiBUU: χ² = 1.684e+00/2 bins, p-value = 4.308e-01
MicroBooNE Tune: χ² = 1.940e-01/2 bins, p-value = 9.075e-01
NEUT: χ² = 7.832e-01/2 bins, p-value = 6.760e-01
NuWro: χ² = 6.343e-01/2 bins, p-value = 7.282e-01
truth: χ² = 1.557e-01/2 bins, p-value = 9.251e-01
Bin: 1, Val = 5.279e-02, Unc = 3.773e-02
Bin: 2, Val = 7.380e-01, Unc = 2.686e-01
Info in <TCanvas::Print>: pdf file unfold_output/plot_binnumber_1.pdf has been created
Error in <TROOT::WriteTObject>: The current directory (RootApp) is not associated with a file. The object (h_A_C) has not been written.
Info in <TCanvas::Print>: pdf file unfold_output/plot_regularization_matrix.pdf has been created
Get covariances statement 1 works
This is the name fluxThis is the type FluxRW
Get covariances statement 8 works
This is the name reintThis is the type RW
Get covariances statement 8 works
This is the name xsec_multiThis is the type RW
Get covariances statement 8 works
This is the name xsec_AxFFCCQEshapeThis is the type RW
Get covariances statement 8 works
This is the name xsec_DecayAngMECThis is the type RW
Get covariances statement 8 works
This is the name xsec_NormCCCOHThis is the type RW
Get covariances statement 8 works
This is the name xsec_NormNCCOHThis is the type RW
Get covariances statement 8 works
This is the name xsec_RPA_CCQEThis is the type RW
Get covariances statement 8 works
This is the name xsec_ThetaDelta2NRadThis is the type RW
Get covariances statement 8 works
This is the name xsec_Theta_Delta2NpiThis is the type RW
Get covariances statement 8 works
This is the name xsec_VecFFCCQEshapeThis is the type RW
Get covariances statement 8 works
This is the name xsec_XSecShape_CCMECThis is the type RW
Get covariances statement 8 works
This is the name xsec_xsr_scc_Fa3_SCCThis is the type RW
Get covariances statement 8 works
This is the name xsec_xsr_scc_Fv3_SCCThis is the type RW
Get covariances statement 8 works
This is the name detVarLYdownThis is the type DV
Get covariances statement 7 works
This is the name detVarLYraylThis is the type DV
Get covariances statement 7 works
This is the name detVarRecomb2This is the type DV
Get covariances statement 7 works
This is the name detVarSCEThis is the type DV
Get covariances statement 7 works
This is the name detVarWMAngleXZThis is the type DV
Get covariances statement 7 works
This is the name detVarWMAngleYZThis is the type DV
Get covariances statement 7 works
This is the name detVarWMXThis is the type DV
Get covariances statement 7 works
This is the name detVarWMYZThis is the type DV
Get covariances statement 7 works
This is the name POTThis is the type MCFullCorr
Get covariances statement 5 works
This is the name numTargetsThis is the type MCFullCorr
Get covariances statement 5 works
This is the name MCstatsThis is the type MCstat
Get covariances statement 3 works
This is the name EXTstatsThis is the type EXTstat
Get covariances statement 4 works
This is the name BNBstatsThis is the type BNBstat
Get covariances statement 4 works
This is the name xsec_unisimThis is the type sum
Get covariances statement 2 works
This is the name xsec_totalThis is the type sum
Get covariances statement 2 works
This is the name flux_totalThis is the type sum
Get covariances statement 2 works
This is the name detVar_totalThis is the type sum
Get covariances statement 2 works
This is the name DataStatsThis is the type sum
Get covariances statement 2 works
This is the name SimulationStatsThis is the type sum
Get covariances statement 2 works
This is the name PredTotalThis is the type sum
Get covariances statement 2 works
This is the name totalThis is the type sum
Get covariances statement 2 works
Get covariances statement 11 works
Info in <TCanvas::Print>: pdf file unfold_output/plot_step1_reco_spectrum.pdf has been created
Info in <TCanvas::Print>: pdf file unfold_output/plot_step2_bkgd_subtraction.pdf has been created
Info in <TCanvas::Print>: pdf file unfold_output/plot_step3_smearing_matrix.pdf has been created
[DIAGDUMP] column-normalised response diagonal: 0.906 0.762
Info in <TCanvas::Print>: pdf file unfold_output/plot_step4_efficiency.pdf has been created
