
Running Unfolder.C with options:
	XSEC_Config: configs/ccpi_xsec_config_numi_costhpi_rhcfull.txt
	SLICE_Config: configs/ccpi_costhpi_slice_config_opt.txt
	OutputDirectory: /data/uboone/processed/
	OutputFileName: xsec_RHCFULL_costhpi.root


Loading default file properties from /home/t2k/nowak/MicroBooNE/working_xsec_analyzer/xsec_analyzer/configs/file_properties.txt
Loading file properties from configs/file_properties_numi_rhcfull.txt
CrossSectionExtracter initialised with options:
	xsec_extract_tconfig_file_name: configs/ccpi_xsec_config_numi_costhpi_rhcfull.txt
	syst_config_file_name: configs/ccpi_systcalc_numi.conf
	file_properties_config: configs/file_properties_numi_rhcfull.txt
	unfolding_tech: WienerSVD
		Option: Second Derivative
	univ_file_name: /data/uboone/processed/ccpi_RHCFULL_costhpi_univmake.root
	Predictions - 
		 0 - Prediction uBTune "MicroBooNE Tune" univ CV
		 1 - Prediction FakeData "Fakedata" univ FakeData
		 2 - Prediction GENIE "GENIE" file /home/t2k/nowak/MicroBooNE/working_xsec_analyzer/generator_predictions/newg4/genie_rhc_fte.root costhpi_fte
		 3 - Prediction GiBUU "GiBUU" file /home/t2k/nowak/MicroBooNE/working_xsec_analyzer/generator_predictions/newg4/gibuu_rhc_fte.root costhpi_fte
		 4 - Prediction NEUT "NEUT" file /home/t2k/nowak/MicroBooNE/working_xsec_analyzer/generator_predictions/newg4/neut_rhc_fte.root costhpi_fte
		 5 - Prediction NuWro "NuWro" file /home/t2k/nowak/MicroBooNE/working_xsec_analyzer/generator_predictions/newg4/nuwro_rhc_fte.root costhpi_fte


We do get in here but something goes wrong 
respmat_tdirectoryfile_name given to SystematicsCalculator is empty. Using default: ccpi_CC1mu1piXp_costhpi_1D

Initialising SystematicsCalculator with options:
	syst_config_file_name_: configs/ccpi_systcalc_numi.conf
	universe_file_name: /data/uboone/processed/ccpi_RHCFULL_costhpi_univmake.root
	fpm_config_file: configs+file_properties_numi_rhcfull.txt
	tdf_name: ccpi_CC1mu1piXp_costhpi_1D


Reusing cached universes "total_configs+file_properties_numi_rhcfull.txt" (normalisation key v5-fakedata-truth-unweighted-38227e5b6aa2d27a).
******* USING FAKE DATA *******
using_fake_data = 1

Initialising SliceBinning object
	config_file_name: configs/ccpi_costhpi_slice_config_opt.txt
	Number of variables used in slicing: 2
	Number of slices requested: 2

Slice Specifications ---------------- 

Slice Index: 0
	Active variable: cos#theta_{#pi}
	Number of bins: 5 - 
		Bin 1: -1  ≤ cos#theta_{#pi} < -0.1 
		Bin 2: -0.1  ≤ cos#theta_{#pi} < 0.35 
		Bin 3: 0.35  ≤ cos#theta_{#pi} < 0.6 
		Bin 4: 0.6  ≤ cos#theta_{#pi} < 0.8 
		Bin 5: 0.8  ≤ cos#theta_{#pi} < 1 
	Bin matching between slice TH1 and global TH1 - 
		Global bin 0 is matched to 1 in this slice
		Global bin 1 is matched to 2 in this slice
		Global bin 2 is matched to 3 in this slice
		Global bin 3 is matched to 4 in this slice
		Global bin 4 is matched to 5 in this slice

Slice Index: 1
	Active variable: bin number
	Number of bins: 5 - 
		Bin 1: 0  ≤ bin number < 1 
		Bin 2: 1  ≤ bin number < 2 
		Bin 3: 2  ≤ bin number < 3 
		Bin 4: 3  ≤ bin number < 4 
		Bin 5: 4  ≤ bin number < 5 
	Bin matching between slice TH1 and global TH1 - 
		Global bin 0 is matched to 1 in this slice
		Global bin 1 is matched to 2 in this slice
		Global bin 2 is matched to 3 in this slice
		Global bin 3 is matched to 4 in this slice
		Global bin 4 is matched to 5 in this slice
[REGWIDTH] supplied 5 true-bin widths to the regularisation matrix
Get covariances statement 1 works
This is the name fluxThis is the type FluxRW
Get covariances statement 8 works
This is the name reintThis is the type RW
Get covariances statement 8 works
This is the name xsec_multiThis is the type RW
Get covariances statement 8 works
This is the name xsec_AxFFCCQEshapeThis is the type RW
Get covariances statement 8 works
This is the name xsec_DecayAngMECThis is the type RW
Get covariances statement 8 works
This is the name xsec_NormCCCOHThis is the type RW
Get covariances statement 8 works
This is the name xsec_NormNCCOHThis is the type RW
Get covariances statement 8 works
This is the name xsec_RPA_CCQEThis is the type RW
Get covariances statement 8 works
This is the name xsec_ThetaDelta2NRadThis is the type RW
Get covariances statement 8 works
This is the name xsec_Theta_Delta2NpiThis is the type RW
Get covariances statement 8 works
This is the name xsec_VecFFCCQEshapeThis is the type RW
Get covariances statement 8 works
This is the name xsec_XSecShape_CCMECThis is the type RW
Get covariances statement 8 works
This is the name xsec_xsr_scc_Fa3_SCCThis is the type RW
Get covariances statement 8 works
This is the name xsec_xsr_scc_Fv3_SCCThis is the type RW
Get covariances statement 8 works
This is the name detVarLYdownThis is the type DV
Get covariances statement 7 works
This is the name detVarLYraylThis is the type DV
Get covariances statement 7 works
This is the name detVarRecomb2This is the type DV
Get covariances statement 7 works
This is the name detVarSCEThis is the type DV
Get covariances statement 7 works
This is the name detVarWMAngleXZThis is the type DV
Get covariances statement 7 works
This is the name detVarWMAngleYZThis is the type DV
Get covariances statement 7 works
This is the name detVarWMXThis is the type DV
Get covariances statement 7 works
This is the name detVarWMYZThis is the type DV
Get covariances statement 7 works
This is the name POTThis is the type MCFullCorr
Get covariances statement 5 works
This is the name numTargetsThis is the type MCFullCorr
Get covariances statement 5 works
This is the name MCstatsThis is the type MCstat
Get covariances statement 3 works
This is the name EXTstatsThis is the type EXTstat
Get covariances statement 4 works
This is the name BNBstatsThis is the type BNBstat
Get covariances statement 4 works
This is the name xsec_unisimThis is the type sum
Get covariances statement 2 works
This is the name xsec_totalThis is the type sum
Get covariances statement 2 works
This is the name flux_totalThis is the type sum
Get covariances statement 2 works
This is the name detVar_totalThis is the type sum
Get covariances statement 2 works
This is the name DataStatsThis is the type sum
Get covariances statement 2 works
This is the name SimulationStatsThis is the type sum
Get covariances statement 2 works
This is the name PredTotalThis is the type sum
Get covariances statement 2 works
This is the name totalThis is the type sum
Get covariances statement 2 works
Get covariances statement 11 works

Starting the unfolding -----------------
Get covariances statement 1 works
This is the name fluxThis is the type FluxRW
Get covariances statement 8 works
This is the name reintThis is the type RW
Get covariances statement 8 works
This is the name xsec_multiThis is the type RW
Get covariances statement 8 works
This is the name xsec_AxFFCCQEshapeThis is the type RW
Get covariances statement 8 works
This is the name xsec_DecayAngMECThis is the type RW
Get covariances statement 8 works
This is the name xsec_NormCCCOHThis is the type RW
Get covariances statement 8 works
This is the name xsec_NormNCCOHThis is the type RW
Get covariances statement 8 works
This is the name xsec_RPA_CCQEThis is the type RW
Get covariances statement 8 works
This is the name xsec_ThetaDelta2NRadThis is the type RW
Get covariances statement 8 works
This is the name xsec_Theta_Delta2NpiThis is the type RW
Get covariances statement 8 works
This is the name xsec_VecFFCCQEshapeThis is the type RW
Get covariances statement 8 works
This is the name xsec_XSecShape_CCMECThis is the type RW
Get covariances statement 8 works
This is the name xsec_xsr_scc_Fa3_SCCThis is the type RW
Get covariances statement 8 works
This is the name xsec_xsr_scc_Fv3_SCCThis is the type RW
Get covariances statement 8 works
This is the name detVarLYdownThis is the type DV
Get covariances statement 7 works
This is the name detVarLYraylThis is the type DV
Get covariances statement 7 works
This is the name detVarRecomb2This is the type DV
Get covariances statement 7 works
This is the name detVarSCEThis is the type DV
Get covariances statement 7 works
This is the name detVarWMAngleXZThis is the type DV
Get covariances statement 7 works
This is the name detVarWMAngleYZThis is the type DV
Get covariances statement 7 works
This is the name detVarWMXThis is the type DV
Get covariances statement 7 works
This is the name detVarWMYZThis is the type DV
Get covariances statement 7 works
This is the name POTThis is the type MCFullCorr
Get covariances statement 5 works
This is the name numTargetsThis is the type MCFullCorr
Get covariances statement 5 works
This is the name MCstatsThis is the type MCstat
Get covariances statement 3 works
This is the name EXTstatsThis is the type EXTstat
Get covariances statement 4 works
This is the name BNBstatsThis is the type BNBstat
Get covariances statement 4 works
This is the name xsec_unisimThis is the type sum
Get covariances statement 2 works
This is the name xsec_totalThis is the type sum
Get covariances statement 2 works
This is the name flux_totalThis is the type sum
Get covariances statement 2 works
This is the name detVar_totalThis is the type sum
Get covariances statement 2 works
This is the name DataStatsThis is the type sum
Get covariances statement 2 works
This is the name SimulationStatsThis is the type sum
Get covariances statement 2 works
This is the name PredTotalThis is the type sum
Get covariances statement 2 works
This is the name totalThis is the type sum
Get covariances statement 2 works
Get covariances statement 11 works
Unfolding completed -----------------

Post-processing covariance matrices..
Creating Norm/Shape covariance matrices for 1 blocks(s)
	- Creating Norm/shape decomposition for block: 0
BNBstats: 0.000119321
DataStats: 0.000119321
EXTstats: 5.18723e-07
MCstats: 9.94398e-06
POT: 3.44492e-06
PredTotal: 0.000880179
SimulationStats: 1.04627e-05
detVarLYdown: 2.64754e-06
detVarLYrayl: 4.26919e-06
detVarRecomb2: 0.000180896
detVarSCE: 2.55955e-06
detVarWMAngleXZ: 0.00014819
detVarWMAngleYZ: 4.11613e-06
detVarWMX: 0.000107787
detVarWMYZ: 0.000116633
detVar_total: 0.000567097
flux: 0.000204108
flux_total: 0.000204108
numTargets: 8.6123e-07
reint: 2.43338e-05
total: 0.0009995
total_blockwise_mixed: -0.00013274
total_blockwise_norm: 0.000551533
total_blockwise_shape: 0.000580708
xsec_AxFFCCQEshape: 2.31229e-06
xsec_DecayAngMEC: 1.24649e-06
xsec_NormCCCOH: 1.49107e-06
xsec_NormNCCOH: 2.29133e-06
xsec_RPA_CCQE: 1.8419e-06
xsec_ThetaDelta2NRad: 2.29291e-06
xsec_Theta_Delta2Npi: 1.63595e-05
xsec_VecFFCCQEshape: 3.08456e-06
xsec_XSecShape_CCMEC: 1.1506e-06
xsec_multi: 3.77832e-05
xsec_total: 6.98718e-05
xsec_unisim: 3.20706e-05
xsec_xsr_scc_Fa3_SCC: 9.46178e-09
xsec_xsr_scc_Fv3_SCC: 8.55089e-09
[IDENTITY] bins 5  max|U*R - A_C| 2.339e-08  rms 8.307e-09  max|A_C| 8.326e-01  relative 2.809e-08
Key: Fakedata
Key: GENIE
Key: GiBUU
Key: MicroBooNETune
Key: NEUT
Key: NuWro
[SYSTDUMP] sigma_int 5.802e-01
[SYSTDUMP] BNBstats 1.264e+01
[SYSTDUMP] DataStats 1.264e+01
[SYSTDUMP] EXTstats 1.002e+00
[SYSTDUMP] MCstats 3.717e+00
[SYSTDUMP] POT 3.201e+00
[SYSTDUMP] PredTotal 3.841e+01
[SYSTDUMP] SimulationStats 3.858e+00
[SYSTDUMP] detVarLYdown 3.613e+00
[SYSTDUMP] detVarLYrayl 1.036e+00
[SYSTDUMP] detVarRecomb2 1.160e+01
[SYSTDUMP] detVarSCE 6.361e+00
[SYSTDUMP] detVarWMAngleXZ 8.168e+00
[SYSTDUMP] detVarWMAngleYZ 6.577e+00
[SYSTDUMP] detVarWMX 1.041e+01
[SYSTDUMP] detVarWMYZ 9.054e+00
[SYSTDUMP] detVar_total 2.509e+01
[SYSTDUMP] flux 2.553e+01
[SYSTDUMP] flux_total 2.553e+01
[SYSTDUMP] numTargets 1.601e+00
[SYSTDUMP] reint 5.007e+00
[SYSTDUMP] total 4.062e+01
[SYSTDUMP] total_blockwise_mixed 7.341e+00
[SYSTDUMP] total_blockwise_norm 3.438e+01
[SYSTDUMP] total_blockwise_shape 2.266e+01
[SYSTDUMP] xsec_AxFFCCQEshape 1.171e+00
[SYSTDUMP] xsec_DecayAngMEC 1.507e+00
[SYSTDUMP] xsec_NormCCCOH 1.607e+00
[SYSTDUMP] xsec_NormNCCOH 1.168e+00
[SYSTDUMP] xsec_RPA_CCQE 1.712e+00
[SYSTDUMP] xsec_ThetaDelta2NRad 1.170e+00
[SYSTDUMP] xsec_Theta_Delta2Npi 3.036e+00
[SYSTDUMP] xsec_VecFFCCQEshape 1.453e+00
[SYSTDUMP] xsec_XSecShape_CCMEC 2.781e+00
[SYSTDUMP] xsec_multi 7.613e+00
[SYSTDUMP] xsec_total 1.053e+01
[SYSTDUMP] xsec_unisim 6.087e+00
[SYSTDUMP] xsec_xsr_scc_Fa3_SCC 2.305e+00
[SYSTDUMP] xsec_xsr_scc_Fv3_SCC 2.285e+00
[closure-dump] wrote /data/uboone/processed/closure_hists_xsec_RHCFULL_costhpi.root

GENIE: χ² = 1.385e+00/5 bins, p-value = 9.259e-01
GiBUU: χ² = 2.124e+00/5 bins, p-value = 8.317e-01
MicroBooNE Tune: χ² = 4.285e-01/5 bins, p-value = 9.945e-01
NEUT: χ² = 1.379e+00/5 bins, p-value = 9.266e-01
NuWro: χ² = 1.230e+00/5 bins, p-value = 9.419e-01
truth: χ² = 4.496e-01/5 bins, p-value = 9.939e-01
Bin: 1, Val = 7.590e-02, Unc = 3.513e-02
Bin: 2, Val = 2.232e-01, Unc = 7.072e-02
Bin: 3, Val = 3.517e-01, Unc = 1.424e-01
Bin: 4, Val = 5.493e-01, Unc = 2.455e-01
Bin: 5, Val = 1.068e+00, Unc = 4.266e-01
Info in <TCanvas::Print>: pdf file unfold_output/plot_costhetapi_0.pdf has been created
Key: Fakedata
Key: GENIE
Key: GiBUU
Key: MicroBooNETune
Key: NEUT
Key: NuWro

GENIE: χ² = 1.385e+00/5 bins, p-value = 9.259e-01
GiBUU: χ² = 2.124e+00/5 bins, p-value = 8.317e-01
MicroBooNE Tune: χ² = 4.285e-01/5 bins, p-value = 9.945e-01
NEUT: χ² = 1.379e+00/5 bins, p-value = 9.266e-01
NuWro: χ² = 1.230e+00/5 bins, p-value = 9.419e-01
truth: χ² = 4.496e-01/5 bins, p-value = 9.939e-01
Bin: 1, Val = 6.831e-02, Unc = 3.161e-02
Bin: 2, Val = 1.004e-01, Unc = 3.182e-02
Bin: 3, Val = 8.792e-02, Unc = 3.561e-02
Bin: 4, Val = 1.099e-01, Unc = 4.909e-02
Bin: 5, Val = 2.136e-01, Unc = 8.533e-02
Info in <TCanvas::Print>: pdf file unfold_output/plot_binnumber_1.pdf has been created
Error in <TROOT::WriteTObject>: The current directory (RootApp) is not associated with a file. The object (h_A_C) has not been written.
Info in <TCanvas::Print>: pdf file unfold_output/plot_regularization_matrix.pdf has been created
Get covariances statement 1 works
This is the name fluxThis is the type FluxRW
Get covariances statement 8 works
This is the name reintThis is the type RW
Get covariances statement 8 works
This is the name xsec_multiThis is the type RW
Get covariances statement 8 works
This is the name xsec_AxFFCCQEshapeThis is the type RW
Get covariances statement 8 works
This is the name xsec_DecayAngMECThis is the type RW
Get covariances statement 8 works
This is the name xsec_NormCCCOHThis is the type RW
Get covariances statement 8 works
This is the name xsec_NormNCCOHThis is the type RW
Get covariances statement 8 works
This is the name xsec_RPA_CCQEThis is the type RW
Get covariances statement 8 works
This is the name xsec_ThetaDelta2NRadThis is the type RW
Get covariances statement 8 works
This is the name xsec_Theta_Delta2NpiThis is the type RW
Get covariances statement 8 works
This is the name xsec_VecFFCCQEshapeThis is the type RW
Get covariances statement 8 works
This is the name xsec_XSecShape_CCMECThis is the type RW
Get covariances statement 8 works
This is the name xsec_xsr_scc_Fa3_SCCThis is the type RW
Get covariances statement 8 works
This is the name xsec_xsr_scc_Fv3_SCCThis is the type RW
Get covariances statement 8 works
This is the name detVarLYdownThis is the type DV
Get covariances statement 7 works
This is the name detVarLYraylThis is the type DV
Get covariances statement 7 works
This is the name detVarRecomb2This is the type DV
Get covariances statement 7 works
This is the name detVarSCEThis is the type DV
Get covariances statement 7 works
This is the name detVarWMAngleXZThis is the type DV
Get covariances statement 7 works
This is the name detVarWMAngleYZThis is the type DV
Get covariances statement 7 works
This is the name detVarWMXThis is the type DV
Get covariances statement 7 works
This is the name detVarWMYZThis is the type DV
Get covariances statement 7 works
This is the name POTThis is the type MCFullCorr
Get covariances statement 5 works
This is the name numTargetsThis is the type MCFullCorr
Get covariances statement 5 works
This is the name MCstatsThis is the type MCstat
Get covariances statement 3 works
This is the name EXTstatsThis is the type EXTstat
Get covariances statement 4 works
This is the name BNBstatsThis is the type BNBstat
Get covariances statement 4 works
This is the name xsec_unisimThis is the type sum
Get covariances statement 2 works
This is the name xsec_totalThis is the type sum
Get covariances statement 2 works
This is the name flux_totalThis is the type sum
Get covariances statement 2 works
This is the name detVar_totalThis is the type sum
Get covariances statement 2 works
This is the name DataStatsThis is the type sum
Get covariances statement 2 works
This is the name SimulationStatsThis is the type sum
Get covariances statement 2 works
This is the name PredTotalThis is the type sum
Get covariances statement 2 works
This is the name totalThis is the type sum
Get covariances statement 2 works
Get covariances statement 11 works
Info in <TCanvas::Print>: pdf file unfold_output/plot_step1_reco_spectrum.pdf has been created
Info in <TCanvas::Print>: pdf file unfold_output/plot_step2_bkgd_subtraction.pdf has been created
Info in <TCanvas::Print>: pdf file unfold_output/plot_step3_smearing_matrix.pdf has been created
[DIAGDUMP] column-normalised response diagonal: 0.869 0.827 0.777 0.763 0.828
Info in <TCanvas::Print>: pdf file unfold_output/plot_step4_efficiency.pdf has been created
