
Running Unfolder.C with options:
	XSEC_Config: configs/ccpi_xsec_config_numi_pmu_fhc5.txt
	SLICE_Config: configs/ccpi_pmu_slice_config_opt.txt
	OutputDirectory: /data/uboone/processed/
	OutputFileName: xsec_FHC5_pmu.root


Loading default file properties from /home/t2k/nowak/MicroBooNE/working_xsec_analyzer/xsec_analyzer/configs/file_properties.txt
Loading file properties from configs/file_properties_numi_fhc5.txt
CrossSectionExtracter initialised with options:
	xsec_extract_tconfig_file_name: configs/ccpi_xsec_config_numi_pmu_fhc5.txt
	syst_config_file_name: configs/ccpi_systcalc_numi.conf
	file_properties_config: configs/file_properties_numi_fhc5.txt
	unfolding_tech: WienerSVD
		Option: Second Derivative
	univ_file_name: /data/uboone/processed/ccpi_FHC5_pmu_univmake.root
	Predictions - 
		 0 - Prediction uBTune "MicroBooNE Tune" univ CV
		 1 - Prediction FakeData "Fakedata" univ FakeData
		 2 - Prediction GENIE "GENIE" file /home/t2k/nowak/MicroBooNE/working_xsec_analyzer/generator_predictions/gen2d/genie_ext_fhc_fte.root pmu6_fte
		 3 - Prediction GiBUU "GiBUU" file /home/t2k/nowak/MicroBooNE/working_xsec_analyzer/generator_predictions/gen2d/gibuu_ext_fhc_fte.root pmu6_fte
		 4 - Prediction NEUT "NEUT" file /home/t2k/nowak/MicroBooNE/working_xsec_analyzer/generator_predictions/gen2d/neut_ext_fhc_fte.root pmu6_fte
		 5 - Prediction NuWro "NuWro" file /home/t2k/nowak/MicroBooNE/working_xsec_analyzer/generator_predictions/gen2d/nuwro_ext_fhc_fte.root pmu6_fte


We do get in here but something goes wrong 
respmat_tdirectoryfile_name given to SystematicsCalculator is empty. Using default: ccpi_CC1mu1piXp_pmu_1D

Initialising SystematicsCalculator with options:
	syst_config_file_name_: configs/ccpi_systcalc_numi.conf
	universe_file_name: /data/uboone/processed/ccpi_FHC5_pmu_univmake.root
	fpm_config_file: configs+file_properties_numi_fhc5.txt
	tdf_name: ccpi_CC1mu1piXp_pmu_1D


Reusing cached universes "total_configs+file_properties_numi_fhc5.txt" (normalisation key v5-fakedata-truth-unweighted-51fe5554df3edefe).
******* USING FAKE DATA *******
using_fake_data = 1

Initialising SliceBinning object
	config_file_name: configs/ccpi_pmu_slice_config_opt.txt
	Number of variables used in slicing: 2
	Number of slices requested: 2

Slice Specifications ---------------- 

Slice Index: 0
	Active variable: p_{#mu}
	Number of bins: 6 - 
		Bin 1: 0.15  (GeV/c) ≤ p_{#mu} < 0.3  (GeV/c)
		Bin 2: 0.3  (GeV/c) ≤ p_{#mu} < 0.425  (GeV/c)
		Bin 3: 0.425  (GeV/c) ≤ p_{#mu} < 0.575  (GeV/c)
		Bin 4: 0.575  (GeV/c) ≤ p_{#mu} < 0.825  (GeV/c)
		Bin 5: 0.825  (GeV/c) ≤ p_{#mu} < 1.25  (GeV/c)
		Bin 6: 1.25  (GeV/c) ≤ p_{#mu} < 3  (GeV/c)
	Bin matching between slice TH1 and global TH1 - 
		Global bin 0 is matched to 1 in this slice
		Global bin 1 is matched to 2 in this slice
		Global bin 2 is matched to 3 in this slice
		Global bin 3 is matched to 4 in this slice
		Global bin 4 is matched to 5 in this slice
		Global bin 5 is matched to 6 in this slice

Slice Index: 1
	Active variable: bin number
	Number of bins: 6 - 
		Bin 1: 0  ≤ bin number < 1 
		Bin 2: 1  ≤ bin number < 2 
		Bin 3: 2  ≤ bin number < 3 
		Bin 4: 3  ≤ bin number < 4 
		Bin 5: 4  ≤ bin number < 5 
		Bin 6: 5  ≤ bin number < 6 
	Bin matching between slice TH1 and global TH1 - 
		Global bin 0 is matched to 1 in this slice
		Global bin 1 is matched to 2 in this slice
		Global bin 2 is matched to 3 in this slice
		Global bin 3 is matched to 4 in this slice
		Global bin 4 is matched to 5 in this slice
		Global bin 5 is matched to 6 in this slice
[REGWIDTH] supplied 6 true-bin widths to the regularisation matrix
Get covariances statement 1 works
This is the name fluxThis is the type FluxRW
Get covariances statement 8 works
This is the name reintThis is the type RW
Get covariances statement 8 works
This is the name xsec_multiThis is the type RW
Get covariances statement 8 works
This is the name xsec_AxFFCCQEshapeThis is the type RW
Get covariances statement 8 works
This is the name xsec_DecayAngMECThis is the type RW
Get covariances statement 8 works
This is the name xsec_NormCCCOHThis is the type RW
Get covariances statement 8 works
This is the name xsec_NormNCCOHThis is the type RW
Get covariances statement 8 works
This is the name xsec_RPA_CCQEThis is the type RW
Get covariances statement 8 works
This is the name xsec_ThetaDelta2NRadThis is the type RW
Get covariances statement 8 works
This is the name xsec_Theta_Delta2NpiThis is the type RW
Get covariances statement 8 works
This is the name xsec_VecFFCCQEshapeThis is the type RW
Get covariances statement 8 works
This is the name xsec_XSecShape_CCMECThis is the type RW
Get covariances statement 8 works
This is the name xsec_xsr_scc_Fa3_SCCThis is the type RW
Get covariances statement 8 works
This is the name xsec_xsr_scc_Fv3_SCCThis is the type RW
Get covariances statement 8 works
This is the name detVarLYdownThis is the type DV
Get covariances statement 7 works
This is the name detVarLYraylThis is the type DV
Get covariances statement 7 works
This is the name detVarRecomb2This is the type DV
Get covariances statement 7 works
This is the name detVarSCEThis is the type DV
Get covariances statement 7 works
This is the name detVarWMAngleXZThis is the type DV
Get covariances statement 7 works
This is the name detVarWMAngleYZThis is the type DV
Get covariances statement 7 works
This is the name detVarWMXThis is the type DV
Get covariances statement 7 works
This is the name detVarWMYZThis is the type DV
Get covariances statement 7 works
This is the name POTThis is the type MCFullCorr
Get covariances statement 5 works
This is the name numTargetsThis is the type MCFullCorr
Get covariances statement 5 works
This is the name MCstatsThis is the type MCstat
Get covariances statement 3 works
This is the name EXTstatsThis is the type EXTstat
Get covariances statement 4 works
This is the name BNBstatsThis is the type BNBstat
Get covariances statement 4 works
This is the name xsec_unisimThis is the type sum
Get covariances statement 2 works
This is the name xsec_totalThis is the type sum
Get covariances statement 2 works
This is the name flux_totalThis is the type sum
Get covariances statement 2 works
This is the name detVar_totalThis is the type sum
Get covariances statement 2 works
This is the name DataStatsThis is the type sum
Get covariances statement 2 works
This is the name SimulationStatsThis is the type sum
Get covariances statement 2 works
This is the name PredTotalThis is the type sum
Get covariances statement 2 works
This is the name totalThis is the type sum
Get covariances statement 2 works
Get covariances statement 11 works

Starting the unfolding -----------------
Get covariances statement 1 works
This is the name fluxThis is the type FluxRW
Get covariances statement 8 works
This is the name reintThis is the type RW
Get covariances statement 8 works
This is the name xsec_multiThis is the type RW
Get covariances statement 8 works
This is the name xsec_AxFFCCQEshapeThis is the type RW
Get covariances statement 8 works
This is the name xsec_DecayAngMECThis is the type RW
Get covariances statement 8 works
This is the name xsec_NormCCCOHThis is the type RW
Get covariances statement 8 works
This is the name xsec_NormNCCOHThis is the type RW
Get covariances statement 8 works
This is the name xsec_RPA_CCQEThis is the type RW
Get covariances statement 8 works
This is the name xsec_ThetaDelta2NRadThis is the type RW
Get covariances statement 8 works
This is the name xsec_Theta_Delta2NpiThis is the type RW
Get covariances statement 8 works
This is the name xsec_VecFFCCQEshapeThis is the type RW
Get covariances statement 8 works
This is the name xsec_XSecShape_CCMECThis is the type RW
Get covariances statement 8 works
This is the name xsec_xsr_scc_Fa3_SCCThis is the type RW
Get covariances statement 8 works
This is the name xsec_xsr_scc_Fv3_SCCThis is the type RW
Get covariances statement 8 works
This is the name detVarLYdownThis is the type DV
Get covariances statement 7 works
This is the name detVarLYraylThis is the type DV
Get covariances statement 7 works
This is the name detVarRecomb2This is the type DV
Get covariances statement 7 works
This is the name detVarSCEThis is the type DV
Get covariances statement 7 works
This is the name detVarWMAngleXZThis is the type DV
Get covariances statement 7 works
This is the name detVarWMAngleYZThis is the type DV
Get covariances statement 7 works
This is the name detVarWMXThis is the type DV
Get covariances statement 7 works
This is the name detVarWMYZThis is the type DV
Get covariances statement 7 works
This is the name POTThis is the type MCFullCorr
Get covariances statement 5 works
This is the name numTargetsThis is the type MCFullCorr
Get covariances statement 5 works
This is the name MCstatsThis is the type MCstat
Get covariances statement 3 works
This is the name EXTstatsThis is the type EXTstat
Get covariances statement 4 works
This is the name BNBstatsThis is the type BNBstat
Get covariances statement 4 works
This is the name xsec_unisimThis is the type sum
Get covariances statement 2 works
This is the name xsec_totalThis is the type sum
Get covariances statement 2 works
This is the name flux_totalThis is the type sum
Get covariances statement 2 works
This is the name detVar_totalThis is the type sum
Get covariances statement 2 works
This is the name DataStatsThis is the type sum
Get covariances statement 2 works
This is the name SimulationStatsThis is the type sum
Get covariances statement 2 works
This is the name PredTotalThis is the type sum
Get covariances statement 2 works
This is the name totalThis is the type sum
Get covariances statement 2 works
Get covariances statement 11 works
Unfolding completed -----------------

Post-processing covariance matrices..
Creating Norm/Shape covariance matrices for 1 blocks(s)
	- Creating Norm/shape decomposition for block: 0
BNBstats: 0.000110859
DataStats: 0.000110859
EXTstats: 1.70955e-06
MCstats: 1.07871e-05
POT: 1.46538e-05
PredTotal: 0.00178532
SimulationStats: 1.24967e-05
detVarLYdown: 1.76659e-06
detVarLYrayl: 1.20634e-08
detVarRecomb2: 0.0002494
detVarSCE: 6.52703e-06
detVarWMAngleXZ: 1.62328e-06
detVarWMAngleYZ: 4.31792e-05
detVarWMX: 4.51009e-05
detVarWMYZ: 9.86372e-05
detVar_total: 0.000446247
flux: 0.00109036
flux_total: 0.00109036
numTargets: 3.66345e-06
reint: 2.15836e-05
total: 0.00189618
total_blockwise_mixed: 0.000449777
total_blockwise_norm: 0.001271
total_blockwise_shape: 0.000175409
xsec_AxFFCCQEshape: 5.91474e-07
xsec_DecayAngMEC: 4.34483e-07
xsec_NormCCCOH: 2.1879e-06
xsec_NormNCCOH: 8.64037e-07
xsec_RPA_CCQE: 1.55341e-06
xsec_ThetaDelta2NRad: 8.64037e-07
xsec_Theta_Delta2Npi: 4.56174e-05
xsec_VecFFCCQEshape: 4.59986e-07
xsec_XSecShape_CCMEC: 2.25581e-05
xsec_multi: 0.000117036
xsec_total: 0.000196322
xsec_unisim: 7.51308e-05
xsec_xsr_scc_Fa3_SCC: 2.12751e-06
xsec_xsr_scc_Fv3_SCC: 2.02783e-06
[IDENTITY] bins 6  max|U*R - A_C| 4.044e-08  rms 7.570e-09  max|A_C| 7.349e-01  relative 5.502e-08
Key: Fakedata
Key: GENIE
Key: GiBUU
Key: MicroBooNETune
Key: NEUT
Key: NuWro
[SYSTDUMP] sigma_int 8.144e-01
[SYSTDUMP] BNBstats 1.214e+01
[SYSTDUMP] DataStats 1.214e+01
[SYSTDUMP] EXTstats 1.115e+00
[SYSTDUMP] MCstats 3.791e+00
[SYSTDUMP] POT 3.382e+00
[SYSTDUMP] PredTotal 3.929e+01
[SYSTDUMP] SimulationStats 3.969e+00
[SYSTDUMP] detVarLYdown 1.345e+00
[SYSTDUMP] detVarLYrayl 1.544e+00
[SYSTDUMP] detVarRecomb2 1.155e+01
[SYSTDUMP] detVarSCE 6.673e+00
[SYSTDUMP] detVarWMAngleXZ 2.446e+00
[SYSTDUMP] detVarWMAngleYZ 5.665e+00
[SYSTDUMP] detVarWMX 8.860e+00
[SYSTDUMP] detVarWMYZ 1.057e+01
[SYSTDUMP] detVar_total 2.119e+01
[SYSTDUMP] flux 3.001e+01
[SYSTDUMP] flux_total 3.001e+01
[SYSTDUMP] numTargets 1.691e+00
[SYSTDUMP] reint 4.248e+00
[SYSTDUMP] total 4.118e+01
[SYSTDUMP] total_blockwise_mixed 1.652e+01
[SYSTDUMP] total_blockwise_norm 3.610e+01
[SYSTDUMP] total_blockwise_shape 1.479e+01
[SYSTDUMP] xsec_AxFFCCQEshape 7.213e-01
[SYSTDUMP] xsec_DecayAngMEC 6.905e-01
[SYSTDUMP] xsec_NormCCCOH 1.318e+00
[SYSTDUMP] xsec_NormNCCOH 8.292e-01
[SYSTDUMP] xsec_RPA_CCQE 1.394e+00
[SYSTDUMP] xsec_ThetaDelta2NRad 8.292e-01
[SYSTDUMP] xsec_Theta_Delta2Npi 5.725e+00
[SYSTDUMP] xsec_VecFFCCQEshape 7.319e-01
[SYSTDUMP] xsec_XSecShape_CCMEC 3.701e+00
[SYSTDUMP] xsec_multi 9.067e+00
[SYSTDUMP] xsec_total 1.187e+01
[SYSTDUMP] xsec_unisim 7.345e+00
[SYSTDUMP] xsec_xsr_scc_Fa3_SCC 1.493e+00
[SYSTDUMP] xsec_xsr_scc_Fv3_SCC 1.461e+00
[closure-dump] wrote /data/uboone/processed/closure_hists_xsec_FHC5_pmu.root

GENIE: χ² = 2.731e+00/6 bins, p-value = 8.418e-01
GiBUU: χ² = 1.471e+00/6 bins, p-value = 9.614e-01
MicroBooNE Tune: χ² = 1.517e+00/6 bins, p-value = 9.584e-01
NEUT: χ² = 2.647e+00/6 bins, p-value = 8.516e-01
NuWro: χ² = 1.414e+00/6 bins, p-value = 9.650e-01
truth: χ² = 8.231e-01/6 bins, p-value = 9.914e-01
Bin: 1, Val = 6.584e-01, Unc = 2.903e-01
Bin: 2, Val = 6.466e-01, Unc = 2.687e-01
Bin: 3, Val = 6.128e-01, Unc = 2.498e-01
Bin: 4, Val = 5.197e-01, Unc = 2.245e-01
Bin: 5, Val = 3.959e-01, Unc = 1.847e-01
Bin: 6, Val = 1.398e-01, Unc = 4.308e-02
Info in <TCanvas::Print>: pdf file unfold_output/plot_pmu_0.pdf has been created
Key: Fakedata
Key: GENIE
Key: GiBUU
Key: MicroBooNETune
Key: NEUT
Key: NuWro

GENIE: χ² = 2.731e+00/6 bins, p-value = 8.418e-01
GiBUU: χ² = 1.471e+00/6 bins, p-value = 9.614e-01
MicroBooNE Tune: χ² = 1.517e+00/6 bins, p-value = 9.584e-01
NEUT: χ² = 2.647e+00/6 bins, p-value = 8.516e-01
NuWro: χ² = 1.414e+00/6 bins, p-value = 9.650e-01
truth: χ² = 8.231e-01/6 bins, p-value = 9.914e-01
Bin: 1, Val = 9.876e-02, Unc = 4.355e-02
Bin: 2, Val = 8.082e-02, Unc = 3.358e-02
Bin: 3, Val = 9.192e-02, Unc = 3.747e-02
Bin: 4, Val = 1.299e-01, Unc = 5.613e-02
Bin: 5, Val = 1.683e-01, Unc = 7.848e-02
Bin: 6, Val = 2.447e-01, Unc = 7.539e-02
Info in <TCanvas::Print>: pdf file unfold_output/plot_binnumber_1.pdf has been created
Error in <TROOT::WriteTObject>: The current directory (RootApp) is not associated with a file. The object (h_A_C) has not been written.
Info in <TCanvas::Print>: pdf file unfold_output/plot_regularization_matrix.pdf has been created
Get covariances statement 1 works
This is the name fluxThis is the type FluxRW
Get covariances statement 8 works
This is the name reintThis is the type RW
Get covariances statement 8 works
This is the name xsec_multiThis is the type RW
Get covariances statement 8 works
This is the name xsec_AxFFCCQEshapeThis is the type RW
Get covariances statement 8 works
This is the name xsec_DecayAngMECThis is the type RW
Get covariances statement 8 works
This is the name xsec_NormCCCOHThis is the type RW
Get covariances statement 8 works
This is the name xsec_NormNCCOHThis is the type RW
Get covariances statement 8 works
This is the name xsec_RPA_CCQEThis is the type RW
Get covariances statement 8 works
This is the name xsec_ThetaDelta2NRadThis is the type RW
Get covariances statement 8 works
This is the name xsec_Theta_Delta2NpiThis is the type RW
Get covariances statement 8 works
This is the name xsec_VecFFCCQEshapeThis is the type RW
Get covariances statement 8 works
This is the name xsec_XSecShape_CCMECThis is the type RW
Get covariances statement 8 works
This is the name xsec_xsr_scc_Fa3_SCCThis is the type RW
Get covariances statement 8 works
This is the name xsec_xsr_scc_Fv3_SCCThis is the type RW
Get covariances statement 8 works
This is the name detVarLYdownThis is the type DV
Get covariances statement 7 works
This is the name detVarLYraylThis is the type DV
Get covariances statement 7 works
This is the name detVarRecomb2This is the type DV
Get covariances statement 7 works
This is the name detVarSCEThis is the type DV
Get covariances statement 7 works
This is the name detVarWMAngleXZThis is the type DV
Get covariances statement 7 works
This is the name detVarWMAngleYZThis is the type DV
Get covariances statement 7 works
This is the name detVarWMXThis is the type DV
Get covariances statement 7 works
This is the name detVarWMYZThis is the type DV
Get covariances statement 7 works
This is the name POTThis is the type MCFullCorr
Get covariances statement 5 works
This is the name numTargetsThis is the type MCFullCorr
Get covariances statement 5 works
This is the name MCstatsThis is the type MCstat
Get covariances statement 3 works
This is the name EXTstatsThis is the type EXTstat
Get covariances statement 4 works
This is the name BNBstatsThis is the type BNBstat
Get covariances statement 4 works
This is the name xsec_unisimThis is the type sum
Get covariances statement 2 works
This is the name xsec_totalThis is the type sum
Get covariances statement 2 works
This is the name flux_totalThis is the type sum
Get covariances statement 2 works
This is the name detVar_totalThis is the type sum
Get covariances statement 2 works
This is the name DataStatsThis is the type sum
Get covariances statement 2 works
This is the name SimulationStatsThis is the type sum
Get covariances statement 2 works
This is the name PredTotalThis is the type sum
Get covariances statement 2 works
This is the name totalThis is the type sum
Get covariances statement 2 works
Get covariances statement 11 works
Info in <TCanvas::Print>: pdf file unfold_output/plot_step1_reco_spectrum.pdf has been created
Info in <TCanvas::Print>: pdf file unfold_output/plot_step2_bkgd_subtraction.pdf has been created
Info in <TCanvas::Print>: pdf file unfold_output/plot_step3_smearing_matrix.pdf has been created
[DIAGDUMP] column-normalised response diagonal: 0.748 0.644 0.579 0.590 0.579 0.567
Info in <TCanvas::Print>: pdf file unfold_output/plot_step4_efficiency.pdf has been created
